Archive member included to satisfy reference by file (symbol)

../../../../../..//binary/armv7a/gcc/am335x/drivers/Debug/libdrivers.a(dmtimer.o)
                              Debug/dmtimerCounter.o (DMTimerEnable)
../../../../../..//binary/armv7a/gcc/utils/Debug/libutils.a(consoleUtils.o)
                              Debug/dmtimerCounter.o (ConsoleUtilsInit)
../../../../../..//binary/armv7a/gcc/utils/Debug/libutils.a(uartStdio.o)
                              ../../../../../..//binary/armv7a/gcc/utils/Debug/libutils.a(consoleUtils.o) (UARTStdioInit)
../../../../../..//binary/armv7a/gcc/utils/Debug/libutils.a(ascii.o)
                              ../../../../../..//binary/armv7a/gcc/utils/Debug/libutils.a(uartStdio.o) (ASCIIToDigit)
../../../../../..//binary/armv7a/gcc/am335x/beaglebone/platform/Debug/libplatform.a(dmtimer.o)
                              Debug/dmtimerCounter.o (DMTimer2ModuleClkConfig)
../../../../../..//binary/armv7a/gcc/am335x/beaglebone/platform/Debug/libplatform.a(uartConsole.o)
                              ../../../../../..//binary/armv7a/gcc/utils/Debug/libutils.a(uartStdio.o) (UARTConsoleInit)
../../../../../..//binary/armv7a/gcc/am335x/beaglebone/platform/Debug/libplatform.a(uart.o)
                              ../../../../../..//binary/armv7a/gcc/am335x/beaglebone/platform/Debug/libplatform.a(uartConsole.o) (UARTPinMuxSetup)
../../../../../..//binary/armv7a/gcc/am335x/system_config/Debug/libsystem_config.a(init.o)
                              (Entry)
../../../../../..//binary/armv7a/gcc/am335x/system_config/Debug/libsystem_config.a(interrupt.o)
                              Debug/dmtimerCounter.o (IntRegister)
../../../../../..//binary/armv7a/gcc/am335x/system_config/Debug/libsystem_config.a(startup.o)
                              ../../../../../..//binary/armv7a/gcc/am335x/system_config/Debug/libsystem_config.a(init.o) (start_boot)
../../../../../..//binary/armv7a/gcc/am335x/system_config/Debug/libsystem_config.a(cp15.o)
                              ../../../../../..//binary/armv7a/gcc/am335x/system_config/Debug/libsystem_config.a(startup.o) (CP15VectorBaseAddrSet)
../../../../../..//binary/armv7a/gcc/am335x/system_config/Debug/libsystem_config.a(cpu.o)
                              ../../../../../..//binary/armv7a/gcc/am335x/system_config/Debug/libsystem_config.a(interrupt.o) (CPUIntStatus)
../../../../../..//binary/armv7a/gcc/am335x/system_config/Debug/libsystem_config.a(exceptionhandler.o)
                              ../../../../../..//binary/armv7a/gcc/am335x/system_config/Debug/libsystem_config.a(startup.o) (IRQHandler)
/home/robertcabral/Dropbox/UFC/Monitoria/compilador/gcc-arm-none-eabi-6-2017-q1-update/lib/gcc/arm-none-eabi/6.3.1/libgcc.a(_udivsi3.o)
                              (__aeabi_uidiv)
/home/robertcabral/Dropbox/UFC/Monitoria/compilador/gcc-arm-none-eabi-6-2017-q1-update/lib/gcc/arm-none-eabi/6.3.1/libgcc.a(_divsi3.o)
                              (__aeabi_idiv)
/home/robertcabral/Dropbox/UFC/Monitoria/compilador/gcc-arm-none-eabi-6-2017-q1-update/lib/gcc/arm-none-eabi/6.3.1/libgcc.a(_dvmd_tls.o)
                              /home/robertcabral/Dropbox/UFC/Monitoria/compilador/gcc-arm-none-eabi-6-2017-q1-update/lib/gcc/arm-none-eabi/6.3.1/libgcc.a(_udivsi3.o) (__aeabi_idiv0)
../../../../../..//binary/armv7a/gcc/am335x/drivers/Debug/libdrivers.a(uart_irda_cir.o)
                              ../../../../../..//binary/armv7a/gcc/am335x/beaglebone/platform/Debug/libplatform.a(uartConsole.o) (UARTOperatingModeSelect)

Allocating common symbols
Common symbol       size              file

fnRAMVectors        0x200             ../../../../../..//binary/armv7a/gcc/am335x/system_config/Debug/libsystem_config.a(interrupt.o)

Discarded input sections

 .text          0x0000000000000000        0x0 Debug/dmtimerCounter.o
 .data          0x0000000000000000        0x0 Debug/dmtimerCounter.o
 .bss           0x0000000000000000        0x0 Debug/dmtimerCounter.o
 .text          0x0000000000000000        0x0 ../../../../../..//binary/armv7a/gcc/am335x/drivers/Debug/libdrivers.a(dmtimer.o)
 .data          0x0000000000000000        0x0 ../../../../../..//binary/armv7a/gcc/am335x/drivers/Debug/libdrivers.a(dmtimer.o)
 .bss           0x0000000000000000        0x0 ../../../../../..//binary/armv7a/gcc/am335x/drivers/Debug/libdrivers.a(dmtimer.o)
 .text.DMTimerPreScalerClkEnable
                0x0000000000000000       0xd8 ../../../../../..//binary/armv7a/gcc/am335x/drivers/Debug/libdrivers.a(dmtimer.o)
 .text.DMTimerPreScalerClkDisable
                0x0000000000000000       0x74 ../../../../../..//binary/armv7a/gcc/am335x/drivers/Debug/libdrivers.a(dmtimer.o)
 .text.DMTimerCounterGet
                0x0000000000000000       0x64 ../../../../../..//binary/armv7a/gcc/am335x/drivers/Debug/libdrivers.a(dmtimer.o)
 .text.DMTimerReloadGet
                0x0000000000000000       0x2c ../../../../../..//binary/armv7a/gcc/am335x/drivers/Debug/libdrivers.a(dmtimer.o)
 .text.DMTimerGPOConfigure
                0x0000000000000000       0xd8 ../../../../../..//binary/armv7a/gcc/am335x/drivers/Debug/libdrivers.a(dmtimer.o)
 .text.DMTimerCompareSet
                0x0000000000000000       0x70 ../../../../../..//binary/armv7a/gcc/am335x/drivers/Debug/libdrivers.a(dmtimer.o)
 .text.DMTimerCompareGet
                0x0000000000000000       0x2c ../../../../../..//binary/armv7a/gcc/am335x/drivers/Debug/libdrivers.a(dmtimer.o)
 .text.DMTimerIntRawStatusSet
                0x0000000000000000       0x3c ../../../../../..//binary/armv7a/gcc/am335x/drivers/Debug/libdrivers.a(dmtimer.o)
 .text.DMTimerIntRawStatusGet
                0x0000000000000000       0x2c ../../../../../..//binary/armv7a/gcc/am335x/drivers/Debug/libdrivers.a(dmtimer.o)
 .text.DMTimerIntStatusGet
                0x0000000000000000       0x2c ../../../../../..//binary/armv7a/gcc/am335x/drivers/Debug/libdrivers.a(dmtimer.o)
 .text.DMTimerTriggerSet
                0x0000000000000000       0x6c ../../../../../..//binary/armv7a/gcc/am335x/drivers/Debug/libdrivers.a(dmtimer.o)
 .text.DMTimerIntEnableGet
                0x0000000000000000       0x2c ../../../../../..//binary/armv7a/gcc/am335x/drivers/Debug/libdrivers.a(dmtimer.o)
 .text.DMTimerResetConfigure
                0x0000000000000000       0x64 ../../../../../..//binary/armv7a/gcc/am335x/drivers/Debug/libdrivers.a(dmtimer.o)
 .text.DMTimerContextSave
                0x0000000000000000       0xc0 ../../../../../..//binary/armv7a/gcc/am335x/drivers/Debug/libdrivers.a(dmtimer.o)
 .text.DMTimerContextRestore
                0x0000000000000000      0x188 ../../../../../..//binary/armv7a/gcc/am335x/drivers/Debug/libdrivers.a(dmtimer.o)
 .text.DMTimerPostedModeConfig
                0x0000000000000000       0x64 ../../../../../..//binary/armv7a/gcc/am335x/drivers/Debug/libdrivers.a(dmtimer.o)
 .text          0x0000000000000000        0x0 ../../../../../..//binary/armv7a/gcc/utils/Debug/libutils.a(consoleUtils.o)
 .data          0x0000000000000000        0x0 ../../../../../..//binary/armv7a/gcc/utils/Debug/libutils.a(consoleUtils.o)
 .bss           0x0000000000000000        0x0 ../../../../../..//binary/armv7a/gcc/utils/Debug/libutils.a(consoleUtils.o)
 .text.ConsoleUtilsScanf
                0x0000000000000000       0x80 ../../../../../..//binary/armv7a/gcc/utils/Debug/libutils.a(consoleUtils.o)
 .text.ConsoleUtilsGets
                0x0000000000000000       0x74 ../../../../../..//binary/armv7a/gcc/utils/Debug/libutils.a(consoleUtils.o)
 .text.ConsoleUtilsPuts
                0x0000000000000000       0x64 ../../../../../..//binary/armv7a/gcc/utils/Debug/libutils.a(consoleUtils.o)
 .text.ConsoleUtilsGetChar
                0x0000000000000000       0xa8 ../../../../../..//binary/armv7a/gcc/utils/Debug/libutils.a(consoleUtils.o)
 .text.ConsoleUtilsPutChar
                0x0000000000000000       0x64 ../../../../../..//binary/armv7a/gcc/utils/Debug/libutils.a(consoleUtils.o)
 .text          0x0000000000000000        0x0 ../../../../../..//binary/armv7a/gcc/utils/Debug/libutils.a(uartStdio.o)
 .data          0x0000000000000000        0x0 ../../../../../..//binary/armv7a/gcc/utils/Debug/libutils.a(uartStdio.o)
 .bss           0x0000000000000000        0x0 ../../../../../..//binary/armv7a/gcc/utils/Debug/libutils.a(uartStdio.o)
 .rodata.g_pcHex
                0x0000000000000000        0x4 ../../../../../..//binary/armv7a/gcc/utils/Debug/libutils.a(uartStdio.o)
 .text.UARTStdioRead
                0x0000000000000000       0xd0 ../../../../../..//binary/armv7a/gcc/utils/Debug/libutils.a(uartStdio.o)
 .text.UARTGets
                0x0000000000000000       0xd8 ../../../../../..//binary/armv7a/gcc/utils/Debug/libutils.a(uartStdio.o)
 .text.UARTPutNum
                0x0000000000000000      0x150 ../../../../../..//binary/armv7a/gcc/utils/Debug/libutils.a(uartStdio.o)
 .text.UARTPutHexNum
                0x0000000000000000      0x178 ../../../../../..//binary/armv7a/gcc/utils/Debug/libutils.a(uartStdio.o)
 .text.UARTGetNum
                0x0000000000000000      0x100 ../../../../../..//binary/armv7a/gcc/utils/Debug/libutils.a(uartStdio.o)
 .text.UARTGetHexNum
                0x0000000000000000      0x2ec ../../../../../..//binary/armv7a/gcc/utils/Debug/libutils.a(uartStdio.o)
 .text.UARTGetc
                0x0000000000000000       0x20 ../../../../../..//binary/armv7a/gcc/utils/Debug/libutils.a(uartStdio.o)
 .text.UARTprintf
                0x0000000000000000      0x668 ../../../../../..//binary/armv7a/gcc/utils/Debug/libutils.a(uartStdio.o)
 .text.UARTScanf
                0x0000000000000000      0x9e4 ../../../../../..//binary/armv7a/gcc/utils/Debug/libutils.a(uartStdio.o)
 .text          0x0000000000000000        0x0 ../../../../../..//binary/armv7a/gcc/utils/Debug/libutils.a(ascii.o)
 .data          0x0000000000000000        0x0 ../../../../../..//binary/armv7a/gcc/utils/Debug/libutils.a(ascii.o)
 .bss           0x0000000000000000        0x0 ../../../../../..//binary/armv7a/gcc/utils/Debug/libutils.a(ascii.o)
 .text.ASCIIToDigit
                0x0000000000000000       0xe8 ../../../../../..//binary/armv7a/gcc/utils/Debug/libutils.a(ascii.o)
 .text.DigitToASCII
                0x0000000000000000       0xb8 ../../../../../..//binary/armv7a/gcc/utils/Debug/libutils.a(ascii.o)
 .text.StrToEthrAddr
                0x0000000000000000      0x184 ../../../../../..//binary/armv7a/gcc/utils/Debug/libutils.a(ascii.o)
 .text.EthrAddrToStr
                0x0000000000000000      0x180 ../../../../../..//binary/armv7a/gcc/utils/Debug/libutils.a(ascii.o)
 .text.TimeToStr
                0x0000000000000000      0x18c ../../../../../..//binary/armv7a/gcc/utils/Debug/libutils.a(ascii.o)
 .text.DateToStr
                0x0000000000000000      0x18c ../../../../../..//binary/armv7a/gcc/utils/Debug/libutils.a(ascii.o)
 .debug_info    0x0000000000000000      0x2b4 ../../../../../..//binary/armv7a/gcc/utils/Debug/libutils.a(ascii.o)
 .debug_abbrev  0x0000000000000000       0xdb ../../../../../..//binary/armv7a/gcc/utils/Debug/libutils.a(ascii.o)
 .debug_aranges
                0x0000000000000000       0x48 ../../../../../..//binary/armv7a/gcc/utils/Debug/libutils.a(ascii.o)
 .debug_ranges  0x0000000000000000       0x38 ../../../../../..//binary/armv7a/gcc/utils/Debug/libutils.a(ascii.o)
 .debug_line    0x0000000000000000      0x1c1 ../../../../../..//binary/armv7a/gcc/utils/Debug/libutils.a(ascii.o)
 .debug_str     0x0000000000000000      0x219 ../../../../../..//binary/armv7a/gcc/utils/Debug/libutils.a(ascii.o)
 .comment       0x0000000000000000       0x7f ../../../../../..//binary/armv7a/gcc/utils/Debug/libutils.a(ascii.o)
 .debug_frame   0x0000000000000000       0xd0 ../../../../../..//binary/armv7a/gcc/utils/Debug/libutils.a(ascii.o)
 .ARM.attributes
                0x0000000000000000       0x37 ../../../../../..//binary/armv7a/gcc/utils/Debug/libutils.a(ascii.o)
 .text          0x0000000000000000        0x0 ../../../../../..//binary/armv7a/gcc/am335x/beaglebone/platform/Debug/libplatform.a(dmtimer.o)
 .data          0x0000000000000000        0x0 ../../../../../..//binary/armv7a/gcc/am335x/beaglebone/platform/Debug/libplatform.a(dmtimer.o)
 .bss           0x0000000000000000        0x0 ../../../../../..//binary/armv7a/gcc/am335x/beaglebone/platform/Debug/libplatform.a(dmtimer.o)
 .text.DMTimer3ModuleClkConfig
                0x0000000000000000      0x264 ../../../../../..//binary/armv7a/gcc/am335x/beaglebone/platform/Debug/libplatform.a(dmtimer.o)
 .text.DMTimer4ModuleClkConfig
                0x0000000000000000      0x26c ../../../../../..//binary/armv7a/gcc/am335x/beaglebone/platform/Debug/libplatform.a(dmtimer.o)
 .text.DMTimer6ModuleClkConfig
                0x0000000000000000       0xc8 ../../../../../..//binary/armv7a/gcc/am335x/beaglebone/platform/Debug/libplatform.a(dmtimer.o)
 .text.DMTimer7ModuleClkConfig
                0x0000000000000000      0x264 ../../../../../..//binary/armv7a/gcc/am335x/beaglebone/platform/Debug/libplatform.a(dmtimer.o)
 .text.DMTimer1msModuleClkConfig
                0x0000000000000000       0xdc ../../../../../..//binary/armv7a/gcc/am335x/beaglebone/platform/Debug/libplatform.a(dmtimer.o)
 .text          0x0000000000000000        0x0 ../../../../../..//binary/armv7a/gcc/am335x/beaglebone/platform/Debug/libplatform.a(uartConsole.o)
 .data          0x0000000000000000        0x0 ../../../../../..//binary/armv7a/gcc/am335x/beaglebone/platform/Debug/libplatform.a(uartConsole.o)
 .bss           0x0000000000000000        0x0 ../../../../../..//binary/armv7a/gcc/am335x/beaglebone/platform/Debug/libplatform.a(uartConsole.o)
 .text.UARTConsoleGetc
                0x0000000000000000       0x2c ../../../../../..//binary/armv7a/gcc/am335x/beaglebone/platform/Debug/libplatform.a(uartConsole.o)
 .text          0x0000000000000000        0x0 ../../../../../..//binary/armv7a/gcc/am335x/beaglebone/platform/Debug/libplatform.a(uart.o)
 .data          0x0000000000000000        0x0 ../../../../../..//binary/armv7a/gcc/am335x/beaglebone/platform/Debug/libplatform.a(uart.o)
 .bss           0x0000000000000000        0x0 ../../../../../..//binary/armv7a/gcc/am335x/beaglebone/platform/Debug/libplatform.a(uart.o)
 .data          0x0000000000000000        0x0 ../../../../../..//binary/armv7a/gcc/am335x/system_config/Debug/libsystem_config.a(init.o)
 .bss           0x0000000000000000        0x0 ../../../../../..//binary/armv7a/gcc/am335x/system_config/Debug/libsystem_config.a(init.o)
 .text          0x0000000000000000        0x0 ../../../../../..//binary/armv7a/gcc/am335x/system_config/Debug/libsystem_config.a(interrupt.o)
 .data          0x0000000000000000        0x0 ../../../../../..//binary/armv7a/gcc/am335x/system_config/Debug/libsystem_config.a(interrupt.o)
 .bss           0x0000000000000000        0x0 ../../../../../..//binary/armv7a/gcc/am335x/system_config/Debug/libsystem_config.a(interrupt.o)
 .text.IntUnRegister
                0x0000000000000000       0x38 ../../../../../..//binary/armv7a/gcc/am335x/system_config/Debug/libsystem_config.a(interrupt.o)
 .text.IntSystemDisable
                0x0000000000000000       0x54 ../../../../../..//binary/armv7a/gcc/am335x/system_config/Debug/libsystem_config.a(interrupt.o)
 .text.IntIfClkFreeRunSet
                0x0000000000000000       0x34 ../../../../../..//binary/armv7a/gcc/am335x/system_config/Debug/libsystem_config.a(interrupt.o)
 .text.IntIfClkAutoGateSet
                0x0000000000000000       0x34 ../../../../../..//binary/armv7a/gcc/am335x/system_config/Debug/libsystem_config.a(interrupt.o)
 .text.IntActiveIrqNumGet
                0x0000000000000000       0x28 ../../../../../..//binary/armv7a/gcc/am335x/system_config/Debug/libsystem_config.a(interrupt.o)
 .text.IntSpurIrqFlagGet
                0x0000000000000000       0x2c ../../../../../..//binary/armv7a/gcc/am335x/system_config/Debug/libsystem_config.a(interrupt.o)
 .text.IntProtectionEnable
                0x0000000000000000       0x28 ../../../../../..//binary/armv7a/gcc/am335x/system_config/Debug/libsystem_config.a(interrupt.o)
 .text.IntProtectionDisable
                0x0000000000000000       0x34 ../../../../../..//binary/armv7a/gcc/am335x/system_config/Debug/libsystem_config.a(interrupt.o)
 .text.IntSyncClkFreeRunSet
                0x0000000000000000       0x34 ../../../../../..//binary/armv7a/gcc/am335x/system_config/Debug/libsystem_config.a(interrupt.o)
 .text.IntSyncClkAutoGateSet
                0x0000000000000000       0x34 ../../../../../..//binary/armv7a/gcc/am335x/system_config/Debug/libsystem_config.a(interrupt.o)
 .text.IntFuncClkFreeRunSet
                0x0000000000000000       0x34 ../../../../../..//binary/armv7a/gcc/am335x/system_config/Debug/libsystem_config.a(interrupt.o)
 .text.IntFuncClkAutoGateSet
                0x0000000000000000       0x34 ../../../../../..//binary/armv7a/gcc/am335x/system_config/Debug/libsystem_config.a(interrupt.o)
 .text.IntCurrIrqPriorityGet
                0x0000000000000000       0x28 ../../../../../..//binary/armv7a/gcc/am335x/system_config/Debug/libsystem_config.a(interrupt.o)
 .text.IntPriorityThresholdGet
                0x0000000000000000       0x28 ../../../../../..//binary/armv7a/gcc/am335x/system_config/Debug/libsystem_config.a(interrupt.o)
 .text.IntPriorityThresholdSet
                0x0000000000000000       0x34 ../../../../../..//binary/armv7a/gcc/am335x/system_config/Debug/libsystem_config.a(interrupt.o)
 .text.IntRawStatusGet
                0x0000000000000000       0x5c ../../../../../..//binary/armv7a/gcc/am335x/system_config/Debug/libsystem_config.a(interrupt.o)
 .text.IntSoftwareIntSet
                0x0000000000000000       0x50 ../../../../../..//binary/armv7a/gcc/am335x/system_config/Debug/libsystem_config.a(interrupt.o)
 .text.IntSoftwareIntClear
                0x0000000000000000       0x50 ../../../../../..//binary/armv7a/gcc/am335x/system_config/Debug/libsystem_config.a(interrupt.o)
 .text.IntPendingIrqMaskedStatusGet
                0x0000000000000000       0x58 ../../../../../..//binary/armv7a/gcc/am335x/system_config/Debug/libsystem_config.a(interrupt.o)
 .text.IntMasterIRQDisable
                0x0000000000000000       0x1c ../../../../../..//binary/armv7a/gcc/am335x/system_config/Debug/libsystem_config.a(interrupt.o)
 .text.IntMasterFIQEnable
                0x0000000000000000       0x1c ../../../../../..//binary/armv7a/gcc/am335x/system_config/Debug/libsystem_config.a(interrupt.o)
 .text.IntMasterFIQDisable
                0x0000000000000000       0x1c ../../../../../..//binary/armv7a/gcc/am335x/system_config/Debug/libsystem_config.a(interrupt.o)
 .text.IntMasterStatusGet
                0x0000000000000000       0x20 ../../../../../..//binary/armv7a/gcc/am335x/system_config/Debug/libsystem_config.a(interrupt.o)
 .text.IntDisable
                0x0000000000000000       0x3c ../../../../../..//binary/armv7a/gcc/am335x/system_config/Debug/libsystem_config.a(interrupt.o)
 .text.IntEnable
                0x0000000000000000       0x38 ../../../../../..//binary/armv7a/gcc/am335x/system_config/Debug/libsystem_config.a(interrupt.o)
 .text          0x0000000000000000        0x0 ../../../../../..//binary/armv7a/gcc/am335x/system_config/Debug/libsystem_config.a(startup.o)
 .data          0x0000000000000000        0x0 ../../../../../..//binary/armv7a/gcc/am335x/system_config/Debug/libsystem_config.a(startup.o)
 .bss           0x0000000000000000        0x0 ../../../../../..//binary/armv7a/gcc/am335x/system_config/Debug/libsystem_config.a(startup.o)
 .rodata.AM335X_VECTOR_BASE
                0x0000000000000000        0x4 ../../../../../..//binary/armv7a/gcc/am335x/system_config/Debug/libsystem_config.a(startup.o)
 .data          0x0000000000000000        0x0 ../../../../../..//binary/armv7a/gcc/am335x/system_config/Debug/libsystem_config.a(cp15.o)
 .bss           0x0000000000000000        0x0 ../../../../../..//binary/armv7a/gcc/am335x/system_config/Debug/libsystem_config.a(cp15.o)
 .text          0x0000000000000000        0x0 ../../../../../..//binary/armv7a/gcc/am335x/system_config/Debug/libsystem_config.a(cpu.o)
 .data          0x0000000000000000        0x0 ../../../../../..//binary/armv7a/gcc/am335x/system_config/Debug/libsystem_config.a(cpu.o)
 .bss           0x0000000000000000        0x0 ../../../../../..//binary/armv7a/gcc/am335x/system_config/Debug/libsystem_config.a(cpu.o)
 .text.CPUSwitchToPrivilegedMode
                0x0000000000000000       0x1c ../../../../../..//binary/armv7a/gcc/am335x/system_config/Debug/libsystem_config.a(cpu.o)
 .text.CPUSwitchToUserMode
                0x0000000000000000       0x28 ../../../../../..//binary/armv7a/gcc/am335x/system_config/Debug/libsystem_config.a(cpu.o)
 .text.CPUAbortHandler
                0x0000000000000000       0x18 ../../../../../..//binary/armv7a/gcc/am335x/system_config/Debug/libsystem_config.a(cpu.o)
 .text.CPUIntStatus
                0x0000000000000000       0x2c ../../../../../..//binary/armv7a/gcc/am335x/system_config/Debug/libsystem_config.a(cpu.o)
 .text.CPUirqd  0x0000000000000000       0x28 ../../../../../..//binary/armv7a/gcc/am335x/system_config/Debug/libsystem_config.a(cpu.o)
 .text.CPUfiqd  0x0000000000000000       0x28 ../../../../../..//binary/armv7a/gcc/am335x/system_config/Debug/libsystem_config.a(cpu.o)
 .text.CPUfiqe  0x0000000000000000       0x28 ../../../../../..//binary/armv7a/gcc/am335x/system_config/Debug/libsystem_config.a(cpu.o)
 .data          0x0000000000000000        0x0 ../../../../../..//binary/armv7a/gcc/am335x/system_config/Debug/libsystem_config.a(exceptionhandler.o)
 .bss           0x0000000000000000        0x0 ../../../../../..//binary/armv7a/gcc/am335x/system_config/Debug/libsystem_config.a(exceptionhandler.o)
 .data          0x0000000000000000        0x0 /home/robertcabral/Dropbox/UFC/Monitoria/compilador/gcc-arm-none-eabi-6-2017-q1-update/lib/gcc/arm-none-eabi/6.3.1/libgcc.a(_udivsi3.o)
 .bss           0x0000000000000000        0x0 /home/robertcabral/Dropbox/UFC/Monitoria/compilador/gcc-arm-none-eabi-6-2017-q1-update/lib/gcc/arm-none-eabi/6.3.1/libgcc.a(_udivsi3.o)
 .data          0x0000000000000000        0x0 /home/robertcabral/Dropbox/UFC/Monitoria/compilador/gcc-arm-none-eabi-6-2017-q1-update/lib/gcc/arm-none-eabi/6.3.1/libgcc.a(_divsi3.o)
 .bss           0x0000000000000000        0x0 /home/robertcabral/Dropbox/UFC/Monitoria/compilador/gcc-arm-none-eabi-6-2017-q1-update/lib/gcc/arm-none-eabi/6.3.1/libgcc.a(_divsi3.o)
 .data          0x0000000000000000        0x0 /home/robertcabral/Dropbox/UFC/Monitoria/compilador/gcc-arm-none-eabi-6-2017-q1-update/lib/gcc/arm-none-eabi/6.3.1/libgcc.a(_dvmd_tls.o)
 .bss           0x0000000000000000        0x0 /home/robertcabral/Dropbox/UFC/Monitoria/compilador/gcc-arm-none-eabi-6-2017-q1-update/lib/gcc/arm-none-eabi/6.3.1/libgcc.a(_dvmd_tls.o)
 .text          0x0000000000000000        0x0 ../../../../../..//binary/armv7a/gcc/am335x/drivers/Debug/libdrivers.a(uart_irda_cir.o)
 .data          0x0000000000000000        0x0 ../../../../../..//binary/armv7a/gcc/am335x/drivers/Debug/libdrivers.a(uart_irda_cir.o)
 .bss           0x0000000000000000        0x0 ../../../../../..//binary/armv7a/gcc/am335x/drivers/Debug/libdrivers.a(uart_irda_cir.o)
 .text.UARTDivisorLatchEnable
                0x0000000000000000       0x3c ../../../../../..//binary/armv7a/gcc/am335x/drivers/Debug/libdrivers.a(uart_irda_cir.o)
 .text.UARTRegConfModeRestore
                0x0000000000000000       0x38 ../../../../../..//binary/armv7a/gcc/am335x/drivers/Debug/libdrivers.a(uart_irda_cir.o)
 .text.UARTParityModeSet
                0x0000000000000000       0x64 ../../../../../..//binary/armv7a/gcc/am335x/drivers/Debug/libdrivers.a(uart_irda_cir.o)
 .text.UARTParityModeGet
                0x0000000000000000       0x30 ../../../../../..//binary/armv7a/gcc/am335x/drivers/Debug/libdrivers.a(uart_irda_cir.o)
 .text.UARTDMAEnable
                0x0000000000000000       0x84 ../../../../../..//binary/armv7a/gcc/am335x/drivers/Debug/libdrivers.a(uart_irda_cir.o)
 .text.UARTDMADisable
                0x0000000000000000       0x58 ../../../../../..//binary/armv7a/gcc/am335x/drivers/Debug/libdrivers.a(uart_irda_cir.o)
 .text.UARTSubConfigMSRSPRModeEn
                0x0000000000000000      0x12c ../../../../../..//binary/armv7a/gcc/am335x/drivers/Debug/libdrivers.a(uart_irda_cir.o)
 .text.UARTSubConfigXOFFModeEn
                0x0000000000000000      0x12c ../../../../../..//binary/armv7a/gcc/am335x/drivers/Debug/libdrivers.a(uart_irda_cir.o)
 .text.UARTIntEnable
                0x0000000000000000      0x13c ../../../../../..//binary/armv7a/gcc/am335x/drivers/Debug/libdrivers.a(uart_irda_cir.o)
 .text.UARTIntDisable
                0x0000000000000000      0x11c ../../../../../..//binary/armv7a/gcc/am335x/drivers/Debug/libdrivers.a(uart_irda_cir.o)
 .text.UARTSpaceAvail
                0x0000000000000000       0x7c ../../../../../..//binary/armv7a/gcc/am335x/drivers/Debug/libdrivers.a(uart_irda_cir.o)
 .text.UARTCharsAvail
                0x0000000000000000       0x7c ../../../../../..//binary/armv7a/gcc/am335x/drivers/Debug/libdrivers.a(uart_irda_cir.o)
 .text.UARTCharPutNonBlocking
                0x0000000000000000       0x90 ../../../../../..//binary/armv7a/gcc/am335x/drivers/Debug/libdrivers.a(uart_irda_cir.o)
 .text.UARTCharGetNonBlocking
                0x0000000000000000       0x80 ../../../../../..//binary/armv7a/gcc/am335x/drivers/Debug/libdrivers.a(uart_irda_cir.o)
 .text.UARTCharGet
                0x0000000000000000       0x84 ../../../../../..//binary/armv7a/gcc/am335x/drivers/Debug/libdrivers.a(uart_irda_cir.o)
 .text.UARTCharGetTimeout
                0x0000000000000000       0xb0 ../../../../../..//binary/armv7a/gcc/am335x/drivers/Debug/libdrivers.a(uart_irda_cir.o)
 .text.UARTFIFOCharPut
                0x0000000000000000       0x34 ../../../../../..//binary/armv7a/gcc/am335x/drivers/Debug/libdrivers.a(uart_irda_cir.o)
 .text.UARTFIFOCharGet
                0x0000000000000000       0x2c ../../../../../..//binary/armv7a/gcc/am335x/drivers/Debug/libdrivers.a(uart_irda_cir.o)
 .text.UARTFIFOWrite
                0x0000000000000000       0x74 ../../../../../..//binary/armv7a/gcc/am335x/drivers/Debug/libdrivers.a(uart_irda_cir.o)
 .text.UARTRxErrorGet
                0x0000000000000000       0x70 ../../../../../..//binary/armv7a/gcc/am335x/drivers/Debug/libdrivers.a(uart_irda_cir.o)
 .text.UARTIntIdentityGet
                0x0000000000000000       0x70 ../../../../../..//binary/armv7a/gcc/am335x/drivers/Debug/libdrivers.a(uart_irda_cir.o)
 .text.UARTIntPendingStatusGet
                0x0000000000000000       0x7c ../../../../../..//binary/armv7a/gcc/am335x/drivers/Debug/libdrivers.a(uart_irda_cir.o)
 .text.UARTFIFOEnableStatusGet
                0x0000000000000000       0x7c ../../../../../..//binary/armv7a/gcc/am335x/drivers/Debug/libdrivers.a(uart_irda_cir.o)
 .text.UARTAutoRTSAutoCTSControl
                0x0000000000000000       0xbc ../../../../../..//binary/armv7a/gcc/am335x/drivers/Debug/libdrivers.a(uart_irda_cir.o)
 .text.UARTSpecialCharDetectControl
                0x0000000000000000       0x94 ../../../../../..//binary/armv7a/gcc/am335x/drivers/Debug/libdrivers.a(uart_irda_cir.o)
 .text.UARTSoftwareFlowCtrlOptSet
                0x0000000000000000       0x94 ../../../../../..//binary/armv7a/gcc/am335x/drivers/Debug/libdrivers.a(uart_irda_cir.o)
 .text.UARTPulseShapingControl
                0x0000000000000000       0x64 ../../../../../..//binary/armv7a/gcc/am335x/drivers/Debug/libdrivers.a(uart_irda_cir.o)
 .text.UARTIdleModeConfigure
                0x0000000000000000       0x64 ../../../../../..//binary/armv7a/gcc/am335x/drivers/Debug/libdrivers.a(uart_irda_cir.o)
 .text.UARTWakeUpControl
                0x0000000000000000       0x64 ../../../../../..//binary/armv7a/gcc/am335x/drivers/Debug/libdrivers.a(uart_irda_cir.o)
 .text.UARTAutoIdleModeControl
                0x0000000000000000       0x64 ../../../../../..//binary/armv7a/gcc/am335x/drivers/Debug/libdrivers.a(uart_irda_cir.o)
 .text.UARTFlowCtrlTrigLvlConfig
                0x0000000000000000       0x68 ../../../../../..//binary/armv7a/gcc/am335x/drivers/Debug/libdrivers.a(uart_irda_cir.o)
 .text.UARTXON1XOFF1ValProgram
                0x0000000000000000       0x58 ../../../../../..//binary/armv7a/gcc/am335x/drivers/Debug/libdrivers.a(uart_irda_cir.o)
 .text.UARTXON2XOFF2ValProgram
                0x0000000000000000       0x58 ../../../../../..//binary/armv7a/gcc/am335x/drivers/Debug/libdrivers.a(uart_irda_cir.o)
 .text.UARTXONAnyFeatureControl
                0x0000000000000000      0x10c ../../../../../..//binary/armv7a/gcc/am335x/drivers/Debug/libdrivers.a(uart_irda_cir.o)
 .text.UARTLoopbackModeControl
                0x0000000000000000       0x64 ../../../../../..//binary/armv7a/gcc/am335x/drivers/Debug/libdrivers.a(uart_irda_cir.o)
 .text.UARTModemControlSet
                0x0000000000000000       0x48 ../../../../../..//binary/armv7a/gcc/am335x/drivers/Debug/libdrivers.a(uart_irda_cir.o)
 .text.UARTModemControlClear
                0x0000000000000000       0x4c ../../../../../..//binary/armv7a/gcc/am335x/drivers/Debug/libdrivers.a(uart_irda_cir.o)
 .text.UARTModemStatusGet
                0x0000000000000000       0x30 ../../../../../..//binary/armv7a/gcc/am335x/drivers/Debug/libdrivers.a(uart_irda_cir.o)
 .text.UARTModemStatusChangeCheck
                0x0000000000000000       0x30 ../../../../../..//binary/armv7a/gcc/am335x/drivers/Debug/libdrivers.a(uart_irda_cir.o)
 .text.UARTResumeOperation
                0x0000000000000000       0x2c ../../../../../..//binary/armv7a/gcc/am335x/drivers/Debug/libdrivers.a(uart_irda_cir.o)
 .text.UARTWakeUpEventsEnable
                0x0000000000000000       0x48 ../../../../../..//binary/armv7a/gcc/am335x/drivers/Debug/libdrivers.a(uart_irda_cir.o)
 .text.UARTWakeUpEventsDisable
                0x0000000000000000       0x4c ../../../../../..//binary/armv7a/gcc/am335x/drivers/Debug/libdrivers.a(uart_irda_cir.o)
 .text.UARTFIFOTrigLvlGranControl
                0x0000000000000000       0x8c ../../../../../..//binary/armv7a/gcc/am335x/drivers/Debug/libdrivers.a(uart_irda_cir.o)
 .text.UARTDSRInterruptControl
                0x0000000000000000       0x64 ../../../../../..//binary/armv7a/gcc/am335x/drivers/Debug/libdrivers.a(uart_irda_cir.o)
 .text.UARTTxEmptyIntControl
                0x0000000000000000       0x64 ../../../../../..//binary/armv7a/gcc/am335x/drivers/Debug/libdrivers.a(uart_irda_cir.o)
 .text.UARTRXCTSDSRWakeUpConfigure
                0x0000000000000000       0x64 ../../../../../..//binary/armv7a/gcc/am335x/drivers/Debug/libdrivers.a(uart_irda_cir.o)
 .text.UARTRXCTSDSRTransitionStatusGet
                0x0000000000000000       0x30 ../../../../../..//binary/armv7a/gcc/am335x/drivers/Debug/libdrivers.a(uart_irda_cir.o)
 .text.UARTDMACounterResetControl
                0x0000000000000000       0x64 ../../../../../..//binary/armv7a/gcc/am335x/drivers/Debug/libdrivers.a(uart_irda_cir.o)
 .text.UARTTxFIFOFullStatusGet
                0x0000000000000000       0x30 ../../../../../..//binary/armv7a/gcc/am335x/drivers/Debug/libdrivers.a(uart_irda_cir.o)
 .text.UARTTxFIFOLevelGet
                0x0000000000000000       0x2c ../../../../../..//binary/armv7a/gcc/am335x/drivers/Debug/libdrivers.a(uart_irda_cir.o)
 .text.UARTRxFIFOLevelGet
                0x0000000000000000       0x2c ../../../../../..//binary/armv7a/gcc/am335x/drivers/Debug/libdrivers.a(uart_irda_cir.o)
 .text.UARTAutobaudParityGet
                0x0000000000000000       0x70 ../../../../../..//binary/armv7a/gcc/am335x/drivers/Debug/libdrivers.a(uart_irda_cir.o)
 .text.UARTAutobaudWordLenGet
                0x0000000000000000       0x70 ../../../../../..//binary/armv7a/gcc/am335x/drivers/Debug/libdrivers.a(uart_irda_cir.o)
 .text.UARTAutobaudSpeedGet
                0x0000000000000000       0x70 ../../../../../..//binary/armv7a/gcc/am335x/drivers/Debug/libdrivers.a(uart_irda_cir.o)
 .text.UARTScratchPadRegWrite
                0x0000000000000000       0x64 ../../../../../..//binary/armv7a/gcc/am335x/drivers/Debug/libdrivers.a(uart_irda_cir.o)
 .text.UARTScratchPadRegRead
                0x0000000000000000       0x30 ../../../../../..//binary/armv7a/gcc/am335x/drivers/Debug/libdrivers.a(uart_irda_cir.o)
 .text.UARTModuleVersionNumberGet
                0x0000000000000000       0x30 ../../../../../..//binary/armv7a/gcc/am335x/drivers/Debug/libdrivers.a(uart_irda_cir.o)
 .text.UARTTxDMAThresholdControl
                0x0000000000000000       0x64 ../../../../../..//binary/armv7a/gcc/am335x/drivers/Debug/libdrivers.a(uart_irda_cir.o)
 .text.UARTTxDMAThresholdValConfig
                0x0000000000000000       0x64 ../../../../../..//binary/armv7a/gcc/am335x/drivers/Debug/libdrivers.a(uart_irda_cir.o)

Memory Configuration

Name             Origin             Length             Attributes
DDR0             0x0000000080000000 0x0000000010000000
*default*        0x0000000000000000 0xffffffffffffffff

Linker script and memory map

LOAD Debug/dmtimerCounter.o
LOAD ../../../../../..//binary/armv7a/gcc/am335x/drivers/Debug/libdrivers.a
LOAD ../../../../../..//binary/armv7a/gcc/utils/Debug/libutils.a
LOAD ../../../../../..//binary/armv7a/gcc/am335x/beaglebone/platform/Debug/libplatform.a
LOAD ../../../../../..//binary/armv7a/gcc/am335x/system_config/Debug/libsystem_config.a
LOAD /home/robertcabral/Dropbox/UFC/Monitoria/compilador/gcc-arm-none-eabi-6-2017-q1-update/arm-none-eabi/lib/libc.a
LOAD /home/robertcabral/Dropbox/UFC/Monitoria/compilador/gcc-arm-none-eabi-6-2017-q1-update/lib/gcc/arm-none-eabi/6.3.1/libgcc.a
LOAD ../../../../../..//binary/armv7a/gcc/am335x/drivers/Debug/libdrivers.a
LOAD ../../../../../..//binary/armv7a/gcc/utils/Debug/libutils.a
LOAD ../../../../../..//binary/armv7a/gcc/am335x/beaglebone/platform/Debug/libplatform.a
LOAD ../../../../../..//binary/armv7a/gcc/am335x/system_config/Debug/libsystem_config.a
LOAD /home/robertcabral/Dropbox/UFC/Monitoria/compilador/gcc-arm-none-eabi-6-2017-q1-update/arm-none-eabi/lib/libc.a
LOAD /home/robertcabral/Dropbox/UFC/Monitoria/compilador/gcc-arm-none-eabi-6-2017-q1-update/lib/gcc/arm-none-eabi/6.3.1/libgcc.a

.startcode      0x0000000080000000       0xbc
                0x0000000080000000                . = ALIGN (0x4)
 *init.o(.text)
 .text          0x0000000080000000       0xbc ../../../../../..//binary/armv7a/gcc/am335x/system_config/Debug/libsystem_config.a(init.o)
                0x0000000080000000                Entry

.text           0x00000000800000bc     0x3260
                0x00000000800000bc                . = ALIGN (0x4)
 *(.text*)
 .text.main     0x00000000800000bc      0x178 Debug/dmtimerCounter.o
                0x00000000800000bc                main
 .text.DMTimerAintcConfigure
                0x0000000080000234       0x5c Debug/dmtimerCounter.o
 .text.DMTimerSetUp
                0x0000000080000290       0x6c Debug/dmtimerCounter.o
 .text.DMTimerIsr
                0x00000000800002fc       0x68 Debug/dmtimerCounter.o
 .text.DMTimerEnable
                0x0000000080000364       0x74 ../../../../../..//binary/armv7a/gcc/am335x/drivers/Debug/libdrivers.a(dmtimer.o)
                0x0000000080000364                DMTimerEnable
 .text.DMTimerDisable
                0x00000000800003d8       0x74 ../../../../../..//binary/armv7a/gcc/am335x/drivers/Debug/libdrivers.a(dmtimer.o)
                0x00000000800003d8                DMTimerDisable
 .text.DMTimerModeConfigure
                0x000000008000044c       0xd8 ../../../../../..//binary/armv7a/gcc/am335x/drivers/Debug/libdrivers.a(dmtimer.o)
                0x000000008000044c                DMTimerModeConfigure
 .text.DMTimerCounterSet
                0x0000000080000524       0x70 ../../../../../..//binary/armv7a/gcc/am335x/drivers/Debug/libdrivers.a(dmtimer.o)
                0x0000000080000524                DMTimerCounterSet
 .text.DMTimerReloadSet
                0x0000000080000594       0x70 ../../../../../..//binary/armv7a/gcc/am335x/drivers/Debug/libdrivers.a(dmtimer.o)
                0x0000000080000594                DMTimerReloadSet
 .text.DMTimerIntStatusClear
                0x0000000080000604       0x3c ../../../../../..//binary/armv7a/gcc/am335x/drivers/Debug/libdrivers.a(dmtimer.o)
                0x0000000080000604                DMTimerIntStatusClear
 .text.DMTimerIntEnable
                0x0000000080000640       0x3c ../../../../../..//binary/armv7a/gcc/am335x/drivers/Debug/libdrivers.a(dmtimer.o)
                0x0000000080000640                DMTimerIntEnable
 .text.DMTimerIntDisable
                0x000000008000067c       0x3c ../../../../../..//binary/armv7a/gcc/am335x/drivers/Debug/libdrivers.a(dmtimer.o)
                0x000000008000067c                DMTimerIntDisable
 .text.DMTimerReset
                0x00000000800006b8       0x58 ../../../../../..//binary/armv7a/gcc/am335x/drivers/Debug/libdrivers.a(dmtimer.o)
                0x00000000800006b8                DMTimerReset
 .text.DMTimerWritePostedStatusGet
                0x0000000080000710       0x2c ../../../../../..//binary/armv7a/gcc/am335x/drivers/Debug/libdrivers.a(dmtimer.o)
                0x0000000080000710                DMTimerWritePostedStatusGet
 .text.ConsoleUtilsInit
                0x000000008000073c       0x1c ../../../../../..//binary/armv7a/gcc/utils/Debug/libutils.a(consoleUtils.o)
                0x000000008000073c                ConsoleUtilsInit
 .text.ConsoleUtilsSetType
                0x0000000080000758       0x58 ../../../../../..//binary/armv7a/gcc/utils/Debug/libutils.a(consoleUtils.o)
                0x0000000080000758                ConsoleUtilsSetType
 .text.ConsoleUtilsPrintf
                0x00000000800007b0       0x70 ../../../../../..//binary/armv7a/gcc/utils/Debug/libutils.a(consoleUtils.o)
                0x00000000800007b0                ConsoleUtilsPrintf
 .text.UARTStdioInit
                0x0000000080000820       0x1c ../../../../../..//binary/armv7a/gcc/utils/Debug/libutils.a(uartStdio.o)
                0x0000000080000820                UARTStdioInit
 .text.UARTPuts
                0x000000008000083c       0xe4 ../../../../../..//binary/armv7a/gcc/utils/Debug/libutils.a(uartStdio.o)
                0x000000008000083c                UARTPuts
 .text.UARTPutc
                0x0000000080000920       0x34 ../../../../../..//binary/armv7a/gcc/utils/Debug/libutils.a(uartStdio.o)
                0x0000000080000920                UARTPutc
 .text.UARTwrite
                0x0000000080000954       0x94 ../../../../../..//binary/armv7a/gcc/utils/Debug/libutils.a(uartStdio.o)
                0x0000000080000954                UARTwrite
 .text.UARTPrintf
                0x00000000800009e8      0x65c ../../../../../..//binary/armv7a/gcc/utils/Debug/libutils.a(uartStdio.o)
                0x00000000800009e8                UARTPrintf
 .text.DMTimer2ModuleClkConfig
                0x0000000080001044      0x264 ../../../../../..//binary/armv7a/gcc/am335x/beaglebone/platform/Debug/libplatform.a(dmtimer.o)
                0x0000000080001044                DMTimer2ModuleClkConfig
 .text.UARTStdioInitExpClk
                0x00000000800012a8       0xd4 ../../../../../..//binary/armv7a/gcc/am335x/beaglebone/platform/Debug/libplatform.a(uartConsole.o)
 .text.UartFIFOConfigure
                0x000000008000137c       0x68 ../../../../../..//binary/armv7a/gcc/am335x/beaglebone/platform/Debug/libplatform.a(uartConsole.o)
 .text.UartBaudRateSet
                0x00000000800013e4       0x60 ../../../../../..//binary/armv7a/gcc/am335x/beaglebone/platform/Debug/libplatform.a(uartConsole.o)
 .text.UARTConsoleInit
                0x0000000080001444       0x48 ../../../../../..//binary/armv7a/gcc/am335x/beaglebone/platform/Debug/libplatform.a(uartConsole.o)
                0x0000000080001444                UARTConsoleInit
 .text.UARTConsolePutc
                0x000000008000148c       0x3c ../../../../../..//binary/armv7a/gcc/am335x/beaglebone/platform/Debug/libplatform.a(uartConsole.o)
                0x000000008000148c                UARTConsolePutc
 .text.UARTPinMuxSetup
                0x00000000800014c8       0x4c ../../../../../..//binary/armv7a/gcc/am335x/beaglebone/platform/Debug/libplatform.a(uart.o)
                0x00000000800014c8                UARTPinMuxSetup
 .text.UART0ModuleClkConfig
                0x0000000080001514      0x360 ../../../../../..//binary/armv7a/gcc/am335x/beaglebone/platform/Debug/libplatform.a(uart.o)
                0x0000000080001514                UART0ModuleClkConfig
 .text.IntDefaultHandler
                0x0000000080001874       0x18 ../../../../../..//binary/armv7a/gcc/am335x/system_config/Debug/libsystem_config.a(interrupt.o)
 .text.IntRegister
                0x000000008000188c       0x38 ../../../../../..//binary/armv7a/gcc/am335x/system_config/Debug/libsystem_config.a(interrupt.o)
                0x000000008000188c                IntRegister
 .text.IntAINTCInit
                0x00000000800018c4       0x94 ../../../../../..//binary/armv7a/gcc/am335x/system_config/Debug/libsystem_config.a(interrupt.o)
                0x00000000800018c4                IntAINTCInit
 .text.IntPrioritySet
                0x0000000080001958       0x58 ../../../../../..//binary/armv7a/gcc/am335x/system_config/Debug/libsystem_config.a(interrupt.o)
                0x0000000080001958                IntPrioritySet
 .text.IntSystemEnable
                0x00000000800019b0       0x54 ../../../../../..//binary/armv7a/gcc/am335x/system_config/Debug/libsystem_config.a(interrupt.o)
                0x00000000800019b0                IntSystemEnable
 .text.IntMasterIRQEnable
                0x0000000080001a04       0x1c ../../../../../..//binary/armv7a/gcc/am335x/system_config/Debug/libsystem_config.a(interrupt.o)
                0x0000000080001a04                IntMasterIRQEnable
 .text.start_boot
                0x0000000080001a20       0x24 ../../../../../..//binary/armv7a/gcc/am335x/system_config/Debug/libsystem_config.a(startup.o)
                0x0000000080001a20                start_boot
 .text.CopyVectorTable
                0x0000000080001a44       0x94 ../../../../../..//binary/armv7a/gcc/am335x/system_config/Debug/libsystem_config.a(startup.o)
 .text          0x0000000080001ad8      0x488 ../../../../../..//binary/armv7a/gcc/am335x/system_config/Debug/libsystem_config.a(cp15.o)
                0x0000000080001ad8                CP15ICacheDisable
                0x0000000080001af4                CP15DCacheDisable
                0x0000000080001b10                CP15ICacheEnable
                0x0000000080001b20                CP15DCacheEnable
                0x0000000080001b30                CP15DCacheFlush
                0x0000000080001bc4                CP15DCacheClean
                0x0000000080001c58                CP15DCacheCleanFlush
                0x0000000080001cec                CP15ICacheFlush
                0x0000000080001cfc                CP15DCacheCleanBuff
                0x0000000080001d50                CP15DCacheCleanFlushBuff
                0x0000000080001da4                CP15DCacheFlushBuff
                0x0000000080001e08                CP15ICacheFlushBuff
                0x0000000080001e5c                CP15Ttb0Set
                0x0000000080001e68                CP15TlbInvalidate
                0x0000000080001e74                CP15MMUDisable
                0x0000000080001e8c                CP15MMUEnable
                0x0000000080001ea0                CP15VectorBaseAddrSet
                0x0000000080001eac                CP15BranchPredictorInvalidate
                0x0000000080001eb8                CP15BranchPredictionEnable
                0x0000000080001ec8                CP15BranchPredictionDisable
                0x0000000080001ed8                CP15DomainAccessClientSet
                0x0000000080001ee8                CP15ControlFeatureDisable
                0x0000000080001efc                CP15ControlFeatureEnable
                0x0000000080001f10                CP15TtbCtlTtb0Config
                0x0000000080001f20                CP15AuxControlFeatureEnable
                0x0000000080001f34                CP15AuxControlFeatureDisable
                0x0000000080001f48                CP15MainIdPrimPartNumGet
 .text.CPUirqe  0x0000000080001f60       0x28 ../../../../../..//binary/armv7a/gcc/am335x/system_config/Debug/libsystem_config.a(cpu.o)
                0x0000000080001f60                CPUirqe
 .text          0x0000000080001f88       0xf0 ../../../../../..//binary/armv7a/gcc/am335x/system_config/Debug/libsystem_config.a(exceptionhandler.o)
                0x0000000080001f88                SVC_Handler
                0x0000000080001fb0                IRQHandler
                0x000000008000205c                FIQHandler
                0x0000000080002060                UndefInstHandler
                0x0000000080002060                AbortHandler
 .text          0x0000000080002078      0x114 /home/robertcabral/Dropbox/UFC/Monitoria/compilador/gcc-arm-none-eabi-6-2017-q1-update/lib/gcc/arm-none-eabi/6.3.1/libgcc.a(_udivsi3.o)
                0x0000000080002078                __udivsi3
                0x0000000080002078                __aeabi_uidiv
                0x000000008000216c                __aeabi_uidivmod
 .text          0x000000008000218c      0x148 /home/robertcabral/Dropbox/UFC/Monitoria/compilador/gcc-arm-none-eabi-6-2017-q1-update/lib/gcc/arm-none-eabi/6.3.1/libgcc.a(_divsi3.o)
                0x000000008000218c                __aeabi_idiv
                0x000000008000218c                __divsi3
                0x00000000800022b4                __aeabi_idivmod
 .text          0x00000000800022d4        0x4 /home/robertcabral/Dropbox/UFC/Monitoria/compilador/gcc-arm-none-eabi-6-2017-q1-update/lib/gcc/arm-none-eabi/6.3.1/libgcc.a(_dvmd_tls.o)
                0x00000000800022d4                __aeabi_ldiv0
                0x00000000800022d4                __aeabi_idiv0
 .text.UARTOperatingModeSelect
                0x00000000800022d8       0x84 ../../../../../..//binary/armv7a/gcc/am335x/drivers/Debug/libdrivers.a(uart_irda_cir.o)
                0x00000000800022d8                UARTOperatingModeSelect
 .text.UARTDivisorValCompute
                0x000000008000235c       0xf8 ../../../../../..//binary/armv7a/gcc/am335x/drivers/Debug/libdrivers.a(uart_irda_cir.o)
                0x000000008000235c                UARTDivisorValCompute
 .text.UARTDivisorLatchWrite
                0x0000000080002454      0x214 ../../../../../..//binary/armv7a/gcc/am335x/drivers/Debug/libdrivers.a(uart_irda_cir.o)
                0x0000000080002454                UARTDivisorLatchWrite
 .text.UARTDivisorLatchDisable
                0x0000000080002668       0x3c ../../../../../..//binary/armv7a/gcc/am335x/drivers/Debug/libdrivers.a(uart_irda_cir.o)
                0x0000000080002668                UARTDivisorLatchDisable
 .text.UARTRegConfigModeEnable
                0x00000000800026a4       0x9c ../../../../../..//binary/armv7a/gcc/am335x/drivers/Debug/libdrivers.a(uart_irda_cir.o)
                0x00000000800026a4                UARTRegConfigModeEnable
 .text.UARTBreakCtl
                0x0000000080002740       0x64 ../../../../../..//binary/armv7a/gcc/am335x/drivers/Debug/libdrivers.a(uart_irda_cir.o)
                0x0000000080002740                UARTBreakCtl
 .text.UARTLineCharacConfig
                0x00000000800027a4       0xa8 ../../../../../..//binary/armv7a/gcc/am335x/drivers/Debug/libdrivers.a(uart_irda_cir.o)
                0x00000000800027a4                UARTLineCharacConfig
 .text.UARTFIFOConfig
                0x000000008000284c      0x484 ../../../../../..//binary/armv7a/gcc/am335x/drivers/Debug/libdrivers.a(uart_irda_cir.o)
                0x000000008000284c                UARTFIFOConfig
 .text.UARTFIFORegisterWrite
                0x0000000080002cd0       0xcc ../../../../../..//binary/armv7a/gcc/am335x/drivers/Debug/libdrivers.a(uart_irda_cir.o)
                0x0000000080002cd0                UARTFIFORegisterWrite
 .text.UARTEnhanFuncEnable
                0x0000000080002d9c       0x8c ../../../../../..//binary/armv7a/gcc/am335x/drivers/Debug/libdrivers.a(uart_irda_cir.o)
                0x0000000080002d9c                UARTEnhanFuncEnable
 .text.UARTEnhanFuncBitValRestore
                0x0000000080002e28       0x94 ../../../../../..//binary/armv7a/gcc/am335x/drivers/Debug/libdrivers.a(uart_irda_cir.o)
                0x0000000080002e28                UARTEnhanFuncBitValRestore
 .text.UARTSubConfigTCRTLRModeEn
                0x0000000080002ebc      0x12c ../../../../../..//binary/armv7a/gcc/am335x/drivers/Debug/libdrivers.a(uart_irda_cir.o)
                0x0000000080002ebc                UARTSubConfigTCRTLRModeEn
 .text.UARTTCRTLRBitValRestore
                0x0000000080002fe8      0x134 ../../../../../..//binary/armv7a/gcc/am335x/drivers/Debug/libdrivers.a(uart_irda_cir.o)
                0x0000000080002fe8                UARTTCRTLRBitValRestore
 .text.UARTCharPut
                0x000000008000311c       0x80 ../../../../../..//binary/armv7a/gcc/am335x/drivers/Debug/libdrivers.a(uart_irda_cir.o)
                0x000000008000311c                UARTCharPut
 .text.UARTModuleReset
                0x000000008000319c       0x58 ../../../../../..//binary/armv7a/gcc/am335x/drivers/Debug/libdrivers.a(uart_irda_cir.o)
                0x000000008000319c                UARTModuleReset
 *(.rodata*)
 .rodata        0x00000000800031f4       0x3f Debug/dmtimerCounter.o
 *fill*         0x0000000080003233        0x1 
 .rodata        0x0000000080003234       0x50 ../../../../../..//binary/armv7a/gcc/utils/Debug/libutils.a(consoleUtils.o)
 .rodata        0x0000000080003284       0x60 ../../../../../..//binary/armv7a/gcc/utils/Debug/libutils.a(uartStdio.o)
 .rodata.vecTbl
                0x00000000800032e4       0x38 ../../../../../..//binary/armv7a/gcc/am335x/system_config/Debug/libsystem_config.a(startup.o)

.glue_7         0x000000008000331c        0x0
 .glue_7        0x000000008000331c        0x0 linker stubs

.glue_7t        0x000000008000331c        0x0
 .glue_7t       0x000000008000331c        0x0 linker stubs

.vfp11_veneer   0x000000008000331c        0x0
 .vfp11_veneer  0x000000008000331c        0x0 linker stubs

.v4_bx          0x000000008000331c        0x0
 .v4_bx         0x000000008000331c        0x0 linker stubs

.iplt           0x000000008000331c        0x0
 .iplt          0x000000008000331c        0x0 Debug/dmtimerCounter.o

.rel.dyn        0x000000008000331c        0x0
 .rel.iplt      0x000000008000331c        0x0 Debug/dmtimerCounter.o

.data           0x000000008000331c        0x4
                0x000000008000331c                . = ALIGN (0x4)
 *(.data*)
 .data.cntValue
                0x000000008000331c        0x4 Debug/dmtimerCounter.o

.igot.plt       0x0000000080003320        0x0
 .igot.plt      0x0000000080003320        0x0 Debug/dmtimerCounter.o

.bss            0x0000000080003320      0x208
                0x0000000080003320                . = ALIGN (0x4)
                0x0000000080003320                _bss_start = .
 *(.bss*)
 .bss.flagIsr   0x0000000080003320        0x4 Debug/dmtimerCounter.o
 .bss.ConsoleType
                0x0000000080003324        0x1 ../../../../../..//binary/armv7a/gcc/utils/Debug/libutils.a(consoleUtils.o)
 *(COMMON)
 *fill*         0x0000000080003325        0x3 
 COMMON         0x0000000080003328      0x200 ../../../../../..//binary/armv7a/gcc/am335x/system_config/Debug/libsystem_config.a(interrupt.o)
                0x0000000080003328                fnRAMVectors
                0x0000000080003528                _bss_end = .

.heap           0x0000000080003528      0x800
                0x0000000080003528                . = ALIGN (0x4)
                0x0000000080003528                __end__ = .
                0x0000000080003528                end = __end__
                0x0000000080003528                __HeapBase = __end__
 *(.heap*)
                0x0000000080003d28                . = (. + 0x800)
 *fill*         0x0000000080003528      0x800 
                0x0000000080003d28                __HeapLimit = .

.stack          0x0000000080003d28  0x7fffff8
                0x0000000080003d28                . = ALIGN (0x4)
                0x0000000080003d28                __StackLimit = .
 *(.stack*)
                0x0000000088003d20                . = (. + 0x7fffff8)
 *fill*         0x0000000080003d28  0x7fffff8 
                0x0000000088003d20                __StackTop = .
                0x0000000088003d20                _stack = __StackTop
OUTPUT(Debug/dmtimerCounter.out elf32-littlearm)

.debug_info     0x0000000000000000     0x3ca2
 .debug_info    0x0000000000000000      0x29c Debug/dmtimerCounter.o
 .debug_info    0x000000000000029c      0x5eb ../../../../../..//binary/armv7a/gcc/am335x/drivers/Debug/libdrivers.a(dmtimer.o)
 .debug_info    0x0000000000000887      0xb52 ../../../../../..//binary/armv7a/gcc/utils/Debug/libutils.a(consoleUtils.o)
 .debug_info    0x00000000000013d9      0x98c ../../../../../..//binary/armv7a/gcc/utils/Debug/libutils.a(uartStdio.o)
 .debug_info    0x0000000000001d65       0xb1 ../../../../../..//binary/armv7a/gcc/am335x/beaglebone/platform/Debug/libplatform.a(dmtimer.o)
 .debug_info    0x0000000000001e16      0x264 ../../../../../..//binary/armv7a/gcc/am335x/beaglebone/platform/Debug/libplatform.a(uartConsole.o)
 .debug_info    0x000000000000207a       0x65 ../../../../../..//binary/armv7a/gcc/am335x/beaglebone/platform/Debug/libplatform.a(uart.o)
 .debug_info    0x00000000000020df       0x26 ../../../../../..//binary/armv7a/gcc/am335x/system_config/Debug/libsystem_config.a(init.o)
 .debug_info    0x0000000000002105      0x460 ../../../../../..//binary/armv7a/gcc/am335x/system_config/Debug/libsystem_config.a(interrupt.o)
 .debug_info    0x0000000000002565      0x101 ../../../../../..//binary/armv7a/gcc/am335x/system_config/Debug/libsystem_config.a(startup.o)
 .debug_info    0x0000000000002666       0x26 ../../../../../..//binary/armv7a/gcc/am335x/system_config/Debug/libsystem_config.a(cp15.o)
 .debug_info    0x000000000000268c       0xcc ../../../../../..//binary/armv7a/gcc/am335x/system_config/Debug/libsystem_config.a(cpu.o)
 .debug_info    0x0000000000002758       0x26 ../../../../../..//binary/armv7a/gcc/am335x/system_config/Debug/libsystem_config.a(exceptionhandler.o)
 .debug_info    0x000000000000277e     0x1524 ../../../../../..//binary/armv7a/gcc/am335x/drivers/Debug/libdrivers.a(uart_irda_cir.o)

.debug_abbrev   0x0000000000000000      0xb77
 .debug_abbrev  0x0000000000000000       0xac Debug/dmtimerCounter.o
 .debug_abbrev  0x00000000000000ac      0x10f ../../../../../..//binary/armv7a/gcc/am335x/drivers/Debug/libdrivers.a(dmtimer.o)
 .debug_abbrev  0x00000000000001bb      0x297 ../../../../../..//binary/armv7a/gcc/utils/Debug/libutils.a(consoleUtils.o)
 .debug_abbrev  0x0000000000000452      0x1a2 ../../../../../..//binary/armv7a/gcc/utils/Debug/libutils.a(uartStdio.o)
 .debug_abbrev  0x00000000000005f4       0x78 ../../../../../..//binary/armv7a/gcc/am335x/beaglebone/platform/Debug/libplatform.a(dmtimer.o)
 .debug_abbrev  0x000000000000066c       0xb8 ../../../../../..//binary/armv7a/gcc/am335x/beaglebone/platform/Debug/libplatform.a(uartConsole.o)
 .debug_abbrev  0x0000000000000724       0x5e ../../../../../..//binary/armv7a/gcc/am335x/beaglebone/platform/Debug/libplatform.a(uart.o)
 .debug_abbrev  0x0000000000000782       0x14 ../../../../../..//binary/armv7a/gcc/am335x/system_config/Debug/libsystem_config.a(init.o)
 .debug_abbrev  0x0000000000000796      0x174 ../../../../../..//binary/armv7a/gcc/am335x/system_config/Debug/libsystem_config.a(interrupt.o)
 .debug_abbrev  0x000000000000090a       0xc0 ../../../../../..//binary/armv7a/gcc/am335x/system_config/Debug/libsystem_config.a(startup.o)
 .debug_abbrev  0x00000000000009ca       0x14 ../../../../../..//binary/armv7a/gcc/am335x/system_config/Debug/libsystem_config.a(cp15.o)
 .debug_abbrev  0x00000000000009de       0x62 ../../../../../..//binary/armv7a/gcc/am335x/system_config/Debug/libsystem_config.a(cpu.o)
 .debug_abbrev  0x0000000000000a40       0x14 ../../../../../..//binary/armv7a/gcc/am335x/system_config/Debug/libsystem_config.a(exceptionhandler.o)
 .debug_abbrev  0x0000000000000a54      0x123 ../../../../../..//binary/armv7a/gcc/am335x/drivers/Debug/libdrivers.a(uart_irda_cir.o)

.debug_aranges  0x0000000000000000      0x710
 .debug_aranges
                0x0000000000000000       0x38 Debug/dmtimerCounter.o
 .debug_aranges
                0x0000000000000038       0xe8 ../../../../../..//binary/armv7a/gcc/am335x/drivers/Debug/libdrivers.a(dmtimer.o)
 .debug_aranges
                0x0000000000000120       0x58 ../../../../../..//binary/armv7a/gcc/utils/Debug/libutils.a(consoleUtils.o)
 .debug_aranges
                0x0000000000000178       0x88 ../../../../../..//binary/armv7a/gcc/utils/Debug/libutils.a(uartStdio.o)
 .debug_aranges
                0x0000000000000200       0x48 ../../../../../..//binary/armv7a/gcc/am335x/beaglebone/platform/Debug/libplatform.a(dmtimer.o)
 .debug_aranges
                0x0000000000000248       0x48 ../../../../../..//binary/armv7a/gcc/am335x/beaglebone/platform/Debug/libplatform.a(uartConsole.o)
 .debug_aranges
                0x0000000000000290       0x28 ../../../../../..//binary/armv7a/gcc/am335x/beaglebone/platform/Debug/libplatform.a(uart.o)
 .debug_aranges
                0x00000000000002b8       0x20 ../../../../../..//binary/armv7a/gcc/am335x/system_config/Debug/libsystem_config.a(init.o)
 .debug_aranges
                0x00000000000002d8      0x110 ../../../../../..//binary/armv7a/gcc/am335x/system_config/Debug/libsystem_config.a(interrupt.o)
 .debug_aranges
                0x00000000000003e8       0x28 ../../../../../..//binary/armv7a/gcc/am335x/system_config/Debug/libsystem_config.a(startup.o)
 .debug_aranges
                0x0000000000000410       0x20 ../../../../../..//binary/armv7a/gcc/am335x/system_config/Debug/libsystem_config.a(cp15.o)
 .debug_aranges
                0x0000000000000430       0x58 ../../../../../..//binary/armv7a/gcc/am335x/system_config/Debug/libsystem_config.a(cpu.o)
 .debug_aranges
                0x0000000000000488       0x20 ../../../../../..//binary/armv7a/gcc/am335x/system_config/Debug/libsystem_config.a(exceptionhandler.o)
 .debug_aranges
                0x00000000000004a8      0x268 ../../../../../..//binary/armv7a/gcc/am335x/drivers/Debug/libdrivers.a(uart_irda_cir.o)

.debug_ranges   0x0000000000000000      0x600
 .debug_ranges  0x0000000000000000       0x28 Debug/dmtimerCounter.o
 .debug_ranges  0x0000000000000028       0xd8 ../../../../../..//binary/armv7a/gcc/am335x/drivers/Debug/libdrivers.a(dmtimer.o)
 .debug_ranges  0x0000000000000100       0x48 ../../../../../..//binary/armv7a/gcc/utils/Debug/libutils.a(consoleUtils.o)
 .debug_ranges  0x0000000000000148       0x78 ../../../../../..//binary/armv7a/gcc/utils/Debug/libutils.a(uartStdio.o)
 .debug_ranges  0x00000000000001c0       0x38 ../../../../../..//binary/armv7a/gcc/am335x/beaglebone/platform/Debug/libplatform.a(dmtimer.o)
 .debug_ranges  0x00000000000001f8       0x38 ../../../../../..//binary/armv7a/gcc/am335x/beaglebone/platform/Debug/libplatform.a(uartConsole.o)
 .debug_ranges  0x0000000000000230       0x18 ../../../../../..//binary/armv7a/gcc/am335x/beaglebone/platform/Debug/libplatform.a(uart.o)
 .debug_ranges  0x0000000000000248      0x100 ../../../../../..//binary/armv7a/gcc/am335x/system_config/Debug/libsystem_config.a(interrupt.o)
 .debug_ranges  0x0000000000000348       0x18 ../../../../../..//binary/armv7a/gcc/am335x/system_config/Debug/libsystem_config.a(startup.o)
 .debug_ranges  0x0000000000000360       0x48 ../../../../../..//binary/armv7a/gcc/am335x/system_config/Debug/libsystem_config.a(cpu.o)
 .debug_ranges  0x00000000000003a8      0x258 ../../../../../..//binary/armv7a/gcc/am335x/drivers/Debug/libdrivers.a(uart_irda_cir.o)

.debug_line     0x0000000000000000     0x214f
 .debug_line    0x0000000000000000      0x14d Debug/dmtimerCounter.o
 .debug_line    0x000000000000014d      0x2f7 ../../../../../..//binary/armv7a/gcc/am335x/drivers/Debug/libdrivers.a(dmtimer.o)
 .debug_line    0x0000000000000444      0x2b0 ../../../../../..//binary/armv7a/gcc/utils/Debug/libutils.a(consoleUtils.o)
 .debug_line    0x00000000000006f4      0x60c ../../../../../..//binary/armv7a/gcc/utils/Debug/libutils.a(uartStdio.o)
 .debug_line    0x0000000000000d00      0x304 ../../../../../..//binary/armv7a/gcc/am335x/beaglebone/platform/Debug/libplatform.a(dmtimer.o)
 .debug_line    0x0000000000001004      0x139 ../../../../../..//binary/armv7a/gcc/am335x/beaglebone/platform/Debug/libplatform.a(uartConsole.o)
 .debug_line    0x000000000000113d      0x16a ../../../../../..//binary/armv7a/gcc/am335x/beaglebone/platform/Debug/libplatform.a(uart.o)
 .debug_line    0x00000000000012a7       0x95 ../../../../../..//binary/armv7a/gcc/am335x/system_config/Debug/libsystem_config.a(init.o)
 .debug_line    0x000000000000133c      0x2ea ../../../../../..//binary/armv7a/gcc/am335x/system_config/Debug/libsystem_config.a(interrupt.o)
 .debug_line    0x0000000000001626       0xbf ../../../../../..//binary/armv7a/gcc/am335x/system_config/Debug/libsystem_config.a(startup.o)
 .debug_line    0x00000000000016e5      0x18a ../../../../../..//binary/armv7a/gcc/am335x/system_config/Debug/libsystem_config.a(cp15.o)
 .debug_line    0x000000000000186f       0xde ../../../../../..//binary/armv7a/gcc/am335x/system_config/Debug/libsystem_config.a(cpu.o)
 .debug_line    0x000000000000194d       0xb9 ../../../../../..//binary/armv7a/gcc/am335x/system_config/Debug/libsystem_config.a(exceptionhandler.o)
 .debug_line    0x0000000000001a06      0x749 ../../../../../..//binary/armv7a/gcc/am335x/drivers/Debug/libdrivers.a(uart_irda_cir.o)

.debug_str      0x0000000000000000     0x1ced
 .debug_str     0x0000000000000000      0x33d Debug/dmtimerCounter.o
                                        0x34a (size before relaxing)
 .debug_str     0x000000000000033d      0x286 ../../../../../..//binary/armv7a/gcc/am335x/drivers/Debug/libdrivers.a(dmtimer.o)
                                        0x3f9 (size before relaxing)
 .debug_str     0x00000000000005c3      0x591 ../../../../../..//binary/armv7a/gcc/utils/Debug/libutils.a(consoleUtils.o)
                                        0x738 (size before relaxing)
 .debug_str     0x0000000000000b54      0x18e ../../../../../..//binary/armv7a/gcc/utils/Debug/libutils.a(uartStdio.o)
                                        0x363 (size before relaxing)
 .debug_str     0x0000000000000ce2      0x121 ../../../../../..//binary/armv7a/gcc/am335x/beaglebone/platform/Debug/libplatform.a(dmtimer.o)
                                        0x211 (size before relaxing)
 .debug_str     0x0000000000000e03      0x196 ../../../../../..//binary/armv7a/gcc/am335x/beaglebone/platform/Debug/libplatform.a(uartConsole.o)
                                        0x30f (size before relaxing)
 .debug_str     0x0000000000000f99       0x3a ../../../../../..//binary/armv7a/gcc/am335x/beaglebone/platform/Debug/libplatform.a(uart.o)
                                        0x1a3 (size before relaxing)
 .debug_str     0x0000000000000fd3       0xa5 ../../../../../..//binary/armv7a/gcc/am335x/system_config/Debug/libsystem_config.a(init.o)
 .debug_str     0x0000000000001078      0x359 ../../../../../..//binary/armv7a/gcc/am335x/system_config/Debug/libsystem_config.a(interrupt.o)
                                        0x44a (size before relaxing)
 .debug_str     0x00000000000013d1       0x86 ../../../../../..//binary/armv7a/gcc/am335x/system_config/Debug/libsystem_config.a(startup.o)
                                        0x1ed (size before relaxing)
 .debug_str     0x0000000000001457       0x30 ../../../../../..//binary/armv7a/gcc/am335x/system_config/Debug/libsystem_config.a(cp15.o)
                                         0xa5 (size before relaxing)
 .debug_str     0x0000000000001487       0x72 ../../../../../..//binary/armv7a/gcc/am335x/system_config/Debug/libsystem_config.a(cpu.o)
                                        0x1ed (size before relaxing)
 .debug_str     0x00000000000014f9       0x43 ../../../../../..//binary/armv7a/gcc/am335x/system_config/Debug/libsystem_config.a(exceptionhandler.o)
                                         0xb8 (size before relaxing)
 .debug_str     0x000000000000153c      0x7b1 ../../../../../..//binary/armv7a/gcc/am335x/drivers/Debug/libdrivers.a(uart_irda_cir.o)
                                        0x9f2 (size before relaxing)

.comment        0x0000000000000000       0x7e
 .comment       0x0000000000000000       0x7e Debug/dmtimerCounter.o
                                         0x7f (size before relaxing)
 .comment       0x000000000000007e       0x7f ../../../../../..//binary/armv7a/gcc/am335x/drivers/Debug/libdrivers.a(dmtimer.o)
 .comment       0x000000000000007e       0x7f ../../../../../..//binary/armv7a/gcc/utils/Debug/libutils.a(consoleUtils.o)
 .comment       0x000000000000007e       0x7f ../../../../../..//binary/armv7a/gcc/utils/Debug/libutils.a(uartStdio.o)
 .comment       0x000000000000007e       0x7f ../../../../../..//binary/armv7a/gcc/am335x/beaglebone/platform/Debug/libplatform.a(dmtimer.o)
 .comment       0x000000000000007e       0x7f ../../../../../..//binary/armv7a/gcc/am335x/beaglebone/platform/Debug/libplatform.a(uartConsole.o)
 .comment       0x000000000000007e       0x7f ../../../../../..//binary/armv7a/gcc/am335x/beaglebone/platform/Debug/libplatform.a(uart.o)
 .comment       0x000000000000007e       0x7f ../../../../../..//binary/armv7a/gcc/am335x/system_config/Debug/libsystem_config.a(interrupt.o)
 .comment       0x000000000000007e       0x7f ../../../../../..//binary/armv7a/gcc/am335x/system_config/Debug/libsystem_config.a(startup.o)
 .comment       0x000000000000007e       0x7f ../../../../../..//binary/armv7a/gcc/am335x/system_config/Debug/libsystem_config.a(cpu.o)
 .comment       0x000000000000007e       0x7f ../../../../../..//binary/armv7a/gcc/am335x/drivers/Debug/libdrivers.a(uart_irda_cir.o)

.ARM.attributes
                0x0000000000000000       0x39
 .ARM.attributes
                0x0000000000000000       0x37 Debug/dmtimerCounter.o
 .ARM.attributes
                0x0000000000000037       0x37 ../../../../../..//binary/armv7a/gcc/am335x/drivers/Debug/libdrivers.a(dmtimer.o)
 .ARM.attributes
                0x000000000000006e       0x37 ../../../../../..//binary/armv7a/gcc/utils/Debug/libutils.a(consoleUtils.o)
 .ARM.attributes
                0x00000000000000a5       0x37 ../../../../../..//binary/armv7a/gcc/utils/Debug/libutils.a(uartStdio.o)
 .ARM.attributes
                0x00000000000000dc       0x37 ../../../../../..//binary/armv7a/gcc/am335x/beaglebone/platform/Debug/libplatform.a(dmtimer.o)
 .ARM.attributes
                0x0000000000000113       0x37 ../../../../../..//binary/armv7a/gcc/am335x/beaglebone/platform/Debug/libplatform.a(uartConsole.o)
 .ARM.attributes
                0x000000000000014a       0x37 ../../../../../..//binary/armv7a/gcc/am335x/beaglebone/platform/Debug/libplatform.a(uart.o)
 .ARM.attributes
                0x0000000000000181       0x29 ../../../../../..//binary/armv7a/gcc/am335x/system_config/Debug/libsystem_config.a(init.o)
 .ARM.attributes
                0x00000000000001aa       0x3b ../../../../../..//binary/armv7a/gcc/am335x/system_config/Debug/libsystem_config.a(interrupt.o)
 .ARM.attributes
                0x00000000000001e5       0x3b ../../../../../..//binary/armv7a/gcc/am335x/system_config/Debug/libsystem_config.a(startup.o)
 .ARM.attributes
                0x0000000000000220       0x29 ../../../../../..//binary/armv7a/gcc/am335x/system_config/Debug/libsystem_config.a(cp15.o)
 .ARM.attributes
                0x0000000000000249       0x3b ../../../../../..//binary/armv7a/gcc/am335x/system_config/Debug/libsystem_config.a(cpu.o)
 .ARM.attributes
                0x0000000000000284       0x29 ../../../../../..//binary/armv7a/gcc/am335x/system_config/Debug/libsystem_config.a(exceptionhandler.o)
 .ARM.attributes
                0x00000000000002ad       0x18 /home/robertcabral/Dropbox/UFC/Monitoria/compilador/gcc-arm-none-eabi-6-2017-q1-update/lib/gcc/arm-none-eabi/6.3.1/libgcc.a(_udivsi3.o)
 .ARM.attributes
                0x00000000000002c5       0x18 /home/robertcabral/Dropbox/UFC/Monitoria/compilador/gcc-arm-none-eabi-6-2017-q1-update/lib/gcc/arm-none-eabi/6.3.1/libgcc.a(_divsi3.o)
 .ARM.attributes
                0x00000000000002dd       0x18 /home/robertcabral/Dropbox/UFC/Monitoria/compilador/gcc-arm-none-eabi-6-2017-q1-update/lib/gcc/arm-none-eabi/6.3.1/libgcc.a(_dvmd_tls.o)
 .ARM.attributes
                0x00000000000002f5       0x37 ../../../../../..//binary/armv7a/gcc/am335x/drivers/Debug/libdrivers.a(uart_irda_cir.o)

.debug_frame    0x0000000000000000     0x17cc
 .debug_frame   0x0000000000000000       0x80 Debug/dmtimerCounter.o
 .debug_frame   0x0000000000000080      0x350 ../../../../../..//binary/armv7a/gcc/am335x/drivers/Debug/libdrivers.a(dmtimer.o)
 .debug_frame   0x00000000000003d0      0x13c ../../../../../..//binary/armv7a/gcc/utils/Debug/libutils.a(consoleUtils.o)
 .debug_frame   0x000000000000050c      0x1f0 ../../../../../..//binary/armv7a/gcc/utils/Debug/libutils.a(uartStdio.o)
 .debug_frame   0x00000000000006fc       0xe0 ../../../../../..//binary/armv7a/gcc/am335x/beaglebone/platform/Debug/libplatform.a(dmtimer.o)
 .debug_frame   0x00000000000007dc       0xcc ../../../../../..//binary/armv7a/gcc/am335x/beaglebone/platform/Debug/libplatform.a(uartConsole.o)
 .debug_frame   0x00000000000008a8       0x54 ../../../../../..//binary/armv7a/gcc/am335x/beaglebone/platform/Debug/libplatform.a(uart.o)
 .debug_frame   0x00000000000008fc      0x3dc ../../../../../..//binary/armv7a/gcc/am335x/system_config/Debug/libsystem_config.a(interrupt.o)
 .debug_frame   0x0000000000000cd8       0x4c ../../../../../..//binary/armv7a/gcc/am335x/system_config/Debug/libsystem_config.a(startup.o)
 .debug_frame   0x0000000000000d24      0x110 ../../../../../..//binary/armv7a/gcc/am335x/system_config/Debug/libsystem_config.a(cpu.o)
 .debug_frame   0x0000000000000e34       0x20 /home/robertcabral/Dropbox/UFC/Monitoria/compilador/gcc-arm-none-eabi-6-2017-q1-update/lib/gcc/arm-none-eabi/6.3.1/libgcc.a(_udivsi3.o)
 .debug_frame   0x0000000000000e54       0x20 /home/robertcabral/Dropbox/UFC/Monitoria/compilador/gcc-arm-none-eabi-6-2017-q1-update/lib/gcc/arm-none-eabi/6.3.1/libgcc.a(_divsi3.o)
 .debug_frame   0x0000000000000e74      0x958 ../../../../../..//binary/armv7a/gcc/am335x/drivers/Debug/libdrivers.a(uart_irda_cir.o)
