Archive member included to satisfy reference by file (symbol)

../../../../../..//binary/armv7a/gcc/am335x/drivers/Debug/libdrivers.a(dmtimer.o)
                              Debug/ledStripLightControl.o (DMTimerEnable)
../../../../../..//binary/armv7a/gcc/am335x/drivers/Debug/libdrivers.a(gpio_v2.o)
                              Debug/ledStripLightControl.o (GPIODirModeSet)
../../../../../..//binary/armv7a/gcc/am335x/drivers/Debug/libdrivers.a(tsc_adc.o)
                              Debug/ledStripLightControl.o (TSCADCTSTransistorConfig)
../../../../../..//binary/armv7a/gcc/utils/Debug/libutils.a(consoleUtils.o)
                              Debug/ledStripLightControl.o (ConsoleUtilsInit)
../../../../../..//binary/armv7a/gcc/utils/Debug/libutils.a(uartStdio.o)
                              ../../../../../..//binary/armv7a/gcc/utils/Debug/libutils.a(consoleUtils.o) (UARTStdioInit)
../../../../../..//binary/armv7a/gcc/utils/Debug/libutils.a(ascii.o)
                              ../../../../../..//binary/armv7a/gcc/utils/Debug/libutils.a(uartStdio.o) (ASCIIToDigit)
../../../../../..//binary/armv7a/gcc/am335x/beaglebone/platform/Debug/libplatform.a(dmtimer.o)
                              Debug/ledStripLightControl.o (DMTimer7ModuleClkConfig)
../../../../../..//binary/armv7a/gcc/am335x/beaglebone/platform/Debug/libplatform.a(gpio.o)
                              Debug/ledStripLightControl.o (GPIOPinMuxSetup)
../../../../../..//binary/armv7a/gcc/am335x/beaglebone/platform/Debug/libplatform.a(tscAdc.o)
                              Debug/ledStripLightControl.o (TSCADCModuleClkConfig)
../../../../../..//binary/armv7a/gcc/am335x/beaglebone/platform/Debug/libplatform.a(uartConsole.o)
                              ../../../../../..//binary/armv7a/gcc/utils/Debug/libutils.a(uartStdio.o) (UARTConsoleInit)
../../../../../..//binary/armv7a/gcc/am335x/beaglebone/platform/Debug/libplatform.a(uart.o)
                              ../../../../../..//binary/armv7a/gcc/am335x/beaglebone/platform/Debug/libplatform.a(uartConsole.o) (UARTPinMuxSetup)
../../../../../..//binary/armv7a/gcc/am335x/system_config/Debug/libsystem_config.a(init.o)
                              (Entry)
../../../../../..//binary/armv7a/gcc/am335x/system_config/Debug/libsystem_config.a(interrupt.o)
                              Debug/ledStripLightControl.o (IntRegister)
../../../../../..//binary/armv7a/gcc/am335x/system_config/Debug/libsystem_config.a(startup.o)
                              ../../../../../..//binary/armv7a/gcc/am335x/system_config/Debug/libsystem_config.a(init.o) (start_boot)
../../../../../..//binary/armv7a/gcc/am335x/system_config/Debug/libsystem_config.a(cp15.o)
                              ../../../../../..//binary/armv7a/gcc/am335x/system_config/Debug/libsystem_config.a(startup.o) (CP15VectorBaseAddrSet)
../../../../../..//binary/armv7a/gcc/am335x/system_config/Debug/libsystem_config.a(cpu.o)
                              ../../../../../..//binary/armv7a/gcc/am335x/system_config/Debug/libsystem_config.a(interrupt.o) (CPUIntStatus)
../../../../../..//binary/armv7a/gcc/am335x/system_config/Debug/libsystem_config.a(exceptionhandler.o)
                              ../../../../../..//binary/armv7a/gcc/am335x/system_config/Debug/libsystem_config.a(startup.o) (IRQHandler)
/home/emanuel/Embarcados/Labs/compilador/gcc-arm-none-eabi-7-2018-q2-update/lib/gcc/arm-none-eabi/7.3.1/libgcc.a(_udivsi3.o)
                              (__aeabi_uidiv)
/home/emanuel/Embarcados/Labs/compilador/gcc-arm-none-eabi-7-2018-q2-update/lib/gcc/arm-none-eabi/7.3.1/libgcc.a(_divsi3.o)
                              (__aeabi_idiv)
/home/emanuel/Embarcados/Labs/compilador/gcc-arm-none-eabi-7-2018-q2-update/lib/gcc/arm-none-eabi/7.3.1/libgcc.a(_dvmd_tls.o)
                              /home/emanuel/Embarcados/Labs/compilador/gcc-arm-none-eabi-7-2018-q2-update/lib/gcc/arm-none-eabi/7.3.1/libgcc.a(_udivsi3.o) (__aeabi_idiv0)
../../../../../..//binary/armv7a/gcc/am335x/drivers/Debug/libdrivers.a(uart_irda_cir.o)
                              ../../../../../..//binary/armv7a/gcc/am335x/beaglebone/platform/Debug/libplatform.a(uartConsole.o) (UARTOperatingModeSelect)

Allocating common symbols
Common symbol       size              file

fnRAMVectors        0x200             ../../../../../..//binary/armv7a/gcc/am335x/system_config/Debug/libsystem_config.a(interrupt.o)

Discarded input sections

 .text          0x0000000000000000        0x0 Debug/ledStripLightControl.o
 .data          0x0000000000000000        0x0 Debug/ledStripLightControl.o
 .bss           0x0000000000000000        0x0 Debug/ledStripLightControl.o
 .text          0x0000000000000000        0x0 ../../../../../..//binary/armv7a/gcc/am335x/drivers/Debug/libdrivers.a(dmtimer.o)
 .data          0x0000000000000000        0x0 ../../../../../..//binary/armv7a/gcc/am335x/drivers/Debug/libdrivers.a(dmtimer.o)
 .bss           0x0000000000000000        0x0 ../../../../../..//binary/armv7a/gcc/am335x/drivers/Debug/libdrivers.a(dmtimer.o)
 .text.DMTimerPreScalerClkEnable
                0x0000000000000000       0xd8 ../../../../../..//binary/armv7a/gcc/am335x/drivers/Debug/libdrivers.a(dmtimer.o)
 .text.DMTimerPreScalerClkDisable
                0x0000000000000000       0x74 ../../../../../..//binary/armv7a/gcc/am335x/drivers/Debug/libdrivers.a(dmtimer.o)
 .text.DMTimerReloadSet
                0x0000000000000000       0x70 ../../../../../..//binary/armv7a/gcc/am335x/drivers/Debug/libdrivers.a(dmtimer.o)
 .text.DMTimerReloadGet
                0x0000000000000000       0x2c ../../../../../..//binary/armv7a/gcc/am335x/drivers/Debug/libdrivers.a(dmtimer.o)
 .text.DMTimerGPOConfigure
                0x0000000000000000       0xd8 ../../../../../..//binary/armv7a/gcc/am335x/drivers/Debug/libdrivers.a(dmtimer.o)
 .text.DMTimerCompareSet
                0x0000000000000000       0x70 ../../../../../..//binary/armv7a/gcc/am335x/drivers/Debug/libdrivers.a(dmtimer.o)
 .text.DMTimerCompareGet
                0x0000000000000000       0x2c ../../../../../..//binary/armv7a/gcc/am335x/drivers/Debug/libdrivers.a(dmtimer.o)
 .text.DMTimerIntRawStatusSet
                0x0000000000000000       0x3c ../../../../../..//binary/armv7a/gcc/am335x/drivers/Debug/libdrivers.a(dmtimer.o)
 .text.DMTimerIntRawStatusGet
                0x0000000000000000       0x2c ../../../../../..//binary/armv7a/gcc/am335x/drivers/Debug/libdrivers.a(dmtimer.o)
 .text.DMTimerIntStatusGet
                0x0000000000000000       0x2c ../../../../../..//binary/armv7a/gcc/am335x/drivers/Debug/libdrivers.a(dmtimer.o)
 .text.DMTimerIntStatusClear
                0x0000000000000000       0x3c ../../../../../..//binary/armv7a/gcc/am335x/drivers/Debug/libdrivers.a(dmtimer.o)
 .text.DMTimerIntEnable
                0x0000000000000000       0x3c ../../../../../..//binary/armv7a/gcc/am335x/drivers/Debug/libdrivers.a(dmtimer.o)
 .text.DMTimerIntDisable
                0x0000000000000000       0x3c ../../../../../..//binary/armv7a/gcc/am335x/drivers/Debug/libdrivers.a(dmtimer.o)
 .text.DMTimerTriggerSet
                0x0000000000000000       0x6c ../../../../../..//binary/armv7a/gcc/am335x/drivers/Debug/libdrivers.a(dmtimer.o)
 .text.DMTimerIntEnableGet
                0x0000000000000000       0x2c ../../../../../..//binary/armv7a/gcc/am335x/drivers/Debug/libdrivers.a(dmtimer.o)
 .text.DMTimerResetConfigure
                0x0000000000000000       0x64 ../../../../../..//binary/armv7a/gcc/am335x/drivers/Debug/libdrivers.a(dmtimer.o)
 .text.DMTimerReset
                0x0000000000000000       0x58 ../../../../../..//binary/armv7a/gcc/am335x/drivers/Debug/libdrivers.a(dmtimer.o)
 .text.DMTimerContextSave
                0x0000000000000000       0xc0 ../../../../../..//binary/armv7a/gcc/am335x/drivers/Debug/libdrivers.a(dmtimer.o)
 .text.DMTimerContextRestore
                0x0000000000000000      0x188 ../../../../../..//binary/armv7a/gcc/am335x/drivers/Debug/libdrivers.a(dmtimer.o)
 .text.DMTimerPostedModeConfig
                0x0000000000000000       0x64 ../../../../../..//binary/armv7a/gcc/am335x/drivers/Debug/libdrivers.a(dmtimer.o)
 .text          0x0000000000000000        0x0 ../../../../../..//binary/armv7a/gcc/am335x/drivers/Debug/libdrivers.a(gpio_v2.o)
 .data          0x0000000000000000        0x0 ../../../../../..//binary/armv7a/gcc/am335x/drivers/Debug/libdrivers.a(gpio_v2.o)
 .bss           0x0000000000000000        0x0 ../../../../../..//binary/armv7a/gcc/am335x/drivers/Debug/libdrivers.a(gpio_v2.o)
 .text.GPIOModuleReset
                0x0000000000000000       0x58 ../../../../../..//binary/armv7a/gcc/am335x/drivers/Debug/libdrivers.a(gpio_v2.o)
 .text.GPIOModuleEnable
                0x0000000000000000       0x3c ../../../../../..//binary/armv7a/gcc/am335x/drivers/Debug/libdrivers.a(gpio_v2.o)
 .text.GPIOModuleDisable
                0x0000000000000000       0x3c ../../../../../..//binary/armv7a/gcc/am335x/drivers/Debug/libdrivers.a(gpio_v2.o)
 .text.GPIODirModeGet
                0x0000000000000000       0x5c ../../../../../..//binary/armv7a/gcc/am335x/drivers/Debug/libdrivers.a(gpio_v2.o)
 .text.GPIOPinRead
                0x0000000000000000       0x40 ../../../../../..//binary/armv7a/gcc/am335x/drivers/Debug/libdrivers.a(gpio_v2.o)
 .text.GPIOMultiplePinsWrite
                0x0000000000000000       0x50 ../../../../../..//binary/armv7a/gcc/am335x/drivers/Debug/libdrivers.a(gpio_v2.o)
 .text.GPIOMultiplePinsRead
                0x0000000000000000       0x38 ../../../../../..//binary/armv7a/gcc/am335x/drivers/Debug/libdrivers.a(gpio_v2.o)
 .text.GPIOPinIntEnable
                0x0000000000000000       0x68 ../../../../../..//binary/armv7a/gcc/am335x/drivers/Debug/libdrivers.a(gpio_v2.o)
 .text.GPIOPinIntDisable
                0x0000000000000000       0x68 ../../../../../..//binary/armv7a/gcc/am335x/drivers/Debug/libdrivers.a(gpio_v2.o)
 .text.GPIOIntTypeSet
                0x0000000000000000      0x5d4 ../../../../../..//binary/armv7a/gcc/am335x/drivers/Debug/libdrivers.a(gpio_v2.o)
 .text.GPIOIntTypeGet
                0x0000000000000000      0x120 ../../../../../..//binary/armv7a/gcc/am335x/drivers/Debug/libdrivers.a(gpio_v2.o)
 .text.GPIORawIntStatus
                0x0000000000000000       0x74 ../../../../../..//binary/armv7a/gcc/am335x/drivers/Debug/libdrivers.a(gpio_v2.o)
 .text.GPIOTriggerPinInt
                0x0000000000000000       0x68 ../../../../../..//binary/armv7a/gcc/am335x/drivers/Debug/libdrivers.a(gpio_v2.o)
 .text.GPIOWakeupGlobalEnable
                0x0000000000000000       0x3c ../../../../../..//binary/armv7a/gcc/am335x/drivers/Debug/libdrivers.a(gpio_v2.o)
 .text.GPIOWakeupGlobalDisable
                0x0000000000000000       0x3c ../../../../../..//binary/armv7a/gcc/am335x/drivers/Debug/libdrivers.a(gpio_v2.o)
 .text.GPIOPinIntWakeUpEnable
                0x0000000000000000       0x90 ../../../../../..//binary/armv7a/gcc/am335x/drivers/Debug/libdrivers.a(gpio_v2.o)
 .text.GPIOPinIntWakeUpDisable
                0x0000000000000000       0x98 ../../../../../..//binary/armv7a/gcc/am335x/drivers/Debug/libdrivers.a(gpio_v2.o)
 .text.GPIOAutoIdleModeControl
                0x0000000000000000       0x64 ../../../../../..//binary/armv7a/gcc/am335x/drivers/Debug/libdrivers.a(gpio_v2.o)
 .text.GPIOIdleModeConfigure
                0x0000000000000000       0x64 ../../../../../..//binary/armv7a/gcc/am335x/drivers/Debug/libdrivers.a(gpio_v2.o)
 .text.GPIOGatingRatioConfigure
                0x0000000000000000       0x64 ../../../../../..//binary/armv7a/gcc/am335x/drivers/Debug/libdrivers.a(gpio_v2.o)
 .text.GPIODebounceFuncControl
                0x0000000000000000       0x80 ../../../../../..//binary/armv7a/gcc/am335x/drivers/Debug/libdrivers.a(gpio_v2.o)
 .text.GPIODebounceTimeConfig
                0x0000000000000000       0x3c ../../../../../..//binary/armv7a/gcc/am335x/drivers/Debug/libdrivers.a(gpio_v2.o)
 .text.GPIORevisionInfoGet
                0x0000000000000000       0x28 ../../../../../..//binary/armv7a/gcc/am335x/drivers/Debug/libdrivers.a(gpio_v2.o)
 .text.gpioContextSave
                0x0000000000000000       0x60 ../../../../../..//binary/armv7a/gcc/am335x/drivers/Debug/libdrivers.a(gpio_v2.o)
 .text.gpioContextRestore
                0x0000000000000000       0x6c ../../../../../..//binary/armv7a/gcc/am335x/drivers/Debug/libdrivers.a(gpio_v2.o)
 .text          0x0000000000000000        0x0 ../../../../../..//binary/armv7a/gcc/am335x/drivers/Debug/libdrivers.a(tsc_adc.o)
 .data          0x0000000000000000        0x0 ../../../../../..//binary/armv7a/gcc/am335x/drivers/Debug/libdrivers.a(tsc_adc.o)
 .bss           0x0000000000000000        0x0 ../../../../../..//binary/armv7a/gcc/am335x/drivers/Debug/libdrivers.a(tsc_adc.o)
 .text.TSCADCGetRevision
                0x0000000000000000       0x28 ../../../../../..//binary/armv7a/gcc/am335x/drivers/Debug/libdrivers.a(tsc_adc.o)
 .text.TSCADCIdleModeSet
                0x0000000000000000       0x64 ../../../../../..//binary/armv7a/gcc/am335x/drivers/Debug/libdrivers.a(tsc_adc.o)
 .text.TSCADCRawIntStatusSet
                0x0000000000000000       0x48 ../../../../../..//binary/armv7a/gcc/am335x/drivers/Debug/libdrivers.a(tsc_adc.o)
 .text.TSCADCRawIntStatusRead
                0x0000000000000000       0x38 ../../../../../..//binary/armv7a/gcc/am335x/drivers/Debug/libdrivers.a(tsc_adc.o)
 .text.TSCADCRawIntStatus
                0x0000000000000000       0x2c ../../../../../..//binary/armv7a/gcc/am335x/drivers/Debug/libdrivers.a(tsc_adc.o)
 .text.TSCADCIntStatusClear
                0x0000000000000000       0x38 ../../../../../..//binary/armv7a/gcc/am335x/drivers/Debug/libdrivers.a(tsc_adc.o)
 .text.TSCADCIntStatusRead
                0x0000000000000000       0x38 ../../../../../..//binary/armv7a/gcc/am335x/drivers/Debug/libdrivers.a(tsc_adc.o)
 .text.TSCADCIntStatus
                0x0000000000000000       0x2c ../../../../../..//binary/armv7a/gcc/am335x/drivers/Debug/libdrivers.a(tsc_adc.o)
 .text.TSCADCEventInterruptEnable
                0x0000000000000000       0x48 ../../../../../..//binary/armv7a/gcc/am335x/drivers/Debug/libdrivers.a(tsc_adc.o)
 .text.TSCADCEventInterruptDisable
                0x0000000000000000       0x38 ../../../../../..//binary/armv7a/gcc/am335x/drivers/Debug/libdrivers.a(tsc_adc.o)
 .text.TSCADCWakeUpPenEventConfig
                0x0000000000000000       0x38 ../../../../../..//binary/armv7a/gcc/am335x/drivers/Debug/libdrivers.a(tsc_adc.o)
 .text.TSCADCDMAFIFOEnable
                0x0000000000000000       0x54 ../../../../../..//binary/armv7a/gcc/am335x/drivers/Debug/libdrivers.a(tsc_adc.o)
 .text.TSCADCDMAFIFODisable
                0x0000000000000000       0x54 ../../../../../..//binary/armv7a/gcc/am335x/drivers/Debug/libdrivers.a(tsc_adc.o)
 .text.TSCADCIsDMAFIFOEnabled
                0x0000000000000000       0x3c ../../../../../..//binary/armv7a/gcc/am335x/drivers/Debug/libdrivers.a(tsc_adc.o)
 .text.TSCADCConfigHWEventPrempt
                0x0000000000000000       0x64 ../../../../../..//binary/armv7a/gcc/am335x/drivers/Debug/libdrivers.a(tsc_adc.o)
 .text.TSCADCHWEventMapSet
                0x0000000000000000       0x64 ../../../../../..//binary/armv7a/gcc/am335x/drivers/Debug/libdrivers.a(tsc_adc.o)
 .text.TSCADCSetADCPowerDown
                0x0000000000000000       0x58 ../../../../../..//binary/armv7a/gcc/am335x/drivers/Debug/libdrivers.a(tsc_adc.o)
 .text.TSCADCSetADCPowerUp
                0x0000000000000000       0x3c ../../../../../..//binary/armv7a/gcc/am335x/drivers/Debug/libdrivers.a(tsc_adc.o)
 .text.TSCADCBiasConfig
                0x0000000000000000       0x64 ../../../../../..//binary/armv7a/gcc/am335x/drivers/Debug/libdrivers.a(tsc_adc.o)
 .text.TSCADCStepConfigProtectionEnable
                0x0000000000000000       0x3c ../../../../../..//binary/armv7a/gcc/am335x/drivers/Debug/libdrivers.a(tsc_adc.o)
 .text.TSCADCSequencerPenIrqStatusRead
                0x0000000000000000       0x5c ../../../../../..//binary/armv7a/gcc/am335x/drivers/Debug/libdrivers.a(tsc_adc.o)
 .text.TSCADCSequencerFSMBusyStatus
                0x0000000000000000       0x34 ../../../../../..//binary/armv7a/gcc/am335x/drivers/Debug/libdrivers.a(tsc_adc.o)
 .text.TSCADCSequencerCurrentStepID
                0x0000000000000000       0x30 ../../../../../..//binary/armv7a/gcc/am335x/drivers/Debug/libdrivers.a(tsc_adc.o)
 .text.TSCADCOutputRangeConfig
                0x0000000000000000       0xb8 ../../../../../..//binary/armv7a/gcc/am335x/drivers/Debug/libdrivers.a(tsc_adc.o)
 .text.TSCADCConfigureMisc
                0x0000000000000000       0xb0 ../../../../../..//binary/armv7a/gcc/am335x/drivers/Debug/libdrivers.a(tsc_adc.o)
 .text.TSCADCIdleStepOperationModeControl
                0x0000000000000000       0x6c ../../../../../..//binary/armv7a/gcc/am335x/drivers/Debug/libdrivers.a(tsc_adc.o)
 .text.TSCADCIdleStepConfig
                0x0000000000000000      0x12c ../../../../../..//binary/armv7a/gcc/am335x/drivers/Debug/libdrivers.a(tsc_adc.o)
 .text.TSCADCIdleStepAnalogSupplyConfig
                0x0000000000000000       0xec ../../../../../..//binary/armv7a/gcc/am335x/drivers/Debug/libdrivers.a(tsc_adc.o)
 .text.TSCADCIdleStepAnalogGroundConfig
                0x0000000000000000      0x12c ../../../../../..//binary/armv7a/gcc/am335x/drivers/Debug/libdrivers.a(tsc_adc.o)
 .text.TSCADCChargeStepOperationModeControl
                0x0000000000000000       0x6c ../../../../../..//binary/armv7a/gcc/am335x/drivers/Debug/libdrivers.a(tsc_adc.o)
 .text.TSCADCChargeStepConfig
                0x0000000000000000      0x12c ../../../../../..//binary/armv7a/gcc/am335x/drivers/Debug/libdrivers.a(tsc_adc.o)
 .text.TSCADCChargeStepAnalogSupplyConfig
                0x0000000000000000       0xec ../../../../../..//binary/armv7a/gcc/am335x/drivers/Debug/libdrivers.a(tsc_adc.o)
 .text.TSCADCChargeStepAnalogGroundConfig
                0x0000000000000000      0x12c ../../../../../..//binary/armv7a/gcc/am335x/drivers/Debug/libdrivers.a(tsc_adc.o)
 .text.TSCADCTSChargeStepOpenDelayConfig
                0x0000000000000000       0x38 ../../../../../..//binary/armv7a/gcc/am335x/drivers/Debug/libdrivers.a(tsc_adc.o)
 .text.TSCADCTSStepAnalogSupplyConfig
                0x0000000000000000      0x17c ../../../../../..//binary/armv7a/gcc/am335x/drivers/Debug/libdrivers.a(tsc_adc.o)
 .text.TSCADCTSStepAnalogGroundConfig
                0x0000000000000000      0x1ec ../../../../../..//binary/armv7a/gcc/am335x/drivers/Debug/libdrivers.a(tsc_adc.o)
 .text.TSCADCTSStepOutOfRangeCheckEnable
                0x0000000000000000       0x58 ../../../../../..//binary/armv7a/gcc/am335x/drivers/Debug/libdrivers.a(tsc_adc.o)
 .text.TSCADCTSStepOutOfRangeCheckDisable
                0x0000000000000000       0x58 ../../../../../..//binary/armv7a/gcc/am335x/drivers/Debug/libdrivers.a(tsc_adc.o)
 .text.TSCADCTSStepAverageConfig
                0x0000000000000000       0x98 ../../../../../..//binary/armv7a/gcc/am335x/drivers/Debug/libdrivers.a(tsc_adc.o)
 .text.TSCADCTSStepSampleDelayConfig
                0x0000000000000000       0x98 ../../../../../..//binary/armv7a/gcc/am335x/drivers/Debug/libdrivers.a(tsc_adc.o)
 .text.TSCADCTSStepOpenDelayConfig
                0x0000000000000000       0x9c ../../../../../..//binary/armv7a/gcc/am335x/drivers/Debug/libdrivers.a(tsc_adc.o)
 .text.TSCADCFIFOChannelIDRead
                0x0000000000000000       0x44 ../../../../../..//binary/armv7a/gcc/am335x/drivers/Debug/libdrivers.a(tsc_adc.o)
 .text.TSCADCFIFOWordCountRead
                0x0000000000000000       0x40 ../../../../../..//binary/armv7a/gcc/am335x/drivers/Debug/libdrivers.a(tsc_adc.o)
 .text.TSCADCFIFOIRQThresholdLevelConfig
                0x0000000000000000       0x5c ../../../../../..//binary/armv7a/gcc/am335x/drivers/Debug/libdrivers.a(tsc_adc.o)
 .text.TSCADCFIFODMAThresholdLevelConfig
                0x0000000000000000       0x50 ../../../../../..//binary/armv7a/gcc/am335x/drivers/Debug/libdrivers.a(tsc_adc.o)
 .text          0x0000000000000000        0x0 ../../../../../..//binary/armv7a/gcc/utils/Debug/libutils.a(consoleUtils.o)
 .data          0x0000000000000000        0x0 ../../../../../..//binary/armv7a/gcc/utils/Debug/libutils.a(consoleUtils.o)
 .bss           0x0000000000000000        0x0 ../../../../../..//binary/armv7a/gcc/utils/Debug/libutils.a(consoleUtils.o)
 .text.ConsoleUtilsScanf
                0x0000000000000000       0x80 ../../../../../..//binary/armv7a/gcc/utils/Debug/libutils.a(consoleUtils.o)
 .text.ConsoleUtilsGets
                0x0000000000000000       0x74 ../../../../../..//binary/armv7a/gcc/utils/Debug/libutils.a(consoleUtils.o)
 .text.ConsoleUtilsPuts
                0x0000000000000000       0x64 ../../../../../..//binary/armv7a/gcc/utils/Debug/libutils.a(consoleUtils.o)
 .text.ConsoleUtilsGetChar
                0x0000000000000000       0xa8 ../../../../../..//binary/armv7a/gcc/utils/Debug/libutils.a(consoleUtils.o)
 .text.ConsoleUtilsPutChar
                0x0000000000000000       0x64 ../../../../../..//binary/armv7a/gcc/utils/Debug/libutils.a(consoleUtils.o)
 .text          0x0000000000000000        0x0 ../../../../../..//binary/armv7a/gcc/utils/Debug/libutils.a(uartStdio.o)
 .data          0x0000000000000000        0x0 ../../../../../..//binary/armv7a/gcc/utils/Debug/libutils.a(uartStdio.o)
 .bss           0x0000000000000000        0x0 ../../../../../..//binary/armv7a/gcc/utils/Debug/libutils.a(uartStdio.o)
 .rodata.g_pcHex
                0x0000000000000000        0x4 ../../../../../..//binary/armv7a/gcc/utils/Debug/libutils.a(uartStdio.o)
 .text.UARTStdioRead
                0x0000000000000000       0xd0 ../../../../../..//binary/armv7a/gcc/utils/Debug/libutils.a(uartStdio.o)
 .text.UARTGets
                0x0000000000000000       0xd8 ../../../../../..//binary/armv7a/gcc/utils/Debug/libutils.a(uartStdio.o)
 .text.UARTPutNum
                0x0000000000000000      0x150 ../../../../../..//binary/armv7a/gcc/utils/Debug/libutils.a(uartStdio.o)
 .text.UARTPutHexNum
                0x0000000000000000      0x178 ../../../../../..//binary/armv7a/gcc/utils/Debug/libutils.a(uartStdio.o)
 .text.UARTGetNum
                0x0000000000000000      0x100 ../../../../../..//binary/armv7a/gcc/utils/Debug/libutils.a(uartStdio.o)
 .text.UARTGetHexNum
                0x0000000000000000      0x2ec ../../../../../..//binary/armv7a/gcc/utils/Debug/libutils.a(uartStdio.o)
 .text.UARTGetc
                0x0000000000000000       0x20 ../../../../../..//binary/armv7a/gcc/utils/Debug/libutils.a(uartStdio.o)
 .text.UARTprintf
                0x0000000000000000      0x668 ../../../../../..//binary/armv7a/gcc/utils/Debug/libutils.a(uartStdio.o)
 .text.UARTScanf
                0x0000000000000000      0x9e4 ../../../../../..//binary/armv7a/gcc/utils/Debug/libutils.a(uartStdio.o)
 .text          0x0000000000000000        0x0 ../../../../../..//binary/armv7a/gcc/utils/Debug/libutils.a(ascii.o)
 .data          0x0000000000000000        0x0 ../../../../../..//binary/armv7a/gcc/utils/Debug/libutils.a(ascii.o)
 .bss           0x0000000000000000        0x0 ../../../../../..//binary/armv7a/gcc/utils/Debug/libutils.a(ascii.o)
 .text.ASCIIToDigit
                0x0000000000000000       0xe8 ../../../../../..//binary/armv7a/gcc/utils/Debug/libutils.a(ascii.o)
 .text.DigitToASCII
                0x0000000000000000       0xb8 ../../../../../..//binary/armv7a/gcc/utils/Debug/libutils.a(ascii.o)
 .text.StrToEthrAddr
                0x0000000000000000      0x184 ../../../../../..//binary/armv7a/gcc/utils/Debug/libutils.a(ascii.o)
 .text.EthrAddrToStr
                0x0000000000000000      0x180 ../../../../../..//binary/armv7a/gcc/utils/Debug/libutils.a(ascii.o)
 .text.TimeToStr
                0x0000000000000000      0x18c ../../../../../..//binary/armv7a/gcc/utils/Debug/libutils.a(ascii.o)
 .text.DateToStr
                0x0000000000000000      0x18c ../../../../../..//binary/armv7a/gcc/utils/Debug/libutils.a(ascii.o)
 .debug_info    0x0000000000000000      0x2b4 ../../../../../..//binary/armv7a/gcc/utils/Debug/libutils.a(ascii.o)
 .debug_abbrev  0x0000000000000000       0xdb ../../../../../..//binary/armv7a/gcc/utils/Debug/libutils.a(ascii.o)
 .debug_aranges
                0x0000000000000000       0x48 ../../../../../..//binary/armv7a/gcc/utils/Debug/libutils.a(ascii.o)
 .debug_ranges  0x0000000000000000       0x38 ../../../../../..//binary/armv7a/gcc/utils/Debug/libutils.a(ascii.o)
 .debug_line    0x0000000000000000      0x1c1 ../../../../../..//binary/armv7a/gcc/utils/Debug/libutils.a(ascii.o)
 .debug_str     0x0000000000000000      0x205 ../../../../../..//binary/armv7a/gcc/utils/Debug/libutils.a(ascii.o)
 .comment       0x0000000000000000       0x80 ../../../../../..//binary/armv7a/gcc/utils/Debug/libutils.a(ascii.o)
 .debug_frame   0x0000000000000000       0xd0 ../../../../../..//binary/armv7a/gcc/utils/Debug/libutils.a(ascii.o)
 .ARM.attributes
                0x0000000000000000       0x37 ../../../../../..//binary/armv7a/gcc/utils/Debug/libutils.a(ascii.o)
 .text          0x0000000000000000        0x0 ../../../../../..//binary/armv7a/gcc/am335x/beaglebone/platform/Debug/libplatform.a(dmtimer.o)
 .data          0x0000000000000000        0x0 ../../../../../..//binary/armv7a/gcc/am335x/beaglebone/platform/Debug/libplatform.a(dmtimer.o)
 .bss           0x0000000000000000        0x0 ../../../../../..//binary/armv7a/gcc/am335x/beaglebone/platform/Debug/libplatform.a(dmtimer.o)
 .text.DMTimer3ModuleClkConfig
                0x0000000000000000      0x264 ../../../../../..//binary/armv7a/gcc/am335x/beaglebone/platform/Debug/libplatform.a(dmtimer.o)
 .text.DMTimer2ModuleClkConfig
                0x0000000000000000      0x264 ../../../../../..//binary/armv7a/gcc/am335x/beaglebone/platform/Debug/libplatform.a(dmtimer.o)
 .text.DMTimer4ModuleClkConfig
                0x0000000000000000      0x26c ../../../../../..//binary/armv7a/gcc/am335x/beaglebone/platform/Debug/libplatform.a(dmtimer.o)
 .text.DMTimer6ModuleClkConfig
                0x0000000000000000       0xc8 ../../../../../..//binary/armv7a/gcc/am335x/beaglebone/platform/Debug/libplatform.a(dmtimer.o)
 .text.DMTimer1msModuleClkConfig
                0x0000000000000000       0xdc ../../../../../..//binary/armv7a/gcc/am335x/beaglebone/platform/Debug/libplatform.a(dmtimer.o)
 .text          0x0000000000000000        0x0 ../../../../../..//binary/armv7a/gcc/am335x/beaglebone/platform/Debug/libplatform.a(gpio.o)
 .data          0x0000000000000000        0x0 ../../../../../..//binary/armv7a/gcc/am335x/beaglebone/platform/Debug/libplatform.a(gpio.o)
 .bss           0x0000000000000000        0x0 ../../../../../..//binary/armv7a/gcc/am335x/beaglebone/platform/Debug/libplatform.a(gpio.o)
 .text          0x0000000000000000        0x0 ../../../../../..//binary/armv7a/gcc/am335x/beaglebone/platform/Debug/libplatform.a(tscAdc.o)
 .data          0x0000000000000000        0x0 ../../../../../..//binary/armv7a/gcc/am335x/beaglebone/platform/Debug/libplatform.a(tscAdc.o)
 .bss           0x0000000000000000        0x0 ../../../../../..//binary/armv7a/gcc/am335x/beaglebone/platform/Debug/libplatform.a(tscAdc.o)
 .text          0x0000000000000000        0x0 ../../../../../..//binary/armv7a/gcc/am335x/beaglebone/platform/Debug/libplatform.a(uartConsole.o)
 .data          0x0000000000000000        0x0 ../../../../../..//binary/armv7a/gcc/am335x/beaglebone/platform/Debug/libplatform.a(uartConsole.o)
 .bss           0x0000000000000000        0x0 ../../../../../..//binary/armv7a/gcc/am335x/beaglebone/platform/Debug/libplatform.a(uartConsole.o)
 .text.UARTConsoleGetc
                0x0000000000000000       0x2c ../../../../../..//binary/armv7a/gcc/am335x/beaglebone/platform/Debug/libplatform.a(uartConsole.o)
 .text          0x0000000000000000        0x0 ../../../../../..//binary/armv7a/gcc/am335x/beaglebone/platform/Debug/libplatform.a(uart.o)
 .data          0x0000000000000000        0x0 ../../../../../..//binary/armv7a/gcc/am335x/beaglebone/platform/Debug/libplatform.a(uart.o)
 .bss           0x0000000000000000        0x0 ../../../../../..//binary/armv7a/gcc/am335x/beaglebone/platform/Debug/libplatform.a(uart.o)
 .data          0x0000000000000000        0x0 ../../../../../..//binary/armv7a/gcc/am335x/system_config/Debug/libsystem_config.a(init.o)
 .bss           0x0000000000000000        0x0 ../../../../../..//binary/armv7a/gcc/am335x/system_config/Debug/libsystem_config.a(init.o)
 .text          0x0000000000000000        0x0 ../../../../../..//binary/armv7a/gcc/am335x/system_config/Debug/libsystem_config.a(interrupt.o)
 .data          0x0000000000000000        0x0 ../../../../../..//binary/armv7a/gcc/am335x/system_config/Debug/libsystem_config.a(interrupt.o)
 .bss           0x0000000000000000        0x0 ../../../../../..//binary/armv7a/gcc/am335x/system_config/Debug/libsystem_config.a(interrupt.o)
 .text.IntUnRegister
                0x0000000000000000       0x38 ../../../../../..//binary/armv7a/gcc/am335x/system_config/Debug/libsystem_config.a(interrupt.o)
 .text.IntSystemDisable
                0x0000000000000000       0x54 ../../../../../..//binary/armv7a/gcc/am335x/system_config/Debug/libsystem_config.a(interrupt.o)
 .text.IntIfClkFreeRunSet
                0x0000000000000000       0x34 ../../../../../..//binary/armv7a/gcc/am335x/system_config/Debug/libsystem_config.a(interrupt.o)
 .text.IntIfClkAutoGateSet
                0x0000000000000000       0x34 ../../../../../..//binary/armv7a/gcc/am335x/system_config/Debug/libsystem_config.a(interrupt.o)
 .text.IntActiveIrqNumGet
                0x0000000000000000       0x28 ../../../../../..//binary/armv7a/gcc/am335x/system_config/Debug/libsystem_config.a(interrupt.o)
 .text.IntSpurIrqFlagGet
                0x0000000000000000       0x2c ../../../../../..//binary/armv7a/gcc/am335x/system_config/Debug/libsystem_config.a(interrupt.o)
 .text.IntProtectionEnable
                0x0000000000000000       0x28 ../../../../../..//binary/armv7a/gcc/am335x/system_config/Debug/libsystem_config.a(interrupt.o)
 .text.IntProtectionDisable
                0x0000000000000000       0x34 ../../../../../..//binary/armv7a/gcc/am335x/system_config/Debug/libsystem_config.a(interrupt.o)
 .text.IntSyncClkFreeRunSet
                0x0000000000000000       0x34 ../../../../../..//binary/armv7a/gcc/am335x/system_config/Debug/libsystem_config.a(interrupt.o)
 .text.IntSyncClkAutoGateSet
                0x0000000000000000       0x34 ../../../../../..//binary/armv7a/gcc/am335x/system_config/Debug/libsystem_config.a(interrupt.o)
 .text.IntFuncClkFreeRunSet
                0x0000000000000000       0x34 ../../../../../..//binary/armv7a/gcc/am335x/system_config/Debug/libsystem_config.a(interrupt.o)
 .text.IntFuncClkAutoGateSet
                0x0000000000000000       0x34 ../../../../../..//binary/armv7a/gcc/am335x/system_config/Debug/libsystem_config.a(interrupt.o)
 .text.IntCurrIrqPriorityGet
                0x0000000000000000       0x28 ../../../../../..//binary/armv7a/gcc/am335x/system_config/Debug/libsystem_config.a(interrupt.o)
 .text.IntPriorityThresholdGet
                0x0000000000000000       0x28 ../../../../../..//binary/armv7a/gcc/am335x/system_config/Debug/libsystem_config.a(interrupt.o)
 .text.IntPriorityThresholdSet
                0x0000000000000000       0x34 ../../../../../..//binary/armv7a/gcc/am335x/system_config/Debug/libsystem_config.a(interrupt.o)
 .text.IntRawStatusGet
                0x0000000000000000       0x5c ../../../../../..//binary/armv7a/gcc/am335x/system_config/Debug/libsystem_config.a(interrupt.o)
 .text.IntSoftwareIntSet
                0x0000000000000000       0x50 ../../../../../..//binary/armv7a/gcc/am335x/system_config/Debug/libsystem_config.a(interrupt.o)
 .text.IntSoftwareIntClear
                0x0000000000000000       0x50 ../../../../../..//binary/armv7a/gcc/am335x/system_config/Debug/libsystem_config.a(interrupt.o)
 .text.IntPendingIrqMaskedStatusGet
                0x0000000000000000       0x58 ../../../../../..//binary/armv7a/gcc/am335x/system_config/Debug/libsystem_config.a(interrupt.o)
 .text.IntMasterIRQDisable
                0x0000000000000000       0x1c ../../../../../..//binary/armv7a/gcc/am335x/system_config/Debug/libsystem_config.a(interrupt.o)
 .text.IntMasterFIQEnable
                0x0000000000000000       0x1c ../../../../../..//binary/armv7a/gcc/am335x/system_config/Debug/libsystem_config.a(interrupt.o)
 .text.IntMasterFIQDisable
                0x0000000000000000       0x1c ../../../../../..//binary/armv7a/gcc/am335x/system_config/Debug/libsystem_config.a(interrupt.o)
 .text.IntMasterStatusGet
                0x0000000000000000       0x20 ../../../../../..//binary/armv7a/gcc/am335x/system_config/Debug/libsystem_config.a(interrupt.o)
 .text.IntDisable
                0x0000000000000000       0x3c ../../../../../..//binary/armv7a/gcc/am335x/system_config/Debug/libsystem_config.a(interrupt.o)
 .text.IntEnable
                0x0000000000000000       0x38 ../../../../../..//binary/armv7a/gcc/am335x/system_config/Debug/libsystem_config.a(interrupt.o)
 .text          0x0000000000000000        0x0 ../../../../../..//binary/armv7a/gcc/am335x/system_config/Debug/libsystem_config.a(startup.o)
 .data          0x0000000000000000        0x0 ../../../../../..//binary/armv7a/gcc/am335x/system_config/Debug/libsystem_config.a(startup.o)
 .bss           0x0000000000000000        0x0 ../../../../../..//binary/armv7a/gcc/am335x/system_config/Debug/libsystem_config.a(startup.o)
 .rodata.AM335X_VECTOR_BASE
                0x0000000000000000        0x4 ../../../../../..//binary/armv7a/gcc/am335x/system_config/Debug/libsystem_config.a(startup.o)
 .data          0x0000000000000000        0x0 ../../../../../..//binary/armv7a/gcc/am335x/system_config/Debug/libsystem_config.a(cp15.o)
 .bss           0x0000000000000000        0x0 ../../../../../..//binary/armv7a/gcc/am335x/system_config/Debug/libsystem_config.a(cp15.o)
 .text          0x0000000000000000        0x0 ../../../../../..//binary/armv7a/gcc/am335x/system_config/Debug/libsystem_config.a(cpu.o)
 .data          0x0000000000000000        0x0 ../../../../../..//binary/armv7a/gcc/am335x/system_config/Debug/libsystem_config.a(cpu.o)
 .bss           0x0000000000000000        0x0 ../../../../../..//binary/armv7a/gcc/am335x/system_config/Debug/libsystem_config.a(cpu.o)
 .text.CPUSwitchToPrivilegedMode
                0x0000000000000000       0x1c ../../../../../..//binary/armv7a/gcc/am335x/system_config/Debug/libsystem_config.a(cpu.o)
 .text.CPUSwitchToUserMode
                0x0000000000000000       0x28 ../../../../../..//binary/armv7a/gcc/am335x/system_config/Debug/libsystem_config.a(cpu.o)
 .text.CPUAbortHandler
                0x0000000000000000       0x18 ../../../../../..//binary/armv7a/gcc/am335x/system_config/Debug/libsystem_config.a(cpu.o)
 .text.CPUIntStatus
                0x0000000000000000       0x2c ../../../../../..//binary/armv7a/gcc/am335x/system_config/Debug/libsystem_config.a(cpu.o)
 .text.CPUirqd  0x0000000000000000       0x28 ../../../../../..//binary/armv7a/gcc/am335x/system_config/Debug/libsystem_config.a(cpu.o)
 .text.CPUfiqd  0x0000000000000000       0x28 ../../../../../..//binary/armv7a/gcc/am335x/system_config/Debug/libsystem_config.a(cpu.o)
 .text.CPUfiqe  0x0000000000000000       0x28 ../../../../../..//binary/armv7a/gcc/am335x/system_config/Debug/libsystem_config.a(cpu.o)
 .data          0x0000000000000000        0x0 ../../../../../..//binary/armv7a/gcc/am335x/system_config/Debug/libsystem_config.a(exceptionhandler.o)
 .bss           0x0000000000000000        0x0 ../../../../../..//binary/armv7a/gcc/am335x/system_config/Debug/libsystem_config.a(exceptionhandler.o)
 .data          0x0000000000000000        0x0 /home/emanuel/Embarcados/Labs/compilador/gcc-arm-none-eabi-7-2018-q2-update/lib/gcc/arm-none-eabi/7.3.1/libgcc.a(_udivsi3.o)
 .bss           0x0000000000000000        0x0 /home/emanuel/Embarcados/Labs/compilador/gcc-arm-none-eabi-7-2018-q2-update/lib/gcc/arm-none-eabi/7.3.1/libgcc.a(_udivsi3.o)
 .data          0x0000000000000000        0x0 /home/emanuel/Embarcados/Labs/compilador/gcc-arm-none-eabi-7-2018-q2-update/lib/gcc/arm-none-eabi/7.3.1/libgcc.a(_divsi3.o)
 .bss           0x0000000000000000        0x0 /home/emanuel/Embarcados/Labs/compilador/gcc-arm-none-eabi-7-2018-q2-update/lib/gcc/arm-none-eabi/7.3.1/libgcc.a(_divsi3.o)
 .data          0x0000000000000000        0x0 /home/emanuel/Embarcados/Labs/compilador/gcc-arm-none-eabi-7-2018-q2-update/lib/gcc/arm-none-eabi/7.3.1/libgcc.a(_dvmd_tls.o)
 .bss           0x0000000000000000        0x0 /home/emanuel/Embarcados/Labs/compilador/gcc-arm-none-eabi-7-2018-q2-update/lib/gcc/arm-none-eabi/7.3.1/libgcc.a(_dvmd_tls.o)
 .text          0x0000000000000000        0x0 ../../../../../..//binary/armv7a/gcc/am335x/drivers/Debug/libdrivers.a(uart_irda_cir.o)
 .data          0x0000000000000000        0x0 ../../../../../..//binary/armv7a/gcc/am335x/drivers/Debug/libdrivers.a(uart_irda_cir.o)
 .bss           0x0000000000000000        0x0 ../../../../../..//binary/armv7a/gcc/am335x/drivers/Debug/libdrivers.a(uart_irda_cir.o)
 .text.UARTDivisorLatchEnable
                0x0000000000000000       0x3c ../../../../../..//binary/armv7a/gcc/am335x/drivers/Debug/libdrivers.a(uart_irda_cir.o)
 .text.UARTRegConfModeRestore
                0x0000000000000000       0x38 ../../../../../..//binary/armv7a/gcc/am335x/drivers/Debug/libdrivers.a(uart_irda_cir.o)
 .text.UARTParityModeSet
                0x0000000000000000       0x64 ../../../../../..//binary/armv7a/gcc/am335x/drivers/Debug/libdrivers.a(uart_irda_cir.o)
 .text.UARTParityModeGet
                0x0000000000000000       0x30 ../../../../../..//binary/armv7a/gcc/am335x/drivers/Debug/libdrivers.a(uart_irda_cir.o)
 .text.UARTDMAEnable
                0x0000000000000000       0x84 ../../../../../..//binary/armv7a/gcc/am335x/drivers/Debug/libdrivers.a(uart_irda_cir.o)
 .text.UARTDMADisable
                0x0000000000000000       0x58 ../../../../../..//binary/armv7a/gcc/am335x/drivers/Debug/libdrivers.a(uart_irda_cir.o)
 .text.UARTSubConfigMSRSPRModeEn
                0x0000000000000000      0x12c ../../../../../..//binary/armv7a/gcc/am335x/drivers/Debug/libdrivers.a(uart_irda_cir.o)
 .text.UARTSubConfigXOFFModeEn
                0x0000000000000000      0x12c ../../../../../..//binary/armv7a/gcc/am335x/drivers/Debug/libdrivers.a(uart_irda_cir.o)
 .text.UARTIntEnable
                0x0000000000000000      0x13c ../../../../../..//binary/armv7a/gcc/am335x/drivers/Debug/libdrivers.a(uart_irda_cir.o)
 .text.UARTIntDisable
                0x0000000000000000      0x11c ../../../../../..//binary/armv7a/gcc/am335x/drivers/Debug/libdrivers.a(uart_irda_cir.o)
 .text.UARTSpaceAvail
                0x0000000000000000       0x7c ../../../../../..//binary/armv7a/gcc/am335x/drivers/Debug/libdrivers.a(uart_irda_cir.o)
 .text.UARTCharsAvail
                0x0000000000000000       0x7c ../../../../../..//binary/armv7a/gcc/am335x/drivers/Debug/libdrivers.a(uart_irda_cir.o)
 .text.UARTCharPutNonBlocking
                0x0000000000000000       0x90 ../../../../../..//binary/armv7a/gcc/am335x/drivers/Debug/libdrivers.a(uart_irda_cir.o)
 .text.UARTCharGetNonBlocking
                0x0000000000000000       0x80 ../../../../../..//binary/armv7a/gcc/am335x/drivers/Debug/libdrivers.a(uart_irda_cir.o)
 .text.UARTCharGet
                0x0000000000000000       0x84 ../../../../../..//binary/armv7a/gcc/am335x/drivers/Debug/libdrivers.a(uart_irda_cir.o)
 .text.UARTCharGetTimeout
                0x0000000000000000       0xb0 ../../../../../..//binary/armv7a/gcc/am335x/drivers/Debug/libdrivers.a(uart_irda_cir.o)
 .text.UARTFIFOCharPut
                0x0000000000000000       0x34 ../../../../../..//binary/armv7a/gcc/am335x/drivers/Debug/libdrivers.a(uart_irda_cir.o)
 .text.UARTFIFOCharGet
                0x0000000000000000       0x2c ../../../../../..//binary/armv7a/gcc/am335x/drivers/Debug/libdrivers.a(uart_irda_cir.o)
 .text.UARTFIFOWrite
                0x0000000000000000       0x74 ../../../../../..//binary/armv7a/gcc/am335x/drivers/Debug/libdrivers.a(uart_irda_cir.o)
 .text.UARTRxErrorGet
                0x0000000000000000       0x70 ../../../../../..//binary/armv7a/gcc/am335x/drivers/Debug/libdrivers.a(uart_irda_cir.o)
 .text.UARTIntIdentityGet
                0x0000000000000000       0x70 ../../../../../..//binary/armv7a/gcc/am335x/drivers/Debug/libdrivers.a(uart_irda_cir.o)
 .text.UARTIntPendingStatusGet
                0x0000000000000000       0x7c ../../../../../..//binary/armv7a/gcc/am335x/drivers/Debug/libdrivers.a(uart_irda_cir.o)
 .text.UARTFIFOEnableStatusGet
                0x0000000000000000       0x7c ../../../../../..//binary/armv7a/gcc/am335x/drivers/Debug/libdrivers.a(uart_irda_cir.o)
 .text.UARTAutoRTSAutoCTSControl
                0x0000000000000000       0xbc ../../../../../..//binary/armv7a/gcc/am335x/drivers/Debug/libdrivers.a(uart_irda_cir.o)
 .text.UARTSpecialCharDetectControl
                0x0000000000000000       0x94 ../../../../../..//binary/armv7a/gcc/am335x/drivers/Debug/libdrivers.a(uart_irda_cir.o)
 .text.UARTSoftwareFlowCtrlOptSet
                0x0000000000000000       0x94 ../../../../../..//binary/armv7a/gcc/am335x/drivers/Debug/libdrivers.a(uart_irda_cir.o)
 .text.UARTPulseShapingControl
                0x0000000000000000       0x64 ../../../../../..//binary/armv7a/gcc/am335x/drivers/Debug/libdrivers.a(uart_irda_cir.o)
 .text.UARTIdleModeConfigure
                0x0000000000000000       0x64 ../../../../../..//binary/armv7a/gcc/am335x/drivers/Debug/libdrivers.a(uart_irda_cir.o)
 .text.UARTWakeUpControl
                0x0000000000000000       0x64 ../../../../../..//binary/armv7a/gcc/am335x/drivers/Debug/libdrivers.a(uart_irda_cir.o)
 .text.UARTAutoIdleModeControl
                0x0000000000000000       0x64 ../../../../../..//binary/armv7a/gcc/am335x/drivers/Debug/libdrivers.a(uart_irda_cir.o)
 .text.UARTFlowCtrlTrigLvlConfig
                0x0000000000000000       0x68 ../../../../../..//binary/armv7a/gcc/am335x/drivers/Debug/libdrivers.a(uart_irda_cir.o)
 .text.UARTXON1XOFF1ValProgram
                0x0000000000000000       0x58 ../../../../../..//binary/armv7a/gcc/am335x/drivers/Debug/libdrivers.a(uart_irda_cir.o)
 .text.UARTXON2XOFF2ValProgram
                0x0000000000000000       0x58 ../../../../../..//binary/armv7a/gcc/am335x/drivers/Debug/libdrivers.a(uart_irda_cir.o)
 .text.UARTXONAnyFeatureControl
                0x0000000000000000      0x10c ../../../../../..//binary/armv7a/gcc/am335x/drivers/Debug/libdrivers.a(uart_irda_cir.o)
 .text.UARTLoopbackModeControl
                0x0000000000000000       0x64 ../../../../../..//binary/armv7a/gcc/am335x/drivers/Debug/libdrivers.a(uart_irda_cir.o)
 .text.UARTModemControlSet
                0x0000000000000000       0x48 ../../../../../..//binary/armv7a/gcc/am335x/drivers/Debug/libdrivers.a(uart_irda_cir.o)
 .text.UARTModemControlClear
                0x0000000000000000       0x4c ../../../../../..//binary/armv7a/gcc/am335x/drivers/Debug/libdrivers.a(uart_irda_cir.o)
 .text.UARTModemStatusGet
                0x0000000000000000       0x30 ../../../../../..//binary/armv7a/gcc/am335x/drivers/Debug/libdrivers.a(uart_irda_cir.o)
 .text.UARTModemStatusChangeCheck
                0x0000000000000000       0x30 ../../../../../..//binary/armv7a/gcc/am335x/drivers/Debug/libdrivers.a(uart_irda_cir.o)
 .text.UARTResumeOperation
                0x0000000000000000       0x2c ../../../../../..//binary/armv7a/gcc/am335x/drivers/Debug/libdrivers.a(uart_irda_cir.o)
 .text.UARTWakeUpEventsEnable
                0x0000000000000000       0x48 ../../../../../..//binary/armv7a/gcc/am335x/drivers/Debug/libdrivers.a(uart_irda_cir.o)
 .text.UARTWakeUpEventsDisable
                0x0000000000000000       0x4c ../../../../../..//binary/armv7a/gcc/am335x/drivers/Debug/libdrivers.a(uart_irda_cir.o)
 .text.UARTFIFOTrigLvlGranControl
                0x0000000000000000       0x8c ../../../../../..//binary/armv7a/gcc/am335x/drivers/Debug/libdrivers.a(uart_irda_cir.o)
 .text.UARTDSRInterruptControl
                0x0000000000000000       0x64 ../../../../../..//binary/armv7a/gcc/am335x/drivers/Debug/libdrivers.a(uart_irda_cir.o)
 .text.UARTTxEmptyIntControl
                0x0000000000000000       0x64 ../../../../../..//binary/armv7a/gcc/am335x/drivers/Debug/libdrivers.a(uart_irda_cir.o)
 .text.UARTRXCTSDSRWakeUpConfigure
                0x0000000000000000       0x64 ../../../../../..//binary/armv7a/gcc/am335x/drivers/Debug/libdrivers.a(uart_irda_cir.o)
 .text.UARTRXCTSDSRTransitionStatusGet
                0x0000000000000000       0x30 ../../../../../..//binary/armv7a/gcc/am335x/drivers/Debug/libdrivers.a(uart_irda_cir.o)
 .text.UARTDMACounterResetControl
                0x0000000000000000       0x64 ../../../../../..//binary/armv7a/gcc/am335x/drivers/Debug/libdrivers.a(uart_irda_cir.o)
 .text.UARTTxFIFOFullStatusGet
                0x0000000000000000       0x30 ../../../../../..//binary/armv7a/gcc/am335x/drivers/Debug/libdrivers.a(uart_irda_cir.o)
 .text.UARTTxFIFOLevelGet
                0x0000000000000000       0x2c ../../../../../..//binary/armv7a/gcc/am335x/drivers/Debug/libdrivers.a(uart_irda_cir.o)
 .text.UARTRxFIFOLevelGet
                0x0000000000000000       0x2c ../../../../../..//binary/armv7a/gcc/am335x/drivers/Debug/libdrivers.a(uart_irda_cir.o)
 .text.UARTAutobaudParityGet
                0x0000000000000000       0x70 ../../../../../..//binary/armv7a/gcc/am335x/drivers/Debug/libdrivers.a(uart_irda_cir.o)
 .text.UARTAutobaudWordLenGet
                0x0000000000000000       0x70 ../../../../../..//binary/armv7a/gcc/am335x/drivers/Debug/libdrivers.a(uart_irda_cir.o)
 .text.UARTAutobaudSpeedGet
                0x0000000000000000       0x70 ../../../../../..//binary/armv7a/gcc/am335x/drivers/Debug/libdrivers.a(uart_irda_cir.o)
 .text.UARTScratchPadRegWrite
                0x0000000000000000       0x64 ../../../../../..//binary/armv7a/gcc/am335x/drivers/Debug/libdrivers.a(uart_irda_cir.o)
 .text.UARTScratchPadRegRead
                0x0000000000000000       0x30 ../../../../../..//binary/armv7a/gcc/am335x/drivers/Debug/libdrivers.a(uart_irda_cir.o)
 .text.UARTModuleVersionNumberGet
                0x0000000000000000       0x30 ../../../../../..//binary/armv7a/gcc/am335x/drivers/Debug/libdrivers.a(uart_irda_cir.o)
 .text.UARTTxDMAThresholdControl
                0x0000000000000000       0x64 ../../../../../..//binary/armv7a/gcc/am335x/drivers/Debug/libdrivers.a(uart_irda_cir.o)
 .text.UARTTxDMAThresholdValConfig
                0x0000000000000000       0x64 ../../../../../..//binary/armv7a/gcc/am335x/drivers/Debug/libdrivers.a(uart_irda_cir.o)

Memory Configuration

Name             Origin             Length             Attributes
DDR0             0x0000000080000000 0x0000000010000000
*default*        0x0000000000000000 0xffffffffffffffff

Linker script and memory map

LOAD Debug/ledStripLightControl.o
LOAD ../../../../../..//binary/armv7a/gcc/am335x/drivers/Debug/libdrivers.a
LOAD ../../../../../..//binary/armv7a/gcc/utils/Debug/libutils.a
LOAD ../../../../../..//binary/armv7a/gcc/am335x/beaglebone/platform/Debug/libplatform.a
LOAD ../../../../../..//binary/armv7a/gcc/am335x/system_config/Debug/libsystem_config.a
LOAD /home/emanuel/Embarcados/Labs/compilador/gcc-arm-none-eabi-7-2018-q2-update/arm-none-eabi/lib/libc.a
LOAD /home/emanuel/Embarcados/Labs/compilador/gcc-arm-none-eabi-7-2018-q2-update/lib/gcc/arm-none-eabi/7.3.1/libgcc.a
LOAD ../../../../../..//binary/armv7a/gcc/am335x/drivers/Debug/libdrivers.a
LOAD ../../../../../..//binary/armv7a/gcc/utils/Debug/libutils.a
LOAD ../../../../../..//binary/armv7a/gcc/am335x/beaglebone/platform/Debug/libplatform.a
LOAD ../../../../../..//binary/armv7a/gcc/am335x/system_config/Debug/libsystem_config.a
LOAD /home/emanuel/Embarcados/Labs/compilador/gcc-arm-none-eabi-7-2018-q2-update/arm-none-eabi/lib/libc.a
LOAD /home/emanuel/Embarcados/Labs/compilador/gcc-arm-none-eabi-7-2018-q2-update/lib/gcc/arm-none-eabi/7.3.1/libgcc.a

.startcode      0x0000000080000000       0xbc
                0x0000000080000000                . = ALIGN (0x4)
 *init.o(.text)
 .text          0x0000000080000000       0xbc ../../../../../..//binary/armv7a/gcc/am335x/system_config/Debug/libsystem_config.a(init.o)
                0x0000000080000000                Entry

.text           0x00000000800000bc     0x54b4
                0x00000000800000bc                . = ALIGN (0x4)
 *(.text*)
 .text.main     0x00000000800000bc      0x708 Debug/ledStripLightControl.o
                0x00000000800000bc                main
 .text.clearPins
                0x00000000800007c4       0x84 Debug/ledStripLightControl.o
 .text.togle    0x0000000080000848       0x84 Debug/ledStripLightControl.o
 .text.gpioIsr  0x00000000800008cc      0x16c Debug/ledStripLightControl.o
 .text.Delay    0x0000000080000a38       0xa0 Debug/ledStripLightControl.o
 .text.initSerial
                0x0000000080000ad8       0x2c Debug/ledStripLightControl.o
 .text.initLed  0x0000000080000b04       0x58 Debug/ledStripLightControl.o
 .text.initButton
                0x0000000080000b5c       0x58 Debug/ledStripLightControl.o
 .text.gpioAintcConf
                0x0000000080000bb4       0x5c Debug/ledStripLightControl.o
 .text.gpioPinIntConf
                0x0000000080000c10       0x68 Debug/ledStripLightControl.o
 .text.gpioIntTypeSet
                0x0000000080000c78      0x5a8 Debug/ledStripLightControl.o
 .text.ADCConfigure
                0x0000000080001220       0xf4 Debug/ledStripLightControl.o
 .text.StepConfigure
                0x0000000080001314       0xa8 Debug/ledStripLightControl.o
 .text.DMTimerEnable
                0x00000000800013bc       0x74 ../../../../../..//binary/armv7a/gcc/am335x/drivers/Debug/libdrivers.a(dmtimer.o)
                0x00000000800013bc                DMTimerEnable
 .text.DMTimerDisable
                0x0000000080001430       0x74 ../../../../../..//binary/armv7a/gcc/am335x/drivers/Debug/libdrivers.a(dmtimer.o)
                0x0000000080001430                DMTimerDisable
 .text.DMTimerModeConfigure
                0x00000000800014a4       0xd8 ../../../../../..//binary/armv7a/gcc/am335x/drivers/Debug/libdrivers.a(dmtimer.o)
                0x00000000800014a4                DMTimerModeConfigure
 .text.DMTimerCounterSet
                0x000000008000157c       0x70 ../../../../../..//binary/armv7a/gcc/am335x/drivers/Debug/libdrivers.a(dmtimer.o)
                0x000000008000157c                DMTimerCounterSet
 .text.DMTimerCounterGet
                0x00000000800015ec       0x64 ../../../../../..//binary/armv7a/gcc/am335x/drivers/Debug/libdrivers.a(dmtimer.o)
                0x00000000800015ec                DMTimerCounterGet
 .text.DMTimerWritePostedStatusGet
                0x0000000080001650       0x2c ../../../../../..//binary/armv7a/gcc/am335x/drivers/Debug/libdrivers.a(dmtimer.o)
                0x0000000080001650                DMTimerWritePostedStatusGet
 .text.GPIODirModeSet
                0x000000008000167c       0x94 ../../../../../..//binary/armv7a/gcc/am335x/drivers/Debug/libdrivers.a(gpio_v2.o)
                0x000000008000167c                GPIODirModeSet
 .text.GPIOPinWrite
                0x0000000080001710       0x68 ../../../../../..//binary/armv7a/gcc/am335x/drivers/Debug/libdrivers.a(gpio_v2.o)
                0x0000000080001710                GPIOPinWrite
 .text.GPIOPinIntStatus
                0x0000000080001778       0x84 ../../../../../..//binary/armv7a/gcc/am335x/drivers/Debug/libdrivers.a(gpio_v2.o)
                0x0000000080001778                GPIOPinIntStatus
 .text.GPIOPinIntClear
                0x00000000800017fc       0x68 ../../../../../..//binary/armv7a/gcc/am335x/drivers/Debug/libdrivers.a(gpio_v2.o)
                0x00000000800017fc                GPIOPinIntClear
 .text.TSCADCTSTransistorConfig
                0x0000000080001864       0x64 ../../../../../..//binary/armv7a/gcc/am335x/drivers/Debug/libdrivers.a(tsc_adc.o)
                0x0000000080001864                TSCADCTSTransistorConfig
 .text.TSCADCTSModeConfig
                0x00000000800018c8       0x64 ../../../../../..//binary/armv7a/gcc/am335x/drivers/Debug/libdrivers.a(tsc_adc.o)
                0x00000000800018c8                TSCADCTSModeConfig
 .text.TSCADCStepConfigProtectionDisable
                0x000000008000192c       0x3c ../../../../../..//binary/armv7a/gcc/am335x/drivers/Debug/libdrivers.a(tsc_adc.o)
                0x000000008000192c                TSCADCStepConfigProtectionDisable
 .text.TSCADCStepIDTagConfig
                0x0000000080001968       0x64 ../../../../../..//binary/armv7a/gcc/am335x/drivers/Debug/libdrivers.a(tsc_adc.o)
                0x0000000080001968                TSCADCStepIDTagConfig
 .text.TSCADCModuleStateSet
                0x00000000800019cc       0x64 ../../../../../..//binary/armv7a/gcc/am335x/drivers/Debug/libdrivers.a(tsc_adc.o)
                0x00000000800019cc                TSCADCModuleStateSet
 .text.TSCADCConfigureAFEClock
                0x0000000080001a30       0x78 ../../../../../..//binary/armv7a/gcc/am335x/drivers/Debug/libdrivers.a(tsc_adc.o)
                0x0000000080001a30                TSCADCConfigureAFEClock
 .text.TSCADCConfigureStepEnable
                0x0000000080001aa8       0x80 ../../../../../..//binary/armv7a/gcc/am335x/drivers/Debug/libdrivers.a(tsc_adc.o)
                0x0000000080001aa8                TSCADCConfigureStepEnable
 .text.TSCADCTSStepOperationModeControl
                0x0000000080001b28       0xa0 ../../../../../..//binary/armv7a/gcc/am335x/drivers/Debug/libdrivers.a(tsc_adc.o)
                0x0000000080001b28                TSCADCTSStepOperationModeControl
 .text.TSCADCTSStepConfig
                0x0000000080001bc8      0x1ec ../../../../../..//binary/armv7a/gcc/am335x/drivers/Debug/libdrivers.a(tsc_adc.o)
                0x0000000080001bc8                TSCADCTSStepConfig
 .text.TSCADCTSStepFIFOSelConfig
                0x0000000080001db4       0x98 ../../../../../..//binary/armv7a/gcc/am335x/drivers/Debug/libdrivers.a(tsc_adc.o)
                0x0000000080001db4                TSCADCTSStepFIFOSelConfig
 .text.TSCADCTSStepModeConfig
                0x0000000080001e4c       0x98 ../../../../../..//binary/armv7a/gcc/am335x/drivers/Debug/libdrivers.a(tsc_adc.o)
                0x0000000080001e4c                TSCADCTSStepModeConfig
 .text.TSCADCFIFOADCDataRead
                0x0000000080001ee4       0x40 ../../../../../..//binary/armv7a/gcc/am335x/drivers/Debug/libdrivers.a(tsc_adc.o)
                0x0000000080001ee4                TSCADCFIFOADCDataRead
 .text.ConsoleUtilsInit
                0x0000000080001f24       0x1c ../../../../../..//binary/armv7a/gcc/utils/Debug/libutils.a(consoleUtils.o)
                0x0000000080001f24                ConsoleUtilsInit
 .text.ConsoleUtilsSetType
                0x0000000080001f40       0x58 ../../../../../..//binary/armv7a/gcc/utils/Debug/libutils.a(consoleUtils.o)
                0x0000000080001f40                ConsoleUtilsSetType
 .text.ConsoleUtilsPrintf
                0x0000000080001f98       0x70 ../../../../../..//binary/armv7a/gcc/utils/Debug/libutils.a(consoleUtils.o)
                0x0000000080001f98                ConsoleUtilsPrintf
 .text.UARTStdioInit
                0x0000000080002008       0x1c ../../../../../..//binary/armv7a/gcc/utils/Debug/libutils.a(uartStdio.o)
                0x0000000080002008                UARTStdioInit
 .text.UARTPuts
                0x0000000080002024       0xe4 ../../../../../..//binary/armv7a/gcc/utils/Debug/libutils.a(uartStdio.o)
                0x0000000080002024                UARTPuts
 .text.UARTPutc
                0x0000000080002108       0x34 ../../../../../..//binary/armv7a/gcc/utils/Debug/libutils.a(uartStdio.o)
                0x0000000080002108                UARTPutc
 .text.UARTwrite
                0x000000008000213c       0x94 ../../../../../..//binary/armv7a/gcc/utils/Debug/libutils.a(uartStdio.o)
                0x000000008000213c                UARTwrite
 .text.UARTPrintf
                0x00000000800021d0      0x65c ../../../../../..//binary/armv7a/gcc/utils/Debug/libutils.a(uartStdio.o)
                0x00000000800021d0                UARTPrintf
 .text.DMTimer7ModuleClkConfig
                0x000000008000282c      0x264 ../../../../../..//binary/armv7a/gcc/am335x/beaglebone/platform/Debug/libplatform.a(dmtimer.o)
                0x000000008000282c                DMTimer7ModuleClkConfig
 .text.GPIOPinMuxSetup
                0x0000000080002a90      0x224 ../../../../../..//binary/armv7a/gcc/am335x/beaglebone/platform/Debug/libplatform.a(gpio.o)
                0x0000000080002a90                GPIOPinMuxSetup
 .text.GPIOModuleClkConfig
                0x0000000080002cb4      0x2d4 ../../../../../..//binary/armv7a/gcc/am335x/beaglebone/platform/Debug/libplatform.a(gpio.o)
                0x0000000080002cb4                GPIOModuleClkConfig
 .text.TSCADCModuleClkConfig
                0x0000000080002f88      0x360 ../../../../../..//binary/armv7a/gcc/am335x/beaglebone/platform/Debug/libplatform.a(tscAdc.o)
                0x0000000080002f88                TSCADCModuleClkConfig
 .text.TSCADCPinMuxSetUp
                0x00000000800032e8       0xbc ../../../../../..//binary/armv7a/gcc/am335x/beaglebone/platform/Debug/libplatform.a(tscAdc.o)
                0x00000000800032e8                TSCADCPinMuxSetUp
 .text.UARTStdioInitExpClk
                0x00000000800033a4       0xd4 ../../../../../..//binary/armv7a/gcc/am335x/beaglebone/platform/Debug/libplatform.a(uartConsole.o)
 .text.UartFIFOConfigure
                0x0000000080003478       0x68 ../../../../../..//binary/armv7a/gcc/am335x/beaglebone/platform/Debug/libplatform.a(uartConsole.o)
 .text.UartBaudRateSet
                0x00000000800034e0       0x60 ../../../../../..//binary/armv7a/gcc/am335x/beaglebone/platform/Debug/libplatform.a(uartConsole.o)
 .text.UARTConsoleInit
                0x0000000080003540       0x48 ../../../../../..//binary/armv7a/gcc/am335x/beaglebone/platform/Debug/libplatform.a(uartConsole.o)
                0x0000000080003540                UARTConsoleInit
 .text.UARTConsolePutc
                0x0000000080003588       0x3c ../../../../../..//binary/armv7a/gcc/am335x/beaglebone/platform/Debug/libplatform.a(uartConsole.o)
                0x0000000080003588                UARTConsolePutc
 .text.UARTPinMuxSetup
                0x00000000800035c4       0x4c ../../../../../..//binary/armv7a/gcc/am335x/beaglebone/platform/Debug/libplatform.a(uart.o)
                0x00000000800035c4                UARTPinMuxSetup
 .text.UART0ModuleClkConfig
                0x0000000080003610      0x360 ../../../../../..//binary/armv7a/gcc/am335x/beaglebone/platform/Debug/libplatform.a(uart.o)
                0x0000000080003610                UART0ModuleClkConfig
 .text.IntDefaultHandler
                0x0000000080003970       0x18 ../../../../../..//binary/armv7a/gcc/am335x/system_config/Debug/libsystem_config.a(interrupt.o)
 .text.IntRegister
                0x0000000080003988       0x38 ../../../../../..//binary/armv7a/gcc/am335x/system_config/Debug/libsystem_config.a(interrupt.o)
                0x0000000080003988                IntRegister
 .text.IntAINTCInit
                0x00000000800039c0       0x94 ../../../../../..//binary/armv7a/gcc/am335x/system_config/Debug/libsystem_config.a(interrupt.o)
                0x00000000800039c0                IntAINTCInit
 .text.IntPrioritySet
                0x0000000080003a54       0x58 ../../../../../..//binary/armv7a/gcc/am335x/system_config/Debug/libsystem_config.a(interrupt.o)
                0x0000000080003a54                IntPrioritySet
 .text.IntSystemEnable
                0x0000000080003aac       0x54 ../../../../../..//binary/armv7a/gcc/am335x/system_config/Debug/libsystem_config.a(interrupt.o)
                0x0000000080003aac                IntSystemEnable
 .text.IntMasterIRQEnable
                0x0000000080003b00       0x1c ../../../../../..//binary/armv7a/gcc/am335x/system_config/Debug/libsystem_config.a(interrupt.o)
                0x0000000080003b00                IntMasterIRQEnable
 .text.start_boot
                0x0000000080003b1c       0x24 ../../../../../..//binary/armv7a/gcc/am335x/system_config/Debug/libsystem_config.a(startup.o)
                0x0000000080003b1c                start_boot
 .text.CopyVectorTable
                0x0000000080003b40       0x94 ../../../../../..//binary/armv7a/gcc/am335x/system_config/Debug/libsystem_config.a(startup.o)
 .text          0x0000000080003bd4      0x488 ../../../../../..//binary/armv7a/gcc/am335x/system_config/Debug/libsystem_config.a(cp15.o)
                0x0000000080003bd4                CP15ICacheDisable
                0x0000000080003bf0                CP15DCacheDisable
                0x0000000080003c0c                CP15ICacheEnable
                0x0000000080003c1c                CP15DCacheEnable
                0x0000000080003c2c                CP15DCacheFlush
                0x0000000080003cc0                CP15DCacheClean
                0x0000000080003d54                CP15DCacheCleanFlush
                0x0000000080003de8                CP15ICacheFlush
                0x0000000080003df8                CP15DCacheCleanBuff
                0x0000000080003e4c                CP15DCacheCleanFlushBuff
                0x0000000080003ea0                CP15DCacheFlushBuff
                0x0000000080003f04                CP15ICacheFlushBuff
                0x0000000080003f58                CP15Ttb0Set
                0x0000000080003f64                CP15TlbInvalidate
                0x0000000080003f70                CP15MMUDisable
                0x0000000080003f88                CP15MMUEnable
                0x0000000080003f9c                CP15VectorBaseAddrSet
                0x0000000080003fa8                CP15BranchPredictorInvalidate
                0x0000000080003fb4                CP15BranchPredictionEnable
                0x0000000080003fc4                CP15BranchPredictionDisable
                0x0000000080003fd4                CP15DomainAccessClientSet
                0x0000000080003fe4                CP15ControlFeatureDisable
                0x0000000080003ff8                CP15ControlFeatureEnable
                0x000000008000400c                CP15TtbCtlTtb0Config
                0x000000008000401c                CP15AuxControlFeatureEnable
                0x0000000080004030                CP15AuxControlFeatureDisable
                0x0000000080004044                CP15MainIdPrimPartNumGet
 .text.CPUirqe  0x000000008000405c       0x28 ../../../../../..//binary/armv7a/gcc/am335x/system_config/Debug/libsystem_config.a(cpu.o)
                0x000000008000405c                CPUirqe
 .text          0x0000000080004084       0xf0 ../../../../../..//binary/armv7a/gcc/am335x/system_config/Debug/libsystem_config.a(exceptionhandler.o)
                0x0000000080004084                SVC_Handler
                0x00000000800040ac                IRQHandler
                0x0000000080004158                FIQHandler
                0x000000008000415c                UndefInstHandler
                0x000000008000415c                AbortHandler
 .text          0x0000000080004174      0x114 /home/emanuel/Embarcados/Labs/compilador/gcc-arm-none-eabi-7-2018-q2-update/lib/gcc/arm-none-eabi/7.3.1/libgcc.a(_udivsi3.o)
                0x0000000080004174                __udivsi3
                0x0000000080004174                __aeabi_uidiv
                0x0000000080004268                __aeabi_uidivmod
 .text          0x0000000080004288      0x148 /home/emanuel/Embarcados/Labs/compilador/gcc-arm-none-eabi-7-2018-q2-update/lib/gcc/arm-none-eabi/7.3.1/libgcc.a(_divsi3.o)
                0x0000000080004288                __aeabi_idiv
                0x0000000080004288                __divsi3
                0x00000000800043b0                __aeabi_idivmod
 .text          0x00000000800043d0        0x4 /home/emanuel/Embarcados/Labs/compilador/gcc-arm-none-eabi-7-2018-q2-update/lib/gcc/arm-none-eabi/7.3.1/libgcc.a(_dvmd_tls.o)
                0x00000000800043d0                __aeabi_ldiv0
                0x00000000800043d0                __aeabi_idiv0
 .text.UARTOperatingModeSelect
                0x00000000800043d4       0x84 ../../../../../..//binary/armv7a/gcc/am335x/drivers/Debug/libdrivers.a(uart_irda_cir.o)
                0x00000000800043d4                UARTOperatingModeSelect
 .text.UARTDivisorValCompute
                0x0000000080004458       0xf8 ../../../../../..//binary/armv7a/gcc/am335x/drivers/Debug/libdrivers.a(uart_irda_cir.o)
                0x0000000080004458                UARTDivisorValCompute
 .text.UARTDivisorLatchWrite
                0x0000000080004550      0x214 ../../../../../..//binary/armv7a/gcc/am335x/drivers/Debug/libdrivers.a(uart_irda_cir.o)
                0x0000000080004550                UARTDivisorLatchWrite
 .text.UARTDivisorLatchDisable
                0x0000000080004764       0x3c ../../../../../..//binary/armv7a/gcc/am335x/drivers/Debug/libdrivers.a(uart_irda_cir.o)
                0x0000000080004764                UARTDivisorLatchDisable
 .text.UARTRegConfigModeEnable
                0x00000000800047a0       0x9c ../../../../../..//binary/armv7a/gcc/am335x/drivers/Debug/libdrivers.a(uart_irda_cir.o)
                0x00000000800047a0                UARTRegConfigModeEnable
 .text.UARTBreakCtl
                0x000000008000483c       0x64 ../../../../../..//binary/armv7a/gcc/am335x/drivers/Debug/libdrivers.a(uart_irda_cir.o)
                0x000000008000483c                UARTBreakCtl
 .text.UARTLineCharacConfig
                0x00000000800048a0       0xa8 ../../../../../..//binary/armv7a/gcc/am335x/drivers/Debug/libdrivers.a(uart_irda_cir.o)
                0x00000000800048a0                UARTLineCharacConfig
 .text.UARTFIFOConfig
                0x0000000080004948      0x484 ../../../../../..//binary/armv7a/gcc/am335x/drivers/Debug/libdrivers.a(uart_irda_cir.o)
                0x0000000080004948                UARTFIFOConfig
 .text.UARTFIFORegisterWrite
                0x0000000080004dcc       0xcc ../../../../../..//binary/armv7a/gcc/am335x/drivers/Debug/libdrivers.a(uart_irda_cir.o)
                0x0000000080004dcc                UARTFIFORegisterWrite
 .text.UARTEnhanFuncEnable
                0x0000000080004e98       0x8c ../../../../../..//binary/armv7a/gcc/am335x/drivers/Debug/libdrivers.a(uart_irda_cir.o)
                0x0000000080004e98                UARTEnhanFuncEnable
 .text.UARTEnhanFuncBitValRestore
                0x0000000080004f24       0x94 ../../../../../..//binary/armv7a/gcc/am335x/drivers/Debug/libdrivers.a(uart_irda_cir.o)
                0x0000000080004f24                UARTEnhanFuncBitValRestore
 .text.UARTSubConfigTCRTLRModeEn
                0x0000000080004fb8      0x12c ../../../../../..//binary/armv7a/gcc/am335x/drivers/Debug/libdrivers.a(uart_irda_cir.o)
                0x0000000080004fb8                UARTSubConfigTCRTLRModeEn
 .text.UARTTCRTLRBitValRestore
                0x00000000800050e4      0x134 ../../../../../..//binary/armv7a/gcc/am335x/drivers/Debug/libdrivers.a(uart_irda_cir.o)
                0x00000000800050e4                UARTTCRTLRBitValRestore
 .text.UARTCharPut
                0x0000000080005218       0x80 ../../../../../..//binary/armv7a/gcc/am335x/drivers/Debug/libdrivers.a(uart_irda_cir.o)
                0x0000000080005218                UARTCharPut
 .text.UARTModuleReset
                0x0000000080005298       0x58 ../../../../../..//binary/armv7a/gcc/am335x/drivers/Debug/libdrivers.a(uart_irda_cir.o)
                0x0000000080005298                UARTModuleReset
 *(.rodata*)
 .rodata        0x00000000800052f0      0x195 Debug/ledStripLightControl.o
 *fill*         0x0000000080005485        0x3 
 .rodata        0x0000000080005488       0x50 ../../../../../..//binary/armv7a/gcc/utils/Debug/libutils.a(consoleUtils.o)
 .rodata        0x00000000800054d8       0x60 ../../../../../..//binary/armv7a/gcc/utils/Debug/libutils.a(uartStdio.o)
 .rodata.vecTbl
                0x0000000080005538       0x38 ../../../../../..//binary/armv7a/gcc/am335x/system_config/Debug/libsystem_config.a(startup.o)

.glue_7         0x0000000080005570        0x0
 .glue_7        0x0000000080005570        0x0 linker stubs

.glue_7t        0x0000000080005570        0x0
 .glue_7t       0x0000000080005570        0x0 linker stubs

.vfp11_veneer   0x0000000080005570        0x0
 .vfp11_veneer  0x0000000080005570        0x0 linker stubs

.v4_bx          0x0000000080005570        0x0
 .v4_bx         0x0000000080005570        0x0 linker stubs

.iplt           0x0000000080005570        0x0
 .iplt          0x0000000080005570        0x0 Debug/ledStripLightControl.o

.rel.dyn        0x0000000080005570        0x0
 .rel.iplt      0x0000000080005570        0x0 Debug/ledStripLightControl.o

.data           0x0000000080005570       0x1c
                0x0000000080005570                . = ALIGN (0x4)
 *(.data*)
 .data.seq      0x0000000080005570       0x1c Debug/ledStripLightControl.o

.igot.plt       0x000000008000558c        0x0
 .igot.plt      0x000000008000558c        0x0 Debug/ledStripLightControl.o

.bss            0x000000008000558c      0x214
                0x000000008000558c                . = ALIGN (0x4)
                0x000000008000558c                _bss_start = .
 *(.bss*)
 .bss.flagIsrB1
                0x000000008000558c        0x4 Debug/ledStripLightControl.o
 .bss.flagtoggle
                0x0000000080005590        0x4 Debug/ledStripLightControl.o
 .bss.flagIsrB2
                0x0000000080005594        0x4 Debug/ledStripLightControl.o
 .bss.val1      0x0000000080005598        0x4 Debug/ledStripLightControl.o
 .bss.ConsoleType
                0x000000008000559c        0x1 ../../../../../..//binary/armv7a/gcc/utils/Debug/libutils.a(consoleUtils.o)
 *(COMMON)
 *fill*         0x000000008000559d        0x3 
 COMMON         0x00000000800055a0      0x200 ../../../../../..//binary/armv7a/gcc/am335x/system_config/Debug/libsystem_config.a(interrupt.o)
                0x00000000800055a0                fnRAMVectors
                0x00000000800057a0                _bss_end = .

.heap           0x00000000800057a0      0x800
                0x00000000800057a0                . = ALIGN (0x4)
                0x00000000800057a0                __end__ = .
                0x00000000800057a0                end = __end__
                0x00000000800057a0                __HeapBase = __end__
 *(.heap*)
                0x0000000080005fa0                . = (. + 0x800)
 *fill*         0x00000000800057a0      0x800 
                0x0000000080005fa0                __HeapLimit = .

.stack          0x0000000080005fa0  0x7fffff8
                0x0000000080005fa0                . = ALIGN (0x4)
                0x0000000080005fa0                __StackLimit = .
 *(.stack*)
                0x0000000088005f98                . = (. + 0x7fffff8)
 *fill*         0x0000000080005fa0  0x7fffff8 
                0x0000000088005f98                __StackTop = .
                0x0000000088005f98                _stack = __StackTop
OUTPUT(Debug/ledStripLightControl.out elf32-littlearm)

.debug_info     0x0000000000000000     0x5954
 .debug_info    0x0000000000000000      0x8f8 Debug/ledStripLightControl.o
 .debug_info    0x00000000000008f8      0x5eb ../../../../../..//binary/armv7a/gcc/am335x/drivers/Debug/libdrivers.a(dmtimer.o)
 .debug_info    0x0000000000000ee3      0x718 ../../../../../..//binary/armv7a/gcc/am335x/drivers/Debug/libdrivers.a(gpio_v2.o)
 .debug_info    0x00000000000015fb      0xdf4 ../../../../../..//binary/armv7a/gcc/am335x/drivers/Debug/libdrivers.a(tsc_adc.o)
 .debug_info    0x00000000000023ef      0xb52 ../../../../../..//binary/armv7a/gcc/utils/Debug/libutils.a(consoleUtils.o)
 .debug_info    0x0000000000002f41      0x98c ../../../../../..//binary/armv7a/gcc/utils/Debug/libutils.a(uartStdio.o)
 .debug_info    0x00000000000038cd       0xb1 ../../../../../..//binary/armv7a/gcc/am335x/beaglebone/platform/Debug/libplatform.a(dmtimer.o)
 .debug_info    0x000000000000397e       0xf0 ../../../../../..//binary/armv7a/gcc/am335x/beaglebone/platform/Debug/libplatform.a(gpio.o)
 .debug_info    0x0000000000003a6e       0x5a ../../../../../..//binary/armv7a/gcc/am335x/beaglebone/platform/Debug/libplatform.a(tscAdc.o)
 .debug_info    0x0000000000003ac8      0x264 ../../../../../..//binary/armv7a/gcc/am335x/beaglebone/platform/Debug/libplatform.a(uartConsole.o)
 .debug_info    0x0000000000003d2c       0x65 ../../../../../..//binary/armv7a/gcc/am335x/beaglebone/platform/Debug/libplatform.a(uart.o)
 .debug_info    0x0000000000003d91       0x26 ../../../../../..//binary/armv7a/gcc/am335x/system_config/Debug/libsystem_config.a(init.o)
 .debug_info    0x0000000000003db7      0x460 ../../../../../..//binary/armv7a/gcc/am335x/system_config/Debug/libsystem_config.a(interrupt.o)
 .debug_info    0x0000000000004217      0x101 ../../../../../..//binary/armv7a/gcc/am335x/system_config/Debug/libsystem_config.a(startup.o)
 .debug_info    0x0000000000004318       0x26 ../../../../../..//binary/armv7a/gcc/am335x/system_config/Debug/libsystem_config.a(cp15.o)
 .debug_info    0x000000000000433e       0xcc ../../../../../..//binary/armv7a/gcc/am335x/system_config/Debug/libsystem_config.a(cpu.o)
 .debug_info    0x000000000000440a       0x26 ../../../../../..//binary/armv7a/gcc/am335x/system_config/Debug/libsystem_config.a(exceptionhandler.o)
 .debug_info    0x0000000000004430     0x1524 ../../../../../..//binary/armv7a/gcc/am335x/drivers/Debug/libdrivers.a(uart_irda_cir.o)

.debug_abbrev   0x0000000000000000      0xf14
 .debug_abbrev  0x0000000000000000      0x138 Debug/ledStripLightControl.o
 .debug_abbrev  0x0000000000000138      0x10f ../../../../../..//binary/armv7a/gcc/am335x/drivers/Debug/libdrivers.a(dmtimer.o)
 .debug_abbrev  0x0000000000000247      0x122 ../../../../../..//binary/armv7a/gcc/am335x/drivers/Debug/libdrivers.a(gpio_v2.o)
 .debug_abbrev  0x0000000000000369       0xf7 ../../../../../..//binary/armv7a/gcc/am335x/drivers/Debug/libdrivers.a(tsc_adc.o)
 .debug_abbrev  0x0000000000000460      0x297 ../../../../../..//binary/armv7a/gcc/utils/Debug/libutils.a(consoleUtils.o)
 .debug_abbrev  0x00000000000006f7      0x1a2 ../../../../../..//binary/armv7a/gcc/utils/Debug/libutils.a(uartStdio.o)
 .debug_abbrev  0x0000000000000899       0x78 ../../../../../..//binary/armv7a/gcc/am335x/beaglebone/platform/Debug/libplatform.a(dmtimer.o)
 .debug_abbrev  0x0000000000000911       0xa7 ../../../../../..//binary/armv7a/gcc/am335x/beaglebone/platform/Debug/libplatform.a(gpio.o)
 .debug_abbrev  0x00000000000009b8       0x51 ../../../../../..//binary/armv7a/gcc/am335x/beaglebone/platform/Debug/libplatform.a(tscAdc.o)
 .debug_abbrev  0x0000000000000a09       0xb8 ../../../../../..//binary/armv7a/gcc/am335x/beaglebone/platform/Debug/libplatform.a(uartConsole.o)
 .debug_abbrev  0x0000000000000ac1       0x5e ../../../../../..//binary/armv7a/gcc/am335x/beaglebone/platform/Debug/libplatform.a(uart.o)
 .debug_abbrev  0x0000000000000b1f       0x14 ../../../../../..//binary/armv7a/gcc/am335x/system_config/Debug/libsystem_config.a(init.o)
 .debug_abbrev  0x0000000000000b33      0x174 ../../../../../..//binary/armv7a/gcc/am335x/system_config/Debug/libsystem_config.a(interrupt.o)
 .debug_abbrev  0x0000000000000ca7       0xc0 ../../../../../..//binary/armv7a/gcc/am335x/system_config/Debug/libsystem_config.a(startup.o)
 .debug_abbrev  0x0000000000000d67       0x14 ../../../../../..//binary/armv7a/gcc/am335x/system_config/Debug/libsystem_config.a(cp15.o)
 .debug_abbrev  0x0000000000000d7b       0x62 ../../../../../..//binary/armv7a/gcc/am335x/system_config/Debug/libsystem_config.a(cpu.o)
 .debug_abbrev  0x0000000000000ddd       0x14 ../../../../../..//binary/armv7a/gcc/am335x/system_config/Debug/libsystem_config.a(exceptionhandler.o)
 .debug_abbrev  0x0000000000000df1      0x123 ../../../../../..//binary/armv7a/gcc/am335x/drivers/Debug/libdrivers.a(uart_irda_cir.o)

.debug_aranges  0x0000000000000000      0xa88
 .debug_aranges
                0x0000000000000000       0x80 Debug/ledStripLightControl.o
 .debug_aranges
                0x0000000000000080       0xe8 ../../../../../..//binary/armv7a/gcc/am335x/drivers/Debug/libdrivers.a(dmtimer.o)
 .debug_aranges
                0x0000000000000168      0x100 ../../../../../..//binary/armv7a/gcc/am335x/drivers/Debug/libdrivers.a(gpio_v2.o)
 .debug_aranges
                0x0000000000000268      0x1e0 ../../../../../..//binary/armv7a/gcc/am335x/drivers/Debug/libdrivers.a(tsc_adc.o)
 .debug_aranges
                0x0000000000000448       0x58 ../../../../../..//binary/armv7a/gcc/utils/Debug/libutils.a(consoleUtils.o)
 .debug_aranges
                0x00000000000004a0       0x88 ../../../../../..//binary/armv7a/gcc/utils/Debug/libutils.a(uartStdio.o)
 .debug_aranges
                0x0000000000000528       0x48 ../../../../../..//binary/armv7a/gcc/am335x/beaglebone/platform/Debug/libplatform.a(dmtimer.o)
 .debug_aranges
                0x0000000000000570       0x28 ../../../../../..//binary/armv7a/gcc/am335x/beaglebone/platform/Debug/libplatform.a(gpio.o)
 .debug_aranges
                0x0000000000000598       0x28 ../../../../../..//binary/armv7a/gcc/am335x/beaglebone/platform/Debug/libplatform.a(tscAdc.o)
 .debug_aranges
                0x00000000000005c0       0x48 ../../../../../..//binary/armv7a/gcc/am335x/beaglebone/platform/Debug/libplatform.a(uartConsole.o)
 .debug_aranges
                0x0000000000000608       0x28 ../../../../../..//binary/armv7a/gcc/am335x/beaglebone/platform/Debug/libplatform.a(uart.o)
 .debug_aranges
                0x0000000000000630       0x20 ../../../../../..//binary/armv7a/gcc/am335x/system_config/Debug/libsystem_config.a(init.o)
 .debug_aranges
                0x0000000000000650      0x110 ../../../../../..//binary/armv7a/gcc/am335x/system_config/Debug/libsystem_config.a(interrupt.o)
 .debug_aranges
                0x0000000000000760       0x28 ../../../../../..//binary/armv7a/gcc/am335x/system_config/Debug/libsystem_config.a(startup.o)
 .debug_aranges
                0x0000000000000788       0x20 ../../../../../..//binary/armv7a/gcc/am335x/system_config/Debug/libsystem_config.a(cp15.o)
 .debug_aranges
                0x00000000000007a8       0x58 ../../../../../..//binary/armv7a/gcc/am335x/system_config/Debug/libsystem_config.a(cpu.o)
 .debug_aranges
                0x0000000000000800       0x20 ../../../../../..//binary/armv7a/gcc/am335x/system_config/Debug/libsystem_config.a(exceptionhandler.o)
 .debug_aranges
                0x0000000000000820      0x268 ../../../../../..//binary/armv7a/gcc/am335x/drivers/Debug/libdrivers.a(uart_irda_cir.o)

.debug_ranges   0x0000000000000000      0x938
 .debug_ranges  0x0000000000000000       0x70 Debug/ledStripLightControl.o
 .debug_ranges  0x0000000000000070       0xd8 ../../../../../..//binary/armv7a/gcc/am335x/drivers/Debug/libdrivers.a(dmtimer.o)
 .debug_ranges  0x0000000000000148       0xf0 ../../../../../..//binary/armv7a/gcc/am335x/drivers/Debug/libdrivers.a(gpio_v2.o)
 .debug_ranges  0x0000000000000238      0x1d0 ../../../../../..//binary/armv7a/gcc/am335x/drivers/Debug/libdrivers.a(tsc_adc.o)
 .debug_ranges  0x0000000000000408       0x48 ../../../../../..//binary/armv7a/gcc/utils/Debug/libutils.a(consoleUtils.o)
 .debug_ranges  0x0000000000000450       0x78 ../../../../../..//binary/armv7a/gcc/utils/Debug/libutils.a(uartStdio.o)
 .debug_ranges  0x00000000000004c8       0x38 ../../../../../..//binary/armv7a/gcc/am335x/beaglebone/platform/Debug/libplatform.a(dmtimer.o)
 .debug_ranges  0x0000000000000500       0x18 ../../../../../..//binary/armv7a/gcc/am335x/beaglebone/platform/Debug/libplatform.a(gpio.o)
 .debug_ranges  0x0000000000000518       0x18 ../../../../../..//binary/armv7a/gcc/am335x/beaglebone/platform/Debug/libplatform.a(tscAdc.o)
 .debug_ranges  0x0000000000000530       0x38 ../../../../../..//binary/armv7a/gcc/am335x/beaglebone/platform/Debug/libplatform.a(uartConsole.o)
 .debug_ranges  0x0000000000000568       0x18 ../../../../../..//binary/armv7a/gcc/am335x/beaglebone/platform/Debug/libplatform.a(uart.o)
 .debug_ranges  0x0000000000000580      0x100 ../../../../../..//binary/armv7a/gcc/am335x/system_config/Debug/libsystem_config.a(interrupt.o)
 .debug_ranges  0x0000000000000680       0x18 ../../../../../..//binary/armv7a/gcc/am335x/system_config/Debug/libsystem_config.a(startup.o)
 .debug_ranges  0x0000000000000698       0x48 ../../../../../..//binary/armv7a/gcc/am335x/system_config/Debug/libsystem_config.a(cpu.o)
 .debug_ranges  0x00000000000006e0      0x258 ../../../../../..//binary/armv7a/gcc/am335x/drivers/Debug/libdrivers.a(uart_irda_cir.o)

.debug_line     0x0000000000000000     0x2ef6
 .debug_line    0x0000000000000000      0x387 Debug/ledStripLightControl.o
 .debug_line    0x0000000000000387      0x2f7 ../../../../../..//binary/armv7a/gcc/am335x/drivers/Debug/libdrivers.a(dmtimer.o)
 .debug_line    0x000000000000067e      0x31b ../../../../../..//binary/armv7a/gcc/am335x/drivers/Debug/libdrivers.a(gpio_v2.o)
 .debug_line    0x0000000000000999      0x4f3 ../../../../../..//binary/armv7a/gcc/am335x/drivers/Debug/libdrivers.a(tsc_adc.o)
 .debug_line    0x0000000000000e8c      0x2e3 ../../../../../..//binary/armv7a/gcc/utils/Debug/libutils.a(consoleUtils.o)
 .debug_line    0x000000000000116f      0x61d ../../../../../..//binary/armv7a/gcc/utils/Debug/libutils.a(uartStdio.o)
 .debug_line    0x000000000000178c      0x304 ../../../../../..//binary/armv7a/gcc/am335x/beaglebone/platform/Debug/libplatform.a(dmtimer.o)
 .debug_line    0x0000000000001a90      0x1a7 ../../../../../..//binary/armv7a/gcc/am335x/beaglebone/platform/Debug/libplatform.a(gpio.o)
 .debug_line    0x0000000000001c37      0x174 ../../../../../..//binary/armv7a/gcc/am335x/beaglebone/platform/Debug/libplatform.a(tscAdc.o)
 .debug_line    0x0000000000001dab      0x139 ../../../../../..//binary/armv7a/gcc/am335x/beaglebone/platform/Debug/libplatform.a(uartConsole.o)
 .debug_line    0x0000000000001ee4      0x16a ../../../../../..//binary/armv7a/gcc/am335x/beaglebone/platform/Debug/libplatform.a(uart.o)
 .debug_line    0x000000000000204e       0x95 ../../../../../..//binary/armv7a/gcc/am335x/system_config/Debug/libsystem_config.a(init.o)
 .debug_line    0x00000000000020e3      0x2ea ../../../../../..//binary/armv7a/gcc/am335x/system_config/Debug/libsystem_config.a(interrupt.o)
 .debug_line    0x00000000000023cd       0xbf ../../../../../..//binary/armv7a/gcc/am335x/system_config/Debug/libsystem_config.a(startup.o)
 .debug_line    0x000000000000248c      0x18a ../../../../../..//binary/armv7a/gcc/am335x/system_config/Debug/libsystem_config.a(cp15.o)
 .debug_line    0x0000000000002616       0xde ../../../../../..//binary/armv7a/gcc/am335x/system_config/Debug/libsystem_config.a(cpu.o)
 .debug_line    0x00000000000026f4       0xb9 ../../../../../..//binary/armv7a/gcc/am335x/system_config/Debug/libsystem_config.a(exceptionhandler.o)
 .debug_line    0x00000000000027ad      0x749 ../../../../../..//binary/armv7a/gcc/am335x/drivers/Debug/libdrivers.a(uart_irda_cir.o)

.debug_str      0x0000000000000000     0x288d
 .debug_str     0x0000000000000000      0x59e Debug/ledStripLightControl.o
                                        0x5bc (size before relaxing)
 .debug_str     0x000000000000059e      0x2af ../../../../../..//binary/armv7a/gcc/am335x/drivers/Debug/libdrivers.a(dmtimer.o)
                                        0x3e5 (size before relaxing)
 .debug_str     0x000000000000084d      0x2a9 ../../../../../..//binary/armv7a/gcc/am335x/drivers/Debug/libdrivers.a(gpio_v2.o)
                                        0x43e (size before relaxing)
 .debug_str     0x0000000000000af6      0x669 ../../../../../..//binary/armv7a/gcc/am335x/drivers/Debug/libdrivers.a(tsc_adc.o)
                                        0x8c3 (size before relaxing)
 .debug_str     0x000000000000115f      0x56a ../../../../../..//binary/armv7a/gcc/utils/Debug/libutils.a(consoleUtils.o)
                                        0x724 (size before relaxing)
 .debug_str     0x00000000000016c9      0x18e ../../../../../..//binary/armv7a/gcc/utils/Debug/libutils.a(uartStdio.o)
                                        0x34f (size before relaxing)
 .debug_str     0x0000000000001857      0x10d ../../../../../..//binary/armv7a/gcc/am335x/beaglebone/platform/Debug/libplatform.a(dmtimer.o)
                                        0x1fd (size before relaxing)
 .debug_str     0x0000000000001964       0x52 ../../../../../..//binary/armv7a/gcc/am335x/beaglebone/platform/Debug/libplatform.a(gpio.o)
                                        0x1db (size before relaxing)
 .debug_str     0x00000000000019b6       0x30 ../../../../../..//binary/armv7a/gcc/am335x/beaglebone/platform/Debug/libplatform.a(tscAdc.o)
                                        0x188 (size before relaxing)
 .debug_str     0x00000000000019e6      0x196 ../../../../../..//binary/armv7a/gcc/am335x/beaglebone/platform/Debug/libplatform.a(uartConsole.o)
                                        0x2fb (size before relaxing)
 .debug_str     0x0000000000001b7c       0x3a ../../../../../..//binary/armv7a/gcc/am335x/beaglebone/platform/Debug/libplatform.a(uart.o)
                                        0x18f (size before relaxing)
 .debug_str     0x0000000000001bb6       0x90 ../../../../../..//binary/armv7a/gcc/am335x/system_config/Debug/libsystem_config.a(init.o)
 .debug_str     0x0000000000001c46      0x359 ../../../../../..//binary/armv7a/gcc/am335x/system_config/Debug/libsystem_config.a(interrupt.o)
                                        0x436 (size before relaxing)
 .debug_str     0x0000000000001f9f       0x86 ../../../../../..//binary/armv7a/gcc/am335x/system_config/Debug/libsystem_config.a(startup.o)
                                        0x1d9 (size before relaxing)
 .debug_str     0x0000000000002025       0x30 ../../../../../..//binary/armv7a/gcc/am335x/system_config/Debug/libsystem_config.a(cp15.o)
                                         0x90 (size before relaxing)
 .debug_str     0x0000000000002055       0x72 ../../../../../..//binary/armv7a/gcc/am335x/system_config/Debug/libsystem_config.a(cpu.o)
                                        0x1d9 (size before relaxing)
 .debug_str     0x00000000000020c7       0x43 ../../../../../..//binary/armv7a/gcc/am335x/system_config/Debug/libsystem_config.a(exceptionhandler.o)
                                         0xa3 (size before relaxing)
 .debug_str     0x000000000000210a      0x783 ../../../../../..//binary/armv7a/gcc/am335x/drivers/Debug/libdrivers.a(uart_irda_cir.o)
                                        0x9de (size before relaxing)

.comment        0x0000000000000000       0x7f
 .comment       0x0000000000000000       0x7f Debug/ledStripLightControl.o
                                         0x80 (size before relaxing)
 .comment       0x000000000000007f       0x80 ../../../../../..//binary/armv7a/gcc/am335x/drivers/Debug/libdrivers.a(dmtimer.o)
 .comment       0x000000000000007f       0x80 ../../../../../..//binary/armv7a/gcc/am335x/drivers/Debug/libdrivers.a(gpio_v2.o)
 .comment       0x000000000000007f       0x80 ../../../../../..//binary/armv7a/gcc/am335x/drivers/Debug/libdrivers.a(tsc_adc.o)
 .comment       0x000000000000007f       0x80 ../../../../../..//binary/armv7a/gcc/utils/Debug/libutils.a(consoleUtils.o)
 .comment       0x000000000000007f       0x80 ../../../../../..//binary/armv7a/gcc/utils/Debug/libutils.a(uartStdio.o)
 .comment       0x000000000000007f       0x80 ../../../../../..//binary/armv7a/gcc/am335x/beaglebone/platform/Debug/libplatform.a(dmtimer.o)
 .comment       0x000000000000007f       0x80 ../../../../../..//binary/armv7a/gcc/am335x/beaglebone/platform/Debug/libplatform.a(gpio.o)
 .comment       0x000000000000007f       0x80 ../../../../../..//binary/armv7a/gcc/am335x/beaglebone/platform/Debug/libplatform.a(tscAdc.o)
 .comment       0x000000000000007f       0x80 ../../../../../..//binary/armv7a/gcc/am335x/beaglebone/platform/Debug/libplatform.a(uartConsole.o)
 .comment       0x000000000000007f       0x80 ../../../../../..//binary/armv7a/gcc/am335x/beaglebone/platform/Debug/libplatform.a(uart.o)
 .comment       0x000000000000007f       0x80 ../../../../../..//binary/armv7a/gcc/am335x/system_config/Debug/libsystem_config.a(interrupt.o)
 .comment       0x000000000000007f       0x80 ../../../../../..//binary/armv7a/gcc/am335x/system_config/Debug/libsystem_config.a(startup.o)
 .comment       0x000000000000007f       0x80 ../../../../../..//binary/armv7a/gcc/am335x/system_config/Debug/libsystem_config.a(cpu.o)
 .comment       0x000000000000007f       0x80 ../../../../../..//binary/armv7a/gcc/am335x/drivers/Debug/libdrivers.a(uart_irda_cir.o)

.ARM.attributes
                0x0000000000000000       0x39
 .ARM.attributes
                0x0000000000000000       0x37 Debug/ledStripLightControl.o
 .ARM.attributes
                0x0000000000000037       0x37 ../../../../../..//binary/armv7a/gcc/am335x/drivers/Debug/libdrivers.a(dmtimer.o)
 .ARM.attributes
                0x000000000000006e       0x37 ../../../../../..//binary/armv7a/gcc/am335x/drivers/Debug/libdrivers.a(gpio_v2.o)
 .ARM.attributes
                0x00000000000000a5       0x37 ../../../../../..//binary/armv7a/gcc/am335x/drivers/Debug/libdrivers.a(tsc_adc.o)
 .ARM.attributes
                0x00000000000000dc       0x37 ../../../../../..//binary/armv7a/gcc/utils/Debug/libutils.a(consoleUtils.o)
 .ARM.attributes
                0x0000000000000113       0x37 ../../../../../..//binary/armv7a/gcc/utils/Debug/libutils.a(uartStdio.o)
 .ARM.attributes
                0x000000000000014a       0x37 ../../../../../..//binary/armv7a/gcc/am335x/beaglebone/platform/Debug/libplatform.a(dmtimer.o)
 .ARM.attributes
                0x0000000000000181       0x37 ../../../../../..//binary/armv7a/gcc/am335x/beaglebone/platform/Debug/libplatform.a(gpio.o)
 .ARM.attributes
                0x00000000000001b8       0x37 ../../../../../..//binary/armv7a/gcc/am335x/beaglebone/platform/Debug/libplatform.a(tscAdc.o)
 .ARM.attributes
                0x00000000000001ef       0x37 ../../../../../..//binary/armv7a/gcc/am335x/beaglebone/platform/Debug/libplatform.a(uartConsole.o)
 .ARM.attributes
                0x0000000000000226       0x37 ../../../../../..//binary/armv7a/gcc/am335x/beaglebone/platform/Debug/libplatform.a(uart.o)
 .ARM.attributes
                0x000000000000025d       0x29 ../../../../../..//binary/armv7a/gcc/am335x/system_config/Debug/libsystem_config.a(init.o)
 .ARM.attributes
                0x0000000000000286       0x3b ../../../../../..//binary/armv7a/gcc/am335x/system_config/Debug/libsystem_config.a(interrupt.o)
 .ARM.attributes
                0x00000000000002c1       0x3b ../../../../../..//binary/armv7a/gcc/am335x/system_config/Debug/libsystem_config.a(startup.o)
 .ARM.attributes
                0x00000000000002fc       0x29 ../../../../../..//binary/armv7a/gcc/am335x/system_config/Debug/libsystem_config.a(cp15.o)
 .ARM.attributes
                0x0000000000000325       0x3b ../../../../../..//binary/armv7a/gcc/am335x/system_config/Debug/libsystem_config.a(cpu.o)
 .ARM.attributes
                0x0000000000000360       0x29 ../../../../../..//binary/armv7a/gcc/am335x/system_config/Debug/libsystem_config.a(exceptionhandler.o)
 .ARM.attributes
                0x0000000000000389       0x18 /home/emanuel/Embarcados/Labs/compilador/gcc-arm-none-eabi-7-2018-q2-update/lib/gcc/arm-none-eabi/7.3.1/libgcc.a(_udivsi3.o)
 .ARM.attributes
                0x00000000000003a1       0x18 /home/emanuel/Embarcados/Labs/compilador/gcc-arm-none-eabi-7-2018-q2-update/lib/gcc/arm-none-eabi/7.3.1/libgcc.a(_divsi3.o)
 .ARM.attributes
                0x00000000000003b9       0x18 /home/emanuel/Embarcados/Labs/compilador/gcc-arm-none-eabi-7-2018-q2-update/lib/gcc/arm-none-eabi/7.3.1/libgcc.a(_dvmd_tls.o)
 .ARM.attributes
                0x00000000000003d1       0x37 ../../../../../..//binary/armv7a/gcc/am335x/drivers/Debug/libdrivers.a(uart_irda_cir.o)

.debug_frame    0x0000000000000000     0x2484
 .debug_frame   0x0000000000000000      0x1a8 Debug/ledStripLightControl.o
 .debug_frame   0x00000000000001a8      0x350 ../../../../../..//binary/armv7a/gcc/am335x/drivers/Debug/libdrivers.a(dmtimer.o)
 .debug_frame   0x00000000000004f8      0x3b4 ../../../../../..//binary/armv7a/gcc/am335x/drivers/Debug/libdrivers.a(gpio_v2.o)
 .debug_frame   0x00000000000008ac      0x730 ../../../../../..//binary/armv7a/gcc/am335x/drivers/Debug/libdrivers.a(tsc_adc.o)
 .debug_frame   0x0000000000000fdc      0x13c ../../../../../..//binary/armv7a/gcc/utils/Debug/libutils.a(consoleUtils.o)
 .debug_frame   0x0000000000001118      0x1f0 ../../../../../..//binary/armv7a/gcc/utils/Debug/libutils.a(uartStdio.o)
 .debug_frame   0x0000000000001308       0xe0 ../../../../../..//binary/armv7a/gcc/am335x/beaglebone/platform/Debug/libplatform.a(dmtimer.o)
 .debug_frame   0x00000000000013e8       0x58 ../../../../../..//binary/armv7a/gcc/am335x/beaglebone/platform/Debug/libplatform.a(gpio.o)
 .debug_frame   0x0000000000001440       0x54 ../../../../../..//binary/armv7a/gcc/am335x/beaglebone/platform/Debug/libplatform.a(tscAdc.o)
 .debug_frame   0x0000000000001494       0xcc ../../../../../..//binary/armv7a/gcc/am335x/beaglebone/platform/Debug/libplatform.a(uartConsole.o)
 .debug_frame   0x0000000000001560       0x54 ../../../../../..//binary/armv7a/gcc/am335x/beaglebone/platform/Debug/libplatform.a(uart.o)
 .debug_frame   0x00000000000015b4      0x3dc ../../../../../..//binary/armv7a/gcc/am335x/system_config/Debug/libsystem_config.a(interrupt.o)
 .debug_frame   0x0000000000001990       0x4c ../../../../../..//binary/armv7a/gcc/am335x/system_config/Debug/libsystem_config.a(startup.o)
 .debug_frame   0x00000000000019dc      0x110 ../../../../../..//binary/armv7a/gcc/am335x/system_config/Debug/libsystem_config.a(cpu.o)
 .debug_frame   0x0000000000001aec       0x20 /home/emanuel/Embarcados/Labs/compilador/gcc-arm-none-eabi-7-2018-q2-update/lib/gcc/arm-none-eabi/7.3.1/libgcc.a(_udivsi3.o)
 .debug_frame   0x0000000000001b0c       0x20 /home/emanuel/Embarcados/Labs/compilador/gcc-arm-none-eabi-7-2018-q2-update/lib/gcc/arm-none-eabi/7.3.1/libgcc.a(_divsi3.o)
 .debug_frame   0x0000000000001b2c      0x958 ../../../../../..//binary/armv7a/gcc/am335x/drivers/Debug/libdrivers.a(uart_irda_cir.o)
