Archive member included to satisfy reference by file (symbol)

../../../../../..//binary/armv7a/gcc/am335x/drivers/Debug/libdrivers.a(tsc_adc.o)
                              Debug/adcVoltMeasure.o (TSCADCIntStatusClear)
../../../../../..//binary/armv7a/gcc/utils/Debug/libutils.a(consoleUtils.o)
                              Debug/adcVoltMeasure.o (ConsoleUtilsInit)
../../../../../..//binary/armv7a/gcc/utils/Debug/libutils.a(uartStdio.o)
                              ../../../../../..//binary/armv7a/gcc/utils/Debug/libutils.a(consoleUtils.o) (UARTStdioInit)
../../../../../..//binary/armv7a/gcc/utils/Debug/libutils.a(ascii.o)
                              ../../../../../..//binary/armv7a/gcc/utils/Debug/libutils.a(uartStdio.o) (ASCIIToDigit)
../../../../../..//binary/armv7a/gcc/am335x/beaglebone/platform/Debug/libplatform.a(tscAdc.o)
                              Debug/adcVoltMeasure.o (TSCADCModuleClkConfig)
../../../../../..//binary/armv7a/gcc/am335x/beaglebone/platform/Debug/libplatform.a(uartConsole.o)
                              ../../../../../..//binary/armv7a/gcc/utils/Debug/libutils.a(uartStdio.o) (UARTConsoleInit)
../../../../../..//binary/armv7a/gcc/am335x/beaglebone/platform/Debug/libplatform.a(uart.o)
                              ../../../../../..//binary/armv7a/gcc/am335x/beaglebone/platform/Debug/libplatform.a(uartConsole.o) (UARTPinMuxSetup)
../../../../../..//binary/armv7a/gcc/am335x/system_config/Debug/libsystem_config.a(init.o)
                              (Entry)
../../../../../..//binary/armv7a/gcc/am335x/system_config/Debug/libsystem_config.a(interrupt.o)
                              Debug/adcVoltMeasure.o (IntRegister)
../../../../../..//binary/armv7a/gcc/am335x/system_config/Debug/libsystem_config.a(startup.o)
                              ../../../../../..//binary/armv7a/gcc/am335x/system_config/Debug/libsystem_config.a(init.o) (start_boot)
../../../../../..//binary/armv7a/gcc/am335x/system_config/Debug/libsystem_config.a(cp15.o)
                              ../../../../../..//binary/armv7a/gcc/am335x/system_config/Debug/libsystem_config.a(startup.o) (CP15VectorBaseAddrSet)
../../../../../..//binary/armv7a/gcc/am335x/system_config/Debug/libsystem_config.a(cpu.o)
                              ../../../../../..//binary/armv7a/gcc/am335x/system_config/Debug/libsystem_config.a(interrupt.o) (CPUIntStatus)
../../../../../..//binary/armv7a/gcc/am335x/system_config/Debug/libsystem_config.a(exceptionhandler.o)
                              ../../../../../..//binary/armv7a/gcc/am335x/system_config/Debug/libsystem_config.a(startup.o) (IRQHandler)
/home/emanuel/Embarcados/Labs/compilador/gcc-arm-none-eabi-7-2018-q2-update/lib/gcc/arm-none-eabi/7.3.1/libgcc.a(_udivsi3.o)
                              (__aeabi_uidiv)
/home/emanuel/Embarcados/Labs/compilador/gcc-arm-none-eabi-7-2018-q2-update/lib/gcc/arm-none-eabi/7.3.1/libgcc.a(_divsi3.o)
                              (__aeabi_idiv)
/home/emanuel/Embarcados/Labs/compilador/gcc-arm-none-eabi-7-2018-q2-update/lib/gcc/arm-none-eabi/7.3.1/libgcc.a(_dvmd_tls.o)
                              /home/emanuel/Embarcados/Labs/compilador/gcc-arm-none-eabi-7-2018-q2-update/lib/gcc/arm-none-eabi/7.3.1/libgcc.a(_udivsi3.o) (__aeabi_idiv0)
../../../../../..//binary/armv7a/gcc/am335x/drivers/Debug/libdrivers.a(uart_irda_cir.o)
                              ../../../../../..//binary/armv7a/gcc/am335x/beaglebone/platform/Debug/libplatform.a(uartConsole.o) (UARTOperatingModeSelect)

Allocating common symbols
Common symbol       size              file

sample2             0x4               Debug/adcVoltMeasure.o
val2                0x4               Debug/adcVoltMeasure.o
sample1             0x4               Debug/adcVoltMeasure.o
fnRAMVectors        0x200             ../../../../../..//binary/armv7a/gcc/am335x/system_config/Debug/libsystem_config.a(interrupt.o)
val1                0x4               Debug/adcVoltMeasure.o

Discarded input sections

 .text          0x0000000000000000        0x0 Debug/adcVoltMeasure.o
 .data          0x0000000000000000        0x0 Debug/adcVoltMeasure.o
 .bss           0x0000000000000000        0x0 Debug/adcVoltMeasure.o
 .text          0x0000000000000000        0x0 ../../../../../..//binary/armv7a/gcc/am335x/drivers/Debug/libdrivers.a(tsc_adc.o)
 .data          0x0000000000000000        0x0 ../../../../../..//binary/armv7a/gcc/am335x/drivers/Debug/libdrivers.a(tsc_adc.o)
 .bss           0x0000000000000000        0x0 ../../../../../..//binary/armv7a/gcc/am335x/drivers/Debug/libdrivers.a(tsc_adc.o)
 .text.TSCADCGetRevision
                0x0000000000000000       0x28 ../../../../../..//binary/armv7a/gcc/am335x/drivers/Debug/libdrivers.a(tsc_adc.o)
 .text.TSCADCIdleModeSet
                0x0000000000000000       0x64 ../../../../../..//binary/armv7a/gcc/am335x/drivers/Debug/libdrivers.a(tsc_adc.o)
 .text.TSCADCRawIntStatusSet
                0x0000000000000000       0x48 ../../../../../..//binary/armv7a/gcc/am335x/drivers/Debug/libdrivers.a(tsc_adc.o)
 .text.TSCADCRawIntStatusRead
                0x0000000000000000       0x38 ../../../../../..//binary/armv7a/gcc/am335x/drivers/Debug/libdrivers.a(tsc_adc.o)
 .text.TSCADCRawIntStatus
                0x0000000000000000       0x2c ../../../../../..//binary/armv7a/gcc/am335x/drivers/Debug/libdrivers.a(tsc_adc.o)
 .text.TSCADCIntStatusRead
                0x0000000000000000       0x38 ../../../../../..//binary/armv7a/gcc/am335x/drivers/Debug/libdrivers.a(tsc_adc.o)
 .text.TSCADCEventInterruptDisable
                0x0000000000000000       0x38 ../../../../../..//binary/armv7a/gcc/am335x/drivers/Debug/libdrivers.a(tsc_adc.o)
 .text.TSCADCWakeUpPenEventConfig
                0x0000000000000000       0x38 ../../../../../..//binary/armv7a/gcc/am335x/drivers/Debug/libdrivers.a(tsc_adc.o)
 .text.TSCADCDMAFIFOEnable
                0x0000000000000000       0x54 ../../../../../..//binary/armv7a/gcc/am335x/drivers/Debug/libdrivers.a(tsc_adc.o)
 .text.TSCADCDMAFIFODisable
                0x0000000000000000       0x54 ../../../../../..//binary/armv7a/gcc/am335x/drivers/Debug/libdrivers.a(tsc_adc.o)
 .text.TSCADCIsDMAFIFOEnabled
                0x0000000000000000       0x3c ../../../../../..//binary/armv7a/gcc/am335x/drivers/Debug/libdrivers.a(tsc_adc.o)
 .text.TSCADCConfigHWEventPrempt
                0x0000000000000000       0x64 ../../../../../..//binary/armv7a/gcc/am335x/drivers/Debug/libdrivers.a(tsc_adc.o)
 .text.TSCADCHWEventMapSet
                0x0000000000000000       0x64 ../../../../../..//binary/armv7a/gcc/am335x/drivers/Debug/libdrivers.a(tsc_adc.o)
 .text.TSCADCSetADCPowerDown
                0x0000000000000000       0x58 ../../../../../..//binary/armv7a/gcc/am335x/drivers/Debug/libdrivers.a(tsc_adc.o)
 .text.TSCADCSetADCPowerUp
                0x0000000000000000       0x3c ../../../../../..//binary/armv7a/gcc/am335x/drivers/Debug/libdrivers.a(tsc_adc.o)
 .text.TSCADCBiasConfig
                0x0000000000000000       0x64 ../../../../../..//binary/armv7a/gcc/am335x/drivers/Debug/libdrivers.a(tsc_adc.o)
 .text.TSCADCStepConfigProtectionEnable
                0x0000000000000000       0x3c ../../../../../..//binary/armv7a/gcc/am335x/drivers/Debug/libdrivers.a(tsc_adc.o)
 .text.TSCADCSequencerPenIrqStatusRead
                0x0000000000000000       0x5c ../../../../../..//binary/armv7a/gcc/am335x/drivers/Debug/libdrivers.a(tsc_adc.o)
 .text.TSCADCSequencerFSMBusyStatus
                0x0000000000000000       0x34 ../../../../../..//binary/armv7a/gcc/am335x/drivers/Debug/libdrivers.a(tsc_adc.o)
 .text.TSCADCSequencerCurrentStepID
                0x0000000000000000       0x30 ../../../../../..//binary/armv7a/gcc/am335x/drivers/Debug/libdrivers.a(tsc_adc.o)
 .text.TSCADCOutputRangeConfig
                0x0000000000000000       0xb8 ../../../../../..//binary/armv7a/gcc/am335x/drivers/Debug/libdrivers.a(tsc_adc.o)
 .text.TSCADCConfigureMisc
                0x0000000000000000       0xb0 ../../../../../..//binary/armv7a/gcc/am335x/drivers/Debug/libdrivers.a(tsc_adc.o)
 .text.TSCADCIdleStepOperationModeControl
                0x0000000000000000       0x6c ../../../../../..//binary/armv7a/gcc/am335x/drivers/Debug/libdrivers.a(tsc_adc.o)
 .text.TSCADCIdleStepConfig
                0x0000000000000000      0x12c ../../../../../..//binary/armv7a/gcc/am335x/drivers/Debug/libdrivers.a(tsc_adc.o)
 .text.TSCADCIdleStepAnalogSupplyConfig
                0x0000000000000000       0xec ../../../../../..//binary/armv7a/gcc/am335x/drivers/Debug/libdrivers.a(tsc_adc.o)
 .text.TSCADCIdleStepAnalogGroundConfig
                0x0000000000000000      0x12c ../../../../../..//binary/armv7a/gcc/am335x/drivers/Debug/libdrivers.a(tsc_adc.o)
 .text.TSCADCChargeStepOperationModeControl
                0x0000000000000000       0x6c ../../../../../..//binary/armv7a/gcc/am335x/drivers/Debug/libdrivers.a(tsc_adc.o)
 .text.TSCADCChargeStepConfig
                0x0000000000000000      0x12c ../../../../../..//binary/armv7a/gcc/am335x/drivers/Debug/libdrivers.a(tsc_adc.o)
 .text.TSCADCChargeStepAnalogSupplyConfig
                0x0000000000000000       0xec ../../../../../..//binary/armv7a/gcc/am335x/drivers/Debug/libdrivers.a(tsc_adc.o)
 .text.TSCADCChargeStepAnalogGroundConfig
                0x0000000000000000      0x12c ../../../../../..//binary/armv7a/gcc/am335x/drivers/Debug/libdrivers.a(tsc_adc.o)
 .text.TSCADCTSChargeStepOpenDelayConfig
                0x0000000000000000       0x38 ../../../../../..//binary/armv7a/gcc/am335x/drivers/Debug/libdrivers.a(tsc_adc.o)
 .text.TSCADCTSStepOutOfRangeCheckEnable
                0x0000000000000000       0x58 ../../../../../..//binary/armv7a/gcc/am335x/drivers/Debug/libdrivers.a(tsc_adc.o)
 .text.TSCADCTSStepOutOfRangeCheckDisable
                0x0000000000000000       0x58 ../../../../../..//binary/armv7a/gcc/am335x/drivers/Debug/libdrivers.a(tsc_adc.o)
 .text.TSCADCTSStepAverageConfig
                0x0000000000000000       0x98 ../../../../../..//binary/armv7a/gcc/am335x/drivers/Debug/libdrivers.a(tsc_adc.o)
 .text.TSCADCTSStepSampleDelayConfig
                0x0000000000000000       0x98 ../../../../../..//binary/armv7a/gcc/am335x/drivers/Debug/libdrivers.a(tsc_adc.o)
 .text.TSCADCTSStepOpenDelayConfig
                0x0000000000000000       0x9c ../../../../../..//binary/armv7a/gcc/am335x/drivers/Debug/libdrivers.a(tsc_adc.o)
 .text.TSCADCFIFOChannelIDRead
                0x0000000000000000       0x44 ../../../../../..//binary/armv7a/gcc/am335x/drivers/Debug/libdrivers.a(tsc_adc.o)
 .text.TSCADCFIFOWordCountRead
                0x0000000000000000       0x40 ../../../../../..//binary/armv7a/gcc/am335x/drivers/Debug/libdrivers.a(tsc_adc.o)
 .text.TSCADCFIFOIRQThresholdLevelConfig
                0x0000000000000000       0x5c ../../../../../..//binary/armv7a/gcc/am335x/drivers/Debug/libdrivers.a(tsc_adc.o)
 .text.TSCADCFIFODMAThresholdLevelConfig
                0x0000000000000000       0x50 ../../../../../..//binary/armv7a/gcc/am335x/drivers/Debug/libdrivers.a(tsc_adc.o)
 .text          0x0000000000000000        0x0 ../../../../../..//binary/armv7a/gcc/utils/Debug/libutils.a(consoleUtils.o)
 .data          0x0000000000000000        0x0 ../../../../../..//binary/armv7a/gcc/utils/Debug/libutils.a(consoleUtils.o)
 .bss           0x0000000000000000        0x0 ../../../../../..//binary/armv7a/gcc/utils/Debug/libutils.a(consoleUtils.o)
 .text.ConsoleUtilsScanf
                0x0000000000000000       0x80 ../../../../../..//binary/armv7a/gcc/utils/Debug/libutils.a(consoleUtils.o)
 .text.ConsoleUtilsGets
                0x0000000000000000       0x74 ../../../../../..//binary/armv7a/gcc/utils/Debug/libutils.a(consoleUtils.o)
 .text.ConsoleUtilsPuts
                0x0000000000000000       0x64 ../../../../../..//binary/armv7a/gcc/utils/Debug/libutils.a(consoleUtils.o)
 .text.ConsoleUtilsGetChar
                0x0000000000000000       0xa8 ../../../../../..//binary/armv7a/gcc/utils/Debug/libutils.a(consoleUtils.o)
 .text.ConsoleUtilsPutChar
                0x0000000000000000       0x64 ../../../../../..//binary/armv7a/gcc/utils/Debug/libutils.a(consoleUtils.o)
 .text          0x0000000000000000        0x0 ../../../../../..//binary/armv7a/gcc/utils/Debug/libutils.a(uartStdio.o)
 .data          0x0000000000000000        0x0 ../../../../../..//binary/armv7a/gcc/utils/Debug/libutils.a(uartStdio.o)
 .bss           0x0000000000000000        0x0 ../../../../../..//binary/armv7a/gcc/utils/Debug/libutils.a(uartStdio.o)
 .rodata.g_pcHex
                0x0000000000000000        0x4 ../../../../../..//binary/armv7a/gcc/utils/Debug/libutils.a(uartStdio.o)
 .text.UARTStdioRead
                0x0000000000000000       0xd0 ../../../../../..//binary/armv7a/gcc/utils/Debug/libutils.a(uartStdio.o)
 .text.UARTGets
                0x0000000000000000       0xd8 ../../../../../..//binary/armv7a/gcc/utils/Debug/libutils.a(uartStdio.o)
 .text.UARTPutNum
                0x0000000000000000      0x150 ../../../../../..//binary/armv7a/gcc/utils/Debug/libutils.a(uartStdio.o)
 .text.UARTPutHexNum
                0x0000000000000000      0x178 ../../../../../..//binary/armv7a/gcc/utils/Debug/libutils.a(uartStdio.o)
 .text.UARTGetNum
                0x0000000000000000      0x100 ../../../../../..//binary/armv7a/gcc/utils/Debug/libutils.a(uartStdio.o)
 .text.UARTGetHexNum
                0x0000000000000000      0x2ec ../../../../../..//binary/armv7a/gcc/utils/Debug/libutils.a(uartStdio.o)
 .text.UARTGetc
                0x0000000000000000       0x20 ../../../../../..//binary/armv7a/gcc/utils/Debug/libutils.a(uartStdio.o)
 .text.UARTprintf
                0x0000000000000000      0x668 ../../../../../..//binary/armv7a/gcc/utils/Debug/libutils.a(uartStdio.o)
 .text.UARTScanf
                0x0000000000000000      0x9e4 ../../../../../..//binary/armv7a/gcc/utils/Debug/libutils.a(uartStdio.o)
 .text          0x0000000000000000        0x0 ../../../../../..//binary/armv7a/gcc/utils/Debug/libutils.a(ascii.o)
 .data          0x0000000000000000        0x0 ../../../../../..//binary/armv7a/gcc/utils/Debug/libutils.a(ascii.o)
 .bss           0x0000000000000000        0x0 ../../../../../..//binary/armv7a/gcc/utils/Debug/libutils.a(ascii.o)
 .text.ASCIIToDigit
                0x0000000000000000       0xe8 ../../../../../..//binary/armv7a/gcc/utils/Debug/libutils.a(ascii.o)
 .text.DigitToASCII
                0x0000000000000000       0xb8 ../../../../../..//binary/armv7a/gcc/utils/Debug/libutils.a(ascii.o)
 .text.StrToEthrAddr
                0x0000000000000000      0x184 ../../../../../..//binary/armv7a/gcc/utils/Debug/libutils.a(ascii.o)
 .text.EthrAddrToStr
                0x0000000000000000      0x180 ../../../../../..//binary/armv7a/gcc/utils/Debug/libutils.a(ascii.o)
 .text.TimeToStr
                0x0000000000000000      0x18c ../../../../../..//binary/armv7a/gcc/utils/Debug/libutils.a(ascii.o)
 .text.DateToStr
                0x0000000000000000      0x18c ../../../../../..//binary/armv7a/gcc/utils/Debug/libutils.a(ascii.o)
 .debug_info    0x0000000000000000      0x2b4 ../../../../../..//binary/armv7a/gcc/utils/Debug/libutils.a(ascii.o)
 .debug_abbrev  0x0000000000000000       0xdb ../../../../../..//binary/armv7a/gcc/utils/Debug/libutils.a(ascii.o)
 .debug_aranges
                0x0000000000000000       0x48 ../../../../../..//binary/armv7a/gcc/utils/Debug/libutils.a(ascii.o)
 .debug_ranges  0x0000000000000000       0x38 ../../../../../..//binary/armv7a/gcc/utils/Debug/libutils.a(ascii.o)
 .debug_line    0x0000000000000000      0x1c1 ../../../../../..//binary/armv7a/gcc/utils/Debug/libutils.a(ascii.o)
 .debug_str     0x0000000000000000      0x205 ../../../../../..//binary/armv7a/gcc/utils/Debug/libutils.a(ascii.o)
 .comment       0x0000000000000000       0x80 ../../../../../..//binary/armv7a/gcc/utils/Debug/libutils.a(ascii.o)
 .debug_frame   0x0000000000000000       0xd0 ../../../../../..//binary/armv7a/gcc/utils/Debug/libutils.a(ascii.o)
 .ARM.attributes
                0x0000000000000000       0x37 ../../../../../..//binary/armv7a/gcc/utils/Debug/libutils.a(ascii.o)
 .text          0x0000000000000000        0x0 ../../../../../..//binary/armv7a/gcc/am335x/beaglebone/platform/Debug/libplatform.a(tscAdc.o)
 .data          0x0000000000000000        0x0 ../../../../../..//binary/armv7a/gcc/am335x/beaglebone/platform/Debug/libplatform.a(tscAdc.o)
 .bss           0x0000000000000000        0x0 ../../../../../..//binary/armv7a/gcc/am335x/beaglebone/platform/Debug/libplatform.a(tscAdc.o)
 .text          0x0000000000000000        0x0 ../../../../../..//binary/armv7a/gcc/am335x/beaglebone/platform/Debug/libplatform.a(uartConsole.o)
 .data          0x0000000000000000        0x0 ../../../../../..//binary/armv7a/gcc/am335x/beaglebone/platform/Debug/libplatform.a(uartConsole.o)
 .bss           0x0000000000000000        0x0 ../../../../../..//binary/armv7a/gcc/am335x/beaglebone/platform/Debug/libplatform.a(uartConsole.o)
 .text.UARTConsoleGetc
                0x0000000000000000       0x2c ../../../../../..//binary/armv7a/gcc/am335x/beaglebone/platform/Debug/libplatform.a(uartConsole.o)
 .text          0x0000000000000000        0x0 ../../../../../..//binary/armv7a/gcc/am335x/beaglebone/platform/Debug/libplatform.a(uart.o)
 .data          0x0000000000000000        0x0 ../../../../../..//binary/armv7a/gcc/am335x/beaglebone/platform/Debug/libplatform.a(uart.o)
 .bss           0x0000000000000000        0x0 ../../../../../..//binary/armv7a/gcc/am335x/beaglebone/platform/Debug/libplatform.a(uart.o)
 .data          0x0000000000000000        0x0 ../../../../../..//binary/armv7a/gcc/am335x/system_config/Debug/libsystem_config.a(init.o)
 .bss           0x0000000000000000        0x0 ../../../../../..//binary/armv7a/gcc/am335x/system_config/Debug/libsystem_config.a(init.o)
 .text          0x0000000000000000        0x0 ../../../../../..//binary/armv7a/gcc/am335x/system_config/Debug/libsystem_config.a(interrupt.o)
 .data          0x0000000000000000        0x0 ../../../../../..//binary/armv7a/gcc/am335x/system_config/Debug/libsystem_config.a(interrupt.o)
 .bss           0x0000000000000000        0x0 ../../../../../..//binary/armv7a/gcc/am335x/system_config/Debug/libsystem_config.a(interrupt.o)
 .text.IntUnRegister
                0x0000000000000000       0x38 ../../../../../..//binary/armv7a/gcc/am335x/system_config/Debug/libsystem_config.a(interrupt.o)
 .text.IntSystemDisable
                0x0000000000000000       0x54 ../../../../../..//binary/armv7a/gcc/am335x/system_config/Debug/libsystem_config.a(interrupt.o)
 .text.IntIfClkFreeRunSet
                0x0000000000000000       0x34 ../../../../../..//binary/armv7a/gcc/am335x/system_config/Debug/libsystem_config.a(interrupt.o)
 .text.IntIfClkAutoGateSet
                0x0000000000000000       0x34 ../../../../../..//binary/armv7a/gcc/am335x/system_config/Debug/libsystem_config.a(interrupt.o)
 .text.IntActiveIrqNumGet
                0x0000000000000000       0x28 ../../../../../..//binary/armv7a/gcc/am335x/system_config/Debug/libsystem_config.a(interrupt.o)
 .text.IntSpurIrqFlagGet
                0x0000000000000000       0x2c ../../../../../..//binary/armv7a/gcc/am335x/system_config/Debug/libsystem_config.a(interrupt.o)
 .text.IntProtectionEnable
                0x0000000000000000       0x28 ../../../../../..//binary/armv7a/gcc/am335x/system_config/Debug/libsystem_config.a(interrupt.o)
 .text.IntProtectionDisable
                0x0000000000000000       0x34 ../../../../../..//binary/armv7a/gcc/am335x/system_config/Debug/libsystem_config.a(interrupt.o)
 .text.IntSyncClkFreeRunSet
                0x0000000000000000       0x34 ../../../../../..//binary/armv7a/gcc/am335x/system_config/Debug/libsystem_config.a(interrupt.o)
 .text.IntSyncClkAutoGateSet
                0x0000000000000000       0x34 ../../../../../..//binary/armv7a/gcc/am335x/system_config/Debug/libsystem_config.a(interrupt.o)
 .text.IntFuncClkFreeRunSet
                0x0000000000000000       0x34 ../../../../../..//binary/armv7a/gcc/am335x/system_config/Debug/libsystem_config.a(interrupt.o)
 .text.IntFuncClkAutoGateSet
                0x0000000000000000       0x34 ../../../../../..//binary/armv7a/gcc/am335x/system_config/Debug/libsystem_config.a(interrupt.o)
 .text.IntCurrIrqPriorityGet
                0x0000000000000000       0x28 ../../../../../..//binary/armv7a/gcc/am335x/system_config/Debug/libsystem_config.a(interrupt.o)
 .text.IntPriorityThresholdGet
                0x0000000000000000       0x28 ../../../../../..//binary/armv7a/gcc/am335x/system_config/Debug/libsystem_config.a(interrupt.o)
 .text.IntPriorityThresholdSet
                0x0000000000000000       0x34 ../../../../../..//binary/armv7a/gcc/am335x/system_config/Debug/libsystem_config.a(interrupt.o)
 .text.IntRawStatusGet
                0x0000000000000000       0x5c ../../../../../..//binary/armv7a/gcc/am335x/system_config/Debug/libsystem_config.a(interrupt.o)
 .text.IntSoftwareIntSet
                0x0000000000000000       0x50 ../../../../../..//binary/armv7a/gcc/am335x/system_config/Debug/libsystem_config.a(interrupt.o)
 .text.IntSoftwareIntClear
                0x0000000000000000       0x50 ../../../../../..//binary/armv7a/gcc/am335x/system_config/Debug/libsystem_config.a(interrupt.o)
 .text.IntPendingIrqMaskedStatusGet
                0x0000000000000000       0x58 ../../../../../..//binary/armv7a/gcc/am335x/system_config/Debug/libsystem_config.a(interrupt.o)
 .text.IntMasterIRQDisable
                0x0000000000000000       0x1c ../../../../../..//binary/armv7a/gcc/am335x/system_config/Debug/libsystem_config.a(interrupt.o)
 .text.IntMasterFIQEnable
                0x0000000000000000       0x1c ../../../../../..//binary/armv7a/gcc/am335x/system_config/Debug/libsystem_config.a(interrupt.o)
 .text.IntMasterFIQDisable
                0x0000000000000000       0x1c ../../../../../..//binary/armv7a/gcc/am335x/system_config/Debug/libsystem_config.a(interrupt.o)
 .text.IntMasterStatusGet
                0x0000000000000000       0x20 ../../../../../..//binary/armv7a/gcc/am335x/system_config/Debug/libsystem_config.a(interrupt.o)
 .text.IntDisable
                0x0000000000000000       0x3c ../../../../../..//binary/armv7a/gcc/am335x/system_config/Debug/libsystem_config.a(interrupt.o)
 .text.IntEnable
                0x0000000000000000       0x38 ../../../../../..//binary/armv7a/gcc/am335x/system_config/Debug/libsystem_config.a(interrupt.o)
 .text          0x0000000000000000        0x0 ../../../../../..//binary/armv7a/gcc/am335x/system_config/Debug/libsystem_config.a(startup.o)
 .data          0x0000000000000000        0x0 ../../../../../..//binary/armv7a/gcc/am335x/system_config/Debug/libsystem_config.a(startup.o)
 .bss           0x0000000000000000        0x0 ../../../../../..//binary/armv7a/gcc/am335x/system_config/Debug/libsystem_config.a(startup.o)
 .rodata.AM335X_VECTOR_BASE
                0x0000000000000000        0x4 ../../../../../..//binary/armv7a/gcc/am335x/system_config/Debug/libsystem_config.a(startup.o)
 .data          0x0000000000000000        0x0 ../../../../../..//binary/armv7a/gcc/am335x/system_config/Debug/libsystem_config.a(cp15.o)
 .bss           0x0000000000000000        0x0 ../../../../../..//binary/armv7a/gcc/am335x/system_config/Debug/libsystem_config.a(cp15.o)
 .text          0x0000000000000000        0x0 ../../../../../..//binary/armv7a/gcc/am335x/system_config/Debug/libsystem_config.a(cpu.o)
 .data          0x0000000000000000        0x0 ../../../../../..//binary/armv7a/gcc/am335x/system_config/Debug/libsystem_config.a(cpu.o)
 .bss           0x0000000000000000        0x0 ../../../../../..//binary/armv7a/gcc/am335x/system_config/Debug/libsystem_config.a(cpu.o)
 .text.CPUSwitchToPrivilegedMode
                0x0000000000000000       0x1c ../../../../../..//binary/armv7a/gcc/am335x/system_config/Debug/libsystem_config.a(cpu.o)
 .text.CPUSwitchToUserMode
                0x0000000000000000       0x28 ../../../../../..//binary/armv7a/gcc/am335x/system_config/Debug/libsystem_config.a(cpu.o)
 .text.CPUAbortHandler
                0x0000000000000000       0x18 ../../../../../..//binary/armv7a/gcc/am335x/system_config/Debug/libsystem_config.a(cpu.o)
 .text.CPUIntStatus
                0x0000000000000000       0x2c ../../../../../..//binary/armv7a/gcc/am335x/system_config/Debug/libsystem_config.a(cpu.o)
 .text.CPUirqd  0x0000000000000000       0x28 ../../../../../..//binary/armv7a/gcc/am335x/system_config/Debug/libsystem_config.a(cpu.o)
 .text.CPUfiqd  0x0000000000000000       0x28 ../../../../../..//binary/armv7a/gcc/am335x/system_config/Debug/libsystem_config.a(cpu.o)
 .text.CPUfiqe  0x0000000000000000       0x28 ../../../../../..//binary/armv7a/gcc/am335x/system_config/Debug/libsystem_config.a(cpu.o)
 .data          0x0000000000000000        0x0 ../../../../../..//binary/armv7a/gcc/am335x/system_config/Debug/libsystem_config.a(exceptionhandler.o)
 .bss           0x0000000000000000        0x0 ../../../../../..//binary/armv7a/gcc/am335x/system_config/Debug/libsystem_config.a(exceptionhandler.o)
 .data          0x0000000000000000        0x0 /home/emanuel/Embarcados/Labs/compilador/gcc-arm-none-eabi-7-2018-q2-update/lib/gcc/arm-none-eabi/7.3.1/libgcc.a(_udivsi3.o)
 .bss           0x0000000000000000        0x0 /home/emanuel/Embarcados/Labs/compilador/gcc-arm-none-eabi-7-2018-q2-update/lib/gcc/arm-none-eabi/7.3.1/libgcc.a(_udivsi3.o)
 .data          0x0000000000000000        0x0 /home/emanuel/Embarcados/Labs/compilador/gcc-arm-none-eabi-7-2018-q2-update/lib/gcc/arm-none-eabi/7.3.1/libgcc.a(_divsi3.o)
 .bss           0x0000000000000000        0x0 /home/emanuel/Embarcados/Labs/compilador/gcc-arm-none-eabi-7-2018-q2-update/lib/gcc/arm-none-eabi/7.3.1/libgcc.a(_divsi3.o)
 .data          0x0000000000000000        0x0 /home/emanuel/Embarcados/Labs/compilador/gcc-arm-none-eabi-7-2018-q2-update/lib/gcc/arm-none-eabi/7.3.1/libgcc.a(_dvmd_tls.o)
 .bss           0x0000000000000000        0x0 /home/emanuel/Embarcados/Labs/compilador/gcc-arm-none-eabi-7-2018-q2-update/lib/gcc/arm-none-eabi/7.3.1/libgcc.a(_dvmd_tls.o)
 .text          0x0000000000000000        0x0 ../../../../../..//binary/armv7a/gcc/am335x/drivers/Debug/libdrivers.a(uart_irda_cir.o)
 .data          0x0000000000000000        0x0 ../../../../../..//binary/armv7a/gcc/am335x/drivers/Debug/libdrivers.a(uart_irda_cir.o)
 .bss           0x0000000000000000        0x0 ../../../../../..//binary/armv7a/gcc/am335x/drivers/Debug/libdrivers.a(uart_irda_cir.o)
 .text.UARTDivisorLatchEnable
                0x0000000000000000       0x3c ../../../../../..//binary/armv7a/gcc/am335x/drivers/Debug/libdrivers.a(uart_irda_cir.o)
 .text.UARTRegConfModeRestore
                0x0000000000000000       0x38 ../../../../../..//binary/armv7a/gcc/am335x/drivers/Debug/libdrivers.a(uart_irda_cir.o)
 .text.UARTParityModeSet
                0x0000000000000000       0x64 ../../../../../..//binary/armv7a/gcc/am335x/drivers/Debug/libdrivers.a(uart_irda_cir.o)
 .text.UARTParityModeGet
                0x0000000000000000       0x30 ../../../../../..//binary/armv7a/gcc/am335x/drivers/Debug/libdrivers.a(uart_irda_cir.o)
 .text.UARTDMAEnable
                0x0000000000000000       0x84 ../../../../../..//binary/armv7a/gcc/am335x/drivers/Debug/libdrivers.a(uart_irda_cir.o)
 .text.UARTDMADisable
                0x0000000000000000       0x58 ../../../../../..//binary/armv7a/gcc/am335x/drivers/Debug/libdrivers.a(uart_irda_cir.o)
 .text.UARTSubConfigMSRSPRModeEn
                0x0000000000000000      0x12c ../../../../../..//binary/armv7a/gcc/am335x/drivers/Debug/libdrivers.a(uart_irda_cir.o)
 .text.UARTSubConfigXOFFModeEn
                0x0000000000000000      0x12c ../../../../../..//binary/armv7a/gcc/am335x/drivers/Debug/libdrivers.a(uart_irda_cir.o)
 .text.UARTIntEnable
                0x0000000000000000      0x13c ../../../../../..//binary/armv7a/gcc/am335x/drivers/Debug/libdrivers.a(uart_irda_cir.o)
 .text.UARTIntDisable
                0x0000000000000000      0x11c ../../../../../..//binary/armv7a/gcc/am335x/drivers/Debug/libdrivers.a(uart_irda_cir.o)
 .text.UARTSpaceAvail
                0x0000000000000000       0x7c ../../../../../..//binary/armv7a/gcc/am335x/drivers/Debug/libdrivers.a(uart_irda_cir.o)
 .text.UARTCharsAvail
                0x0000000000000000       0x7c ../../../../../..//binary/armv7a/gcc/am335x/drivers/Debug/libdrivers.a(uart_irda_cir.o)
 .text.UARTCharPutNonBlocking
                0x0000000000000000       0x90 ../../../../../..//binary/armv7a/gcc/am335x/drivers/Debug/libdrivers.a(uart_irda_cir.o)
 .text.UARTCharGetNonBlocking
                0x0000000000000000       0x80 ../../../../../..//binary/armv7a/gcc/am335x/drivers/Debug/libdrivers.a(uart_irda_cir.o)
 .text.UARTCharGet
                0x0000000000000000       0x84 ../../../../../..//binary/armv7a/gcc/am335x/drivers/Debug/libdrivers.a(uart_irda_cir.o)
 .text.UARTCharGetTimeout
                0x0000000000000000       0xb0 ../../../../../..//binary/armv7a/gcc/am335x/drivers/Debug/libdrivers.a(uart_irda_cir.o)
 .text.UARTFIFOCharPut
                0x0000000000000000       0x34 ../../../../../..//binary/armv7a/gcc/am335x/drivers/Debug/libdrivers.a(uart_irda_cir.o)
 .text.UARTFIFOCharGet
                0x0000000000000000       0x2c ../../../../../..//binary/armv7a/gcc/am335x/drivers/Debug/libdrivers.a(uart_irda_cir.o)
 .text.UARTFIFOWrite
                0x0000000000000000       0x74 ../../../../../..//binary/armv7a/gcc/am335x/drivers/Debug/libdrivers.a(uart_irda_cir.o)
 .text.UARTRxErrorGet
                0x0000000000000000       0x70 ../../../../../..//binary/armv7a/gcc/am335x/drivers/Debug/libdrivers.a(uart_irda_cir.o)
 .text.UARTIntIdentityGet
                0x0000000000000000       0x70 ../../../../../..//binary/armv7a/gcc/am335x/drivers/Debug/libdrivers.a(uart_irda_cir.o)
 .text.UARTIntPendingStatusGet
                0x0000000000000000       0x7c ../../../../../..//binary/armv7a/gcc/am335x/drivers/Debug/libdrivers.a(uart_irda_cir.o)
 .text.UARTFIFOEnableStatusGet
                0x0000000000000000       0x7c ../../../../../..//binary/armv7a/gcc/am335x/drivers/Debug/libdrivers.a(uart_irda_cir.o)
 .text.UARTAutoRTSAutoCTSControl
                0x0000000000000000       0xbc ../../../../../..//binary/armv7a/gcc/am335x/drivers/Debug/libdrivers.a(uart_irda_cir.o)
 .text.UARTSpecialCharDetectControl
                0x0000000000000000       0x94 ../../../../../..//binary/armv7a/gcc/am335x/drivers/Debug/libdrivers.a(uart_irda_cir.o)
 .text.UARTSoftwareFlowCtrlOptSet
                0x0000000000000000       0x94 ../../../../../..//binary/armv7a/gcc/am335x/drivers/Debug/libdrivers.a(uart_irda_cir.o)
 .text.UARTPulseShapingControl
                0x0000000000000000       0x64 ../../../../../..//binary/armv7a/gcc/am335x/drivers/Debug/libdrivers.a(uart_irda_cir.o)
 .text.UARTIdleModeConfigure
                0x0000000000000000       0x64 ../../../../../..//binary/armv7a/gcc/am335x/drivers/Debug/libdrivers.a(uart_irda_cir.o)
 .text.UARTWakeUpControl
                0x0000000000000000       0x64 ../../../../../..//binary/armv7a/gcc/am335x/drivers/Debug/libdrivers.a(uart_irda_cir.o)
 .text.UARTAutoIdleModeControl
                0x0000000000000000       0x64 ../../../../../..//binary/armv7a/gcc/am335x/drivers/Debug/libdrivers.a(uart_irda_cir.o)
 .text.UARTFlowCtrlTrigLvlConfig
                0x0000000000000000       0x68 ../../../../../..//binary/armv7a/gcc/am335x/drivers/Debug/libdrivers.a(uart_irda_cir.o)
 .text.UARTXON1XOFF1ValProgram
                0x0000000000000000       0x58 ../../../../../..//binary/armv7a/gcc/am335x/drivers/Debug/libdrivers.a(uart_irda_cir.o)
 .text.UARTXON2XOFF2ValProgram
                0x0000000000000000       0x58 ../../../../../..//binary/armv7a/gcc/am335x/drivers/Debug/libdrivers.a(uart_irda_cir.o)
 .text.UARTXONAnyFeatureControl
                0x0000000000000000      0x10c ../../../../../..//binary/armv7a/gcc/am335x/drivers/Debug/libdrivers.a(uart_irda_cir.o)
 .text.UARTLoopbackModeControl
                0x0000000000000000       0x64 ../../../../../..//binary/armv7a/gcc/am335x/drivers/Debug/libdrivers.a(uart_irda_cir.o)
 .text.UARTModemControlSet
                0x0000000000000000       0x48 ../../../../../..//binary/armv7a/gcc/am335x/drivers/Debug/libdrivers.a(uart_irda_cir.o)
 .text.UARTModemControlClear
                0x0000000000000000       0x4c ../../../../../..//binary/armv7a/gcc/am335x/drivers/Debug/libdrivers.a(uart_irda_cir.o)
 .text.UARTModemStatusGet
                0x0000000000000000       0x30 ../../../../../..//binary/armv7a/gcc/am335x/drivers/Debug/libdrivers.a(uart_irda_cir.o)
 .text.UARTModemStatusChangeCheck
                0x0000000000000000       0x30 ../../../../../..//binary/armv7a/gcc/am335x/drivers/Debug/libdrivers.a(uart_irda_cir.o)
 .text.UARTResumeOperation
                0x0000000000000000       0x2c ../../../../../..//binary/armv7a/gcc/am335x/drivers/Debug/libdrivers.a(uart_irda_cir.o)
 .text.UARTWakeUpEventsEnable
                0x0000000000000000       0x48 ../../../../../..//binary/armv7a/gcc/am335x/drivers/Debug/libdrivers.a(uart_irda_cir.o)
 .text.UARTWakeUpEventsDisable
                0x0000000000000000       0x4c ../../../../../..//binary/armv7a/gcc/am335x/drivers/Debug/libdrivers.a(uart_irda_cir.o)
 .text.UARTFIFOTrigLvlGranControl
                0x0000000000000000       0x8c ../../../../../..//binary/armv7a/gcc/am335x/drivers/Debug/libdrivers.a(uart_irda_cir.o)
 .text.UARTDSRInterruptControl
                0x0000000000000000       0x64 ../../../../../..//binary/armv7a/gcc/am335x/drivers/Debug/libdrivers.a(uart_irda_cir.o)
 .text.UARTTxEmptyIntControl
                0x0000000000000000       0x64 ../../../../../..//binary/armv7a/gcc/am335x/drivers/Debug/libdrivers.a(uart_irda_cir.o)
 .text.UARTRXCTSDSRWakeUpConfigure
                0x0000000000000000       0x64 ../../../../../..//binary/armv7a/gcc/am335x/drivers/Debug/libdrivers.a(uart_irda_cir.o)
 .text.UARTRXCTSDSRTransitionStatusGet
                0x0000000000000000       0x30 ../../../../../..//binary/armv7a/gcc/am335x/drivers/Debug/libdrivers.a(uart_irda_cir.o)
 .text.UARTDMACounterResetControl
                0x0000000000000000       0x64 ../../../../../..//binary/armv7a/gcc/am335x/drivers/Debug/libdrivers.a(uart_irda_cir.o)
 .text.UARTTxFIFOFullStatusGet
                0x0000000000000000       0x30 ../../../../../..//binary/armv7a/gcc/am335x/drivers/Debug/libdrivers.a(uart_irda_cir.o)
 .text.UARTTxFIFOLevelGet
                0x0000000000000000       0x2c ../../../../../..//binary/armv7a/gcc/am335x/drivers/Debug/libdrivers.a(uart_irda_cir.o)
 .text.UARTRxFIFOLevelGet
                0x0000000000000000       0x2c ../../../../../..//binary/armv7a/gcc/am335x/drivers/Debug/libdrivers.a(uart_irda_cir.o)
 .text.UARTAutobaudParityGet
                0x0000000000000000       0x70 ../../../../../..//binary/armv7a/gcc/am335x/drivers/Debug/libdrivers.a(uart_irda_cir.o)
 .text.UARTAutobaudWordLenGet
                0x0000000000000000       0x70 ../../../../../..//binary/armv7a/gcc/am335x/drivers/Debug/libdrivers.a(uart_irda_cir.o)
 .text.UARTAutobaudSpeedGet
                0x0000000000000000       0x70 ../../../../../..//binary/armv7a/gcc/am335x/drivers/Debug/libdrivers.a(uart_irda_cir.o)
 .text.UARTScratchPadRegWrite
                0x0000000000000000       0x64 ../../../../../..//binary/armv7a/gcc/am335x/drivers/Debug/libdrivers.a(uart_irda_cir.o)
 .text.UARTScratchPadRegRead
                0x0000000000000000       0x30 ../../../../../..//binary/armv7a/gcc/am335x/drivers/Debug/libdrivers.a(uart_irda_cir.o)
 .text.UARTModuleVersionNumberGet
                0x0000000000000000       0x30 ../../../../../..//binary/armv7a/gcc/am335x/drivers/Debug/libdrivers.a(uart_irda_cir.o)
 .text.UARTTxDMAThresholdControl
                0x0000000000000000       0x64 ../../../../../..//binary/armv7a/gcc/am335x/drivers/Debug/libdrivers.a(uart_irda_cir.o)
 .text.UARTTxDMAThresholdValConfig
                0x0000000000000000       0x64 ../../../../../..//binary/armv7a/gcc/am335x/drivers/Debug/libdrivers.a(uart_irda_cir.o)

Memory Configuration

Name             Origin             Length             Attributes
DDR0             0x0000000080000000 0x0000000010000000
*default*        0x0000000000000000 0xffffffffffffffff

Linker script and memory map

LOAD Debug/adcVoltMeasure.o
LOAD ../../../../../..//binary/armv7a/gcc/am335x/drivers/Debug/libdrivers.a
LOAD ../../../../../..//binary/armv7a/gcc/utils/Debug/libutils.a
LOAD ../../../../../..//binary/armv7a/gcc/am335x/beaglebone/platform/Debug/libplatform.a
LOAD ../../../../../..//binary/armv7a/gcc/am335x/system_config/Debug/libsystem_config.a
LOAD /home/emanuel/Embarcados/Labs/compilador/gcc-arm-none-eabi-7-2018-q2-update/arm-none-eabi/lib/libc.a
LOAD /home/emanuel/Embarcados/Labs/compilador/gcc-arm-none-eabi-7-2018-q2-update/lib/gcc/arm-none-eabi/7.3.1/libgcc.a
LOAD ../../../../../..//binary/armv7a/gcc/am335x/drivers/Debug/libdrivers.a
LOAD ../../../../../..//binary/armv7a/gcc/utils/Debug/libutils.a
LOAD ../../../../../..//binary/armv7a/gcc/am335x/beaglebone/platform/Debug/libplatform.a
LOAD ../../../../../..//binary/armv7a/gcc/am335x/system_config/Debug/libsystem_config.a
LOAD /home/emanuel/Embarcados/Labs/compilador/gcc-arm-none-eabi-7-2018-q2-update/arm-none-eabi/lib/libc.a
LOAD /home/emanuel/Embarcados/Labs/compilador/gcc-arm-none-eabi-7-2018-q2-update/lib/gcc/arm-none-eabi/7.3.1/libgcc.a

.startcode      0x0000000080000000       0xbc
                0x0000000080000000                . = ALIGN (0x4)
 *init.o(.text)
 .text          0x0000000080000000       0xbc ../../../../../..//binary/armv7a/gcc/am335x/system_config/Debug/libsystem_config.a(init.o)
                0x0000000080000000                Entry

.text           0x00000000800000bc     0x3da4
                0x00000000800000bc                . = ALIGN (0x4)
 *(.text*)
 .text.main     0x00000000800000bc      0x158 Debug/adcVoltMeasure.o
                0x00000000800000bc                main
 .text.ADCConfigure
                0x0000000080000214      0x14c Debug/adcVoltMeasure.o
 .text.StepConfigure
                0x0000000080000360      0x100 Debug/adcVoltMeasure.o
 .text.CleanUpInterrupts
                0x0000000080000460       0x58 Debug/adcVoltMeasure.o
 .text.ADCIsr   0x00000000800004b8       0xc0 Debug/adcVoltMeasure.o
 .text.SetupIntc
                0x0000000080000578       0x68 Debug/adcVoltMeasure.o
 .text.TSCADCIntStatusClear
                0x00000000800005e0       0x38 ../../../../../..//binary/armv7a/gcc/am335x/drivers/Debug/libdrivers.a(tsc_adc.o)
                0x00000000800005e0                TSCADCIntStatusClear
 .text.TSCADCIntStatus
                0x0000000080000618       0x2c ../../../../../..//binary/armv7a/gcc/am335x/drivers/Debug/libdrivers.a(tsc_adc.o)
                0x0000000080000618                TSCADCIntStatus
 .text.TSCADCEventInterruptEnable
                0x0000000080000644       0x48 ../../../../../..//binary/armv7a/gcc/am335x/drivers/Debug/libdrivers.a(tsc_adc.o)
                0x0000000080000644                TSCADCEventInterruptEnable
 .text.TSCADCTSTransistorConfig
                0x000000008000068c       0x64 ../../../../../..//binary/armv7a/gcc/am335x/drivers/Debug/libdrivers.a(tsc_adc.o)
                0x000000008000068c                TSCADCTSTransistorConfig
 .text.TSCADCTSModeConfig
                0x00000000800006f0       0x64 ../../../../../..//binary/armv7a/gcc/am335x/drivers/Debug/libdrivers.a(tsc_adc.o)
                0x00000000800006f0                TSCADCTSModeConfig
 .text.TSCADCStepConfigProtectionDisable
                0x0000000080000754       0x3c ../../../../../..//binary/armv7a/gcc/am335x/drivers/Debug/libdrivers.a(tsc_adc.o)
                0x0000000080000754                TSCADCStepConfigProtectionDisable
 .text.TSCADCStepIDTagConfig
                0x0000000080000790       0x64 ../../../../../..//binary/armv7a/gcc/am335x/drivers/Debug/libdrivers.a(tsc_adc.o)
                0x0000000080000790                TSCADCStepIDTagConfig
 .text.TSCADCModuleStateSet
                0x00000000800007f4       0x64 ../../../../../..//binary/armv7a/gcc/am335x/drivers/Debug/libdrivers.a(tsc_adc.o)
                0x00000000800007f4                TSCADCModuleStateSet
 .text.TSCADCConfigureAFEClock
                0x0000000080000858       0x78 ../../../../../..//binary/armv7a/gcc/am335x/drivers/Debug/libdrivers.a(tsc_adc.o)
                0x0000000080000858                TSCADCConfigureAFEClock
 .text.TSCADCConfigureStepEnable
                0x00000000800008d0       0x80 ../../../../../..//binary/armv7a/gcc/am335x/drivers/Debug/libdrivers.a(tsc_adc.o)
                0x00000000800008d0                TSCADCConfigureStepEnable
 .text.TSCADCTSStepOperationModeControl
                0x0000000080000950       0xa0 ../../../../../..//binary/armv7a/gcc/am335x/drivers/Debug/libdrivers.a(tsc_adc.o)
                0x0000000080000950                TSCADCTSStepOperationModeControl
 .text.TSCADCTSStepConfig
                0x00000000800009f0      0x1ec ../../../../../..//binary/armv7a/gcc/am335x/drivers/Debug/libdrivers.a(tsc_adc.o)
                0x00000000800009f0                TSCADCTSStepConfig
 .text.TSCADCTSStepAnalogSupplyConfig
                0x0000000080000bdc      0x17c ../../../../../..//binary/armv7a/gcc/am335x/drivers/Debug/libdrivers.a(tsc_adc.o)
                0x0000000080000bdc                TSCADCTSStepAnalogSupplyConfig
 .text.TSCADCTSStepAnalogGroundConfig
                0x0000000080000d58      0x1ec ../../../../../..//binary/armv7a/gcc/am335x/drivers/Debug/libdrivers.a(tsc_adc.o)
                0x0000000080000d58                TSCADCTSStepAnalogGroundConfig
 .text.TSCADCTSStepFIFOSelConfig
                0x0000000080000f44       0x98 ../../../../../..//binary/armv7a/gcc/am335x/drivers/Debug/libdrivers.a(tsc_adc.o)
                0x0000000080000f44                TSCADCTSStepFIFOSelConfig
 .text.TSCADCTSStepModeConfig
                0x0000000080000fdc       0x98 ../../../../../..//binary/armv7a/gcc/am335x/drivers/Debug/libdrivers.a(tsc_adc.o)
                0x0000000080000fdc                TSCADCTSStepModeConfig
 .text.TSCADCFIFOADCDataRead
                0x0000000080001074       0x40 ../../../../../..//binary/armv7a/gcc/am335x/drivers/Debug/libdrivers.a(tsc_adc.o)
                0x0000000080001074                TSCADCFIFOADCDataRead
 .text.ConsoleUtilsInit
                0x00000000800010b4       0x1c ../../../../../..//binary/armv7a/gcc/utils/Debug/libutils.a(consoleUtils.o)
                0x00000000800010b4                ConsoleUtilsInit
 .text.ConsoleUtilsSetType
                0x00000000800010d0       0x58 ../../../../../..//binary/armv7a/gcc/utils/Debug/libutils.a(consoleUtils.o)
                0x00000000800010d0                ConsoleUtilsSetType
 .text.ConsoleUtilsPrintf
                0x0000000080001128       0x70 ../../../../../..//binary/armv7a/gcc/utils/Debug/libutils.a(consoleUtils.o)
                0x0000000080001128                ConsoleUtilsPrintf
 .text.UARTStdioInit
                0x0000000080001198       0x1c ../../../../../..//binary/armv7a/gcc/utils/Debug/libutils.a(uartStdio.o)
                0x0000000080001198                UARTStdioInit
 .text.UARTPuts
                0x00000000800011b4       0xe4 ../../../../../..//binary/armv7a/gcc/utils/Debug/libutils.a(uartStdio.o)
                0x00000000800011b4                UARTPuts
 .text.UARTPutc
                0x0000000080001298       0x34 ../../../../../..//binary/armv7a/gcc/utils/Debug/libutils.a(uartStdio.o)
                0x0000000080001298                UARTPutc
 .text.UARTwrite
                0x00000000800012cc       0x94 ../../../../../..//binary/armv7a/gcc/utils/Debug/libutils.a(uartStdio.o)
                0x00000000800012cc                UARTwrite
 .text.UARTPrintf
                0x0000000080001360      0x65c ../../../../../..//binary/armv7a/gcc/utils/Debug/libutils.a(uartStdio.o)
                0x0000000080001360                UARTPrintf
 .text.TSCADCModuleClkConfig
                0x00000000800019bc      0x360 ../../../../../..//binary/armv7a/gcc/am335x/beaglebone/platform/Debug/libplatform.a(tscAdc.o)
                0x00000000800019bc                TSCADCModuleClkConfig
 .text.TSCADCPinMuxSetUp
                0x0000000080001d1c       0xbc ../../../../../..//binary/armv7a/gcc/am335x/beaglebone/platform/Debug/libplatform.a(tscAdc.o)
                0x0000000080001d1c                TSCADCPinMuxSetUp
 .text.UARTStdioInitExpClk
                0x0000000080001dd8       0xd4 ../../../../../..//binary/armv7a/gcc/am335x/beaglebone/platform/Debug/libplatform.a(uartConsole.o)
 .text.UartFIFOConfigure
                0x0000000080001eac       0x68 ../../../../../..//binary/armv7a/gcc/am335x/beaglebone/platform/Debug/libplatform.a(uartConsole.o)
 .text.UartBaudRateSet
                0x0000000080001f14       0x60 ../../../../../..//binary/armv7a/gcc/am335x/beaglebone/platform/Debug/libplatform.a(uartConsole.o)
 .text.UARTConsoleInit
                0x0000000080001f74       0x48 ../../../../../..//binary/armv7a/gcc/am335x/beaglebone/platform/Debug/libplatform.a(uartConsole.o)
                0x0000000080001f74                UARTConsoleInit
 .text.UARTConsolePutc
                0x0000000080001fbc       0x3c ../../../../../..//binary/armv7a/gcc/am335x/beaglebone/platform/Debug/libplatform.a(uartConsole.o)
                0x0000000080001fbc                UARTConsolePutc
 .text.UARTPinMuxSetup
                0x0000000080001ff8       0x4c ../../../../../..//binary/armv7a/gcc/am335x/beaglebone/platform/Debug/libplatform.a(uart.o)
                0x0000000080001ff8                UARTPinMuxSetup
 .text.UART0ModuleClkConfig
                0x0000000080002044      0x360 ../../../../../..//binary/armv7a/gcc/am335x/beaglebone/platform/Debug/libplatform.a(uart.o)
                0x0000000080002044                UART0ModuleClkConfig
 .text.IntDefaultHandler
                0x00000000800023a4       0x18 ../../../../../..//binary/armv7a/gcc/am335x/system_config/Debug/libsystem_config.a(interrupt.o)
 .text.IntRegister
                0x00000000800023bc       0x38 ../../../../../..//binary/armv7a/gcc/am335x/system_config/Debug/libsystem_config.a(interrupt.o)
                0x00000000800023bc                IntRegister
 .text.IntAINTCInit
                0x00000000800023f4       0x94 ../../../../../..//binary/armv7a/gcc/am335x/system_config/Debug/libsystem_config.a(interrupt.o)
                0x00000000800023f4                IntAINTCInit
 .text.IntPrioritySet
                0x0000000080002488       0x58 ../../../../../..//binary/armv7a/gcc/am335x/system_config/Debug/libsystem_config.a(interrupt.o)
                0x0000000080002488                IntPrioritySet
 .text.IntSystemEnable
                0x00000000800024e0       0x54 ../../../../../..//binary/armv7a/gcc/am335x/system_config/Debug/libsystem_config.a(interrupt.o)
                0x00000000800024e0                IntSystemEnable
 .text.IntMasterIRQEnable
                0x0000000080002534       0x1c ../../../../../..//binary/armv7a/gcc/am335x/system_config/Debug/libsystem_config.a(interrupt.o)
                0x0000000080002534                IntMasterIRQEnable
 .text.start_boot
                0x0000000080002550       0x24 ../../../../../..//binary/armv7a/gcc/am335x/system_config/Debug/libsystem_config.a(startup.o)
                0x0000000080002550                start_boot
 .text.CopyVectorTable
                0x0000000080002574       0x94 ../../../../../..//binary/armv7a/gcc/am335x/system_config/Debug/libsystem_config.a(startup.o)
 .text          0x0000000080002608      0x488 ../../../../../..//binary/armv7a/gcc/am335x/system_config/Debug/libsystem_config.a(cp15.o)
                0x0000000080002608                CP15ICacheDisable
                0x0000000080002624                CP15DCacheDisable
                0x0000000080002640                CP15ICacheEnable
                0x0000000080002650                CP15DCacheEnable
                0x0000000080002660                CP15DCacheFlush
                0x00000000800026f4                CP15DCacheClean
                0x0000000080002788                CP15DCacheCleanFlush
                0x000000008000281c                CP15ICacheFlush
                0x000000008000282c                CP15DCacheCleanBuff
                0x0000000080002880                CP15DCacheCleanFlushBuff
                0x00000000800028d4                CP15DCacheFlushBuff
                0x0000000080002938                CP15ICacheFlushBuff
                0x000000008000298c                CP15Ttb0Set
                0x0000000080002998                CP15TlbInvalidate
                0x00000000800029a4                CP15MMUDisable
                0x00000000800029bc                CP15MMUEnable
                0x00000000800029d0                CP15VectorBaseAddrSet
                0x00000000800029dc                CP15BranchPredictorInvalidate
                0x00000000800029e8                CP15BranchPredictionEnable
                0x00000000800029f8                CP15BranchPredictionDisable
                0x0000000080002a08                CP15DomainAccessClientSet
                0x0000000080002a18                CP15ControlFeatureDisable
                0x0000000080002a2c                CP15ControlFeatureEnable
                0x0000000080002a40                CP15TtbCtlTtb0Config
                0x0000000080002a50                CP15AuxControlFeatureEnable
                0x0000000080002a64                CP15AuxControlFeatureDisable
                0x0000000080002a78                CP15MainIdPrimPartNumGet
 .text.CPUirqe  0x0000000080002a90       0x28 ../../../../../..//binary/armv7a/gcc/am335x/system_config/Debug/libsystem_config.a(cpu.o)
                0x0000000080002a90                CPUirqe
 .text          0x0000000080002ab8       0xf0 ../../../../../..//binary/armv7a/gcc/am335x/system_config/Debug/libsystem_config.a(exceptionhandler.o)
                0x0000000080002ab8                SVC_Handler
                0x0000000080002ae0                IRQHandler
                0x0000000080002b8c                FIQHandler
                0x0000000080002b90                UndefInstHandler
                0x0000000080002b90                AbortHandler
 .text          0x0000000080002ba8      0x114 /home/emanuel/Embarcados/Labs/compilador/gcc-arm-none-eabi-7-2018-q2-update/lib/gcc/arm-none-eabi/7.3.1/libgcc.a(_udivsi3.o)
                0x0000000080002ba8                __udivsi3
                0x0000000080002ba8                __aeabi_uidiv
                0x0000000080002c9c                __aeabi_uidivmod
 .text          0x0000000080002cbc      0x148 /home/emanuel/Embarcados/Labs/compilador/gcc-arm-none-eabi-7-2018-q2-update/lib/gcc/arm-none-eabi/7.3.1/libgcc.a(_divsi3.o)
                0x0000000080002cbc                __aeabi_idiv
                0x0000000080002cbc                __divsi3
                0x0000000080002de4                __aeabi_idivmod
 .text          0x0000000080002e04        0x4 /home/emanuel/Embarcados/Labs/compilador/gcc-arm-none-eabi-7-2018-q2-update/lib/gcc/arm-none-eabi/7.3.1/libgcc.a(_dvmd_tls.o)
                0x0000000080002e04                __aeabi_ldiv0
                0x0000000080002e04                __aeabi_idiv0
 .text.UARTOperatingModeSelect
                0x0000000080002e08       0x84 ../../../../../..//binary/armv7a/gcc/am335x/drivers/Debug/libdrivers.a(uart_irda_cir.o)
                0x0000000080002e08                UARTOperatingModeSelect
 .text.UARTDivisorValCompute
                0x0000000080002e8c       0xf8 ../../../../../..//binary/armv7a/gcc/am335x/drivers/Debug/libdrivers.a(uart_irda_cir.o)
                0x0000000080002e8c                UARTDivisorValCompute
 .text.UARTDivisorLatchWrite
                0x0000000080002f84      0x214 ../../../../../..//binary/armv7a/gcc/am335x/drivers/Debug/libdrivers.a(uart_irda_cir.o)
                0x0000000080002f84                UARTDivisorLatchWrite
 .text.UARTDivisorLatchDisable
                0x0000000080003198       0x3c ../../../../../..//binary/armv7a/gcc/am335x/drivers/Debug/libdrivers.a(uart_irda_cir.o)
                0x0000000080003198                UARTDivisorLatchDisable
 .text.UARTRegConfigModeEnable
                0x00000000800031d4       0x9c ../../../../../..//binary/armv7a/gcc/am335x/drivers/Debug/libdrivers.a(uart_irda_cir.o)
                0x00000000800031d4                UARTRegConfigModeEnable
 .text.UARTBreakCtl
                0x0000000080003270       0x64 ../../../../../..//binary/armv7a/gcc/am335x/drivers/Debug/libdrivers.a(uart_irda_cir.o)
                0x0000000080003270                UARTBreakCtl
 .text.UARTLineCharacConfig
                0x00000000800032d4       0xa8 ../../../../../..//binary/armv7a/gcc/am335x/drivers/Debug/libdrivers.a(uart_irda_cir.o)
                0x00000000800032d4                UARTLineCharacConfig
 .text.UARTFIFOConfig
                0x000000008000337c      0x484 ../../../../../..//binary/armv7a/gcc/am335x/drivers/Debug/libdrivers.a(uart_irda_cir.o)
                0x000000008000337c                UARTFIFOConfig
 .text.UARTFIFORegisterWrite
                0x0000000080003800       0xcc ../../../../../..//binary/armv7a/gcc/am335x/drivers/Debug/libdrivers.a(uart_irda_cir.o)
                0x0000000080003800                UARTFIFORegisterWrite
 .text.UARTEnhanFuncEnable
                0x00000000800038cc       0x8c ../../../../../..//binary/armv7a/gcc/am335x/drivers/Debug/libdrivers.a(uart_irda_cir.o)
                0x00000000800038cc                UARTEnhanFuncEnable
 .text.UARTEnhanFuncBitValRestore
                0x0000000080003958       0x94 ../../../../../..//binary/armv7a/gcc/am335x/drivers/Debug/libdrivers.a(uart_irda_cir.o)
                0x0000000080003958                UARTEnhanFuncBitValRestore
 .text.UARTSubConfigTCRTLRModeEn
                0x00000000800039ec      0x12c ../../../../../..//binary/armv7a/gcc/am335x/drivers/Debug/libdrivers.a(uart_irda_cir.o)
                0x00000000800039ec                UARTSubConfigTCRTLRModeEn
 .text.UARTTCRTLRBitValRestore
                0x0000000080003b18      0x134 ../../../../../..//binary/armv7a/gcc/am335x/drivers/Debug/libdrivers.a(uart_irda_cir.o)
                0x0000000080003b18                UARTTCRTLRBitValRestore
 .text.UARTCharPut
                0x0000000080003c4c       0x80 ../../../../../..//binary/armv7a/gcc/am335x/drivers/Debug/libdrivers.a(uart_irda_cir.o)
                0x0000000080003c4c                UARTCharPut
 .text.UARTModuleReset
                0x0000000080003ccc       0x58 ../../../../../..//binary/armv7a/gcc/am335x/drivers/Debug/libdrivers.a(uart_irda_cir.o)
                0x0000000080003ccc                UARTModuleReset
 *(.rodata*)
 .rodata        0x0000000080003d24       0x52 Debug/adcVoltMeasure.o
 *fill*         0x0000000080003d76        0x2 
 .rodata        0x0000000080003d78       0x50 ../../../../../..//binary/armv7a/gcc/utils/Debug/libutils.a(consoleUtils.o)
 .rodata        0x0000000080003dc8       0x60 ../../../../../..//binary/armv7a/gcc/utils/Debug/libutils.a(uartStdio.o)
 .rodata.vecTbl
                0x0000000080003e28       0x38 ../../../../../..//binary/armv7a/gcc/am335x/system_config/Debug/libsystem_config.a(startup.o)

.glue_7         0x0000000080003e60        0x0
 .glue_7        0x0000000080003e60        0x0 linker stubs

.glue_7t        0x0000000080003e60        0x0
 .glue_7t       0x0000000080003e60        0x0 linker stubs

.vfp11_veneer   0x0000000080003e60        0x0
 .vfp11_veneer  0x0000000080003e60        0x0 linker stubs

.v4_bx          0x0000000080003e60        0x0
 .v4_bx         0x0000000080003e60        0x0 linker stubs

.iplt           0x0000000080003e60        0x0
 .iplt          0x0000000080003e60        0x0 Debug/adcVoltMeasure.o

.rel.dyn        0x0000000080003e60        0x0
 .rel.iplt      0x0000000080003e60        0x0 Debug/adcVoltMeasure.o

.data           0x0000000080003e60        0x4
                0x0000000080003e60                . = ALIGN (0x4)
 *(.data*)
 .data.flag     0x0000000080003e60        0x4 Debug/adcVoltMeasure.o
                0x0000000080003e60                flag

.igot.plt       0x0000000080003e64        0x0
 .igot.plt      0x0000000080003e64        0x0 Debug/adcVoltMeasure.o

.bss            0x0000000080003e64      0x214
                0x0000000080003e64                . = ALIGN (0x4)
                0x0000000080003e64                _bss_start = .
 *(.bss*)
 .bss.ConsoleType
                0x0000000080003e64        0x1 ../../../../../..//binary/armv7a/gcc/utils/Debug/libutils.a(consoleUtils.o)
 *(COMMON)
 *fill*         0x0000000080003e65        0x3 
 COMMON         0x0000000080003e68       0x10 Debug/adcVoltMeasure.o
                0x0000000080003e68                sample2
                0x0000000080003e6c                val2
                0x0000000080003e70                sample1
                0x0000000080003e74                val1
 COMMON         0x0000000080003e78      0x200 ../../../../../..//binary/armv7a/gcc/am335x/system_config/Debug/libsystem_config.a(interrupt.o)
                0x0000000080003e78                fnRAMVectors
                0x0000000080004078                _bss_end = .

.heap           0x0000000080004078      0x800
                0x0000000080004078                . = ALIGN (0x4)
                0x0000000080004078                __end__ = .
                0x0000000080004078                end = __end__
                0x0000000080004078                __HeapBase = __end__
 *(.heap*)
                0x0000000080004878                . = (. + 0x800)
 *fill*         0x0000000080004078      0x800 
                0x0000000080004878                __HeapLimit = .

.stack          0x0000000080004878  0x7fffff8
                0x0000000080004878                . = ALIGN (0x4)
                0x0000000080004878                __StackLimit = .
 *(.stack*)
                0x0000000088004870                . = (. + 0x7fffff8)
 *fill*         0x0000000080004878  0x7fffff8 
                0x0000000088004870                __StackTop = .
                0x0000000088004870                _stack = __StackTop
OUTPUT(Debug/adcVoltMeasure.out elf32-littlearm)

.debug_info     0x0000000000000000     0x45fe
 .debug_info    0x0000000000000000      0x446 Debug/adcVoltMeasure.o
 .debug_info    0x0000000000000446      0xdf4 ../../../../../..//binary/armv7a/gcc/am335x/drivers/Debug/libdrivers.a(tsc_adc.o)
 .debug_info    0x000000000000123a      0xb52 ../../../../../..//binary/armv7a/gcc/utils/Debug/libutils.a(consoleUtils.o)
 .debug_info    0x0000000000001d8c      0x98c ../../../../../..//binary/armv7a/gcc/utils/Debug/libutils.a(uartStdio.o)
 .debug_info    0x0000000000002718       0x5a ../../../../../..//binary/armv7a/gcc/am335x/beaglebone/platform/Debug/libplatform.a(tscAdc.o)
 .debug_info    0x0000000000002772      0x264 ../../../../../..//binary/armv7a/gcc/am335x/beaglebone/platform/Debug/libplatform.a(uartConsole.o)
 .debug_info    0x00000000000029d6       0x65 ../../../../../..//binary/armv7a/gcc/am335x/beaglebone/platform/Debug/libplatform.a(uart.o)
 .debug_info    0x0000000000002a3b       0x26 ../../../../../..//binary/armv7a/gcc/am335x/system_config/Debug/libsystem_config.a(init.o)
 .debug_info    0x0000000000002a61      0x460 ../../../../../..//binary/armv7a/gcc/am335x/system_config/Debug/libsystem_config.a(interrupt.o)
 .debug_info    0x0000000000002ec1      0x101 ../../../../../..//binary/armv7a/gcc/am335x/system_config/Debug/libsystem_config.a(startup.o)
 .debug_info    0x0000000000002fc2       0x26 ../../../../../..//binary/armv7a/gcc/am335x/system_config/Debug/libsystem_config.a(cp15.o)
 .debug_info    0x0000000000002fe8       0xcc ../../../../../..//binary/armv7a/gcc/am335x/system_config/Debug/libsystem_config.a(cpu.o)
 .debug_info    0x00000000000030b4       0x26 ../../../../../..//binary/armv7a/gcc/am335x/system_config/Debug/libsystem_config.a(exceptionhandler.o)
 .debug_info    0x00000000000030da     0x1524 ../../../../../..//binary/armv7a/gcc/am335x/drivers/Debug/libdrivers.a(uart_irda_cir.o)

.debug_abbrev   0x0000000000000000      0xb97
 .debug_abbrev  0x0000000000000000      0x10b Debug/adcVoltMeasure.o
 .debug_abbrev  0x000000000000010b       0xf7 ../../../../../..//binary/armv7a/gcc/am335x/drivers/Debug/libdrivers.a(tsc_adc.o)
 .debug_abbrev  0x0000000000000202      0x297 ../../../../../..//binary/armv7a/gcc/utils/Debug/libutils.a(consoleUtils.o)
 .debug_abbrev  0x0000000000000499      0x1a2 ../../../../../..//binary/armv7a/gcc/utils/Debug/libutils.a(uartStdio.o)
 .debug_abbrev  0x000000000000063b       0x51 ../../../../../..//binary/armv7a/gcc/am335x/beaglebone/platform/Debug/libplatform.a(tscAdc.o)
 .debug_abbrev  0x000000000000068c       0xb8 ../../../../../..//binary/armv7a/gcc/am335x/beaglebone/platform/Debug/libplatform.a(uartConsole.o)
 .debug_abbrev  0x0000000000000744       0x5e ../../../../../..//binary/armv7a/gcc/am335x/beaglebone/platform/Debug/libplatform.a(uart.o)
 .debug_abbrev  0x00000000000007a2       0x14 ../../../../../..//binary/armv7a/gcc/am335x/system_config/Debug/libsystem_config.a(init.o)
 .debug_abbrev  0x00000000000007b6      0x174 ../../../../../..//binary/armv7a/gcc/am335x/system_config/Debug/libsystem_config.a(interrupt.o)
 .debug_abbrev  0x000000000000092a       0xc0 ../../../../../..//binary/armv7a/gcc/am335x/system_config/Debug/libsystem_config.a(startup.o)
 .debug_abbrev  0x00000000000009ea       0x14 ../../../../../..//binary/armv7a/gcc/am335x/system_config/Debug/libsystem_config.a(cp15.o)
 .debug_abbrev  0x00000000000009fe       0x62 ../../../../../..//binary/armv7a/gcc/am335x/system_config/Debug/libsystem_config.a(cpu.o)
 .debug_abbrev  0x0000000000000a60       0x14 ../../../../../..//binary/armv7a/gcc/am335x/system_config/Debug/libsystem_config.a(exceptionhandler.o)
 .debug_abbrev  0x0000000000000a74      0x123 ../../../../../..//binary/armv7a/gcc/am335x/drivers/Debug/libdrivers.a(uart_irda_cir.o)

.debug_aranges  0x0000000000000000      0x7f8
 .debug_aranges
                0x0000000000000000       0x48 Debug/adcVoltMeasure.o
 .debug_aranges
                0x0000000000000048      0x1e0 ../../../../../..//binary/armv7a/gcc/am335x/drivers/Debug/libdrivers.a(tsc_adc.o)
 .debug_aranges
                0x0000000000000228       0x58 ../../../../../..//binary/armv7a/gcc/utils/Debug/libutils.a(consoleUtils.o)
 .debug_aranges
                0x0000000000000280       0x88 ../../../../../..//binary/armv7a/gcc/utils/Debug/libutils.a(uartStdio.o)
 .debug_aranges
                0x0000000000000308       0x28 ../../../../../..//binary/armv7a/gcc/am335x/beaglebone/platform/Debug/libplatform.a(tscAdc.o)
 .debug_aranges
                0x0000000000000330       0x48 ../../../../../..//binary/armv7a/gcc/am335x/beaglebone/platform/Debug/libplatform.a(uartConsole.o)
 .debug_aranges
                0x0000000000000378       0x28 ../../../../../..//binary/armv7a/gcc/am335x/beaglebone/platform/Debug/libplatform.a(uart.o)
 .debug_aranges
                0x00000000000003a0       0x20 ../../../../../..//binary/armv7a/gcc/am335x/system_config/Debug/libsystem_config.a(init.o)
 .debug_aranges
                0x00000000000003c0      0x110 ../../../../../..//binary/armv7a/gcc/am335x/system_config/Debug/libsystem_config.a(interrupt.o)
 .debug_aranges
                0x00000000000004d0       0x28 ../../../../../..//binary/armv7a/gcc/am335x/system_config/Debug/libsystem_config.a(startup.o)
 .debug_aranges
                0x00000000000004f8       0x20 ../../../../../..//binary/armv7a/gcc/am335x/system_config/Debug/libsystem_config.a(cp15.o)
 .debug_aranges
                0x0000000000000518       0x58 ../../../../../..//binary/armv7a/gcc/am335x/system_config/Debug/libsystem_config.a(cpu.o)
 .debug_aranges
                0x0000000000000570       0x20 ../../../../../..//binary/armv7a/gcc/am335x/system_config/Debug/libsystem_config.a(exceptionhandler.o)
 .debug_aranges
                0x0000000000000590      0x268 ../../../../../..//binary/armv7a/gcc/am335x/drivers/Debug/libdrivers.a(uart_irda_cir.o)

.debug_ranges   0x0000000000000000      0x6e8
 .debug_ranges  0x0000000000000000       0x38 Debug/adcVoltMeasure.o
 .debug_ranges  0x0000000000000038      0x1d0 ../../../../../..//binary/armv7a/gcc/am335x/drivers/Debug/libdrivers.a(tsc_adc.o)
 .debug_ranges  0x0000000000000208       0x48 ../../../../../..//binary/armv7a/gcc/utils/Debug/libutils.a(consoleUtils.o)
 .debug_ranges  0x0000000000000250       0x78 ../../../../../..//binary/armv7a/gcc/utils/Debug/libutils.a(uartStdio.o)
 .debug_ranges  0x00000000000002c8       0x18 ../../../../../..//binary/armv7a/gcc/am335x/beaglebone/platform/Debug/libplatform.a(tscAdc.o)
 .debug_ranges  0x00000000000002e0       0x38 ../../../../../..//binary/armv7a/gcc/am335x/beaglebone/platform/Debug/libplatform.a(uartConsole.o)
 .debug_ranges  0x0000000000000318       0x18 ../../../../../..//binary/armv7a/gcc/am335x/beaglebone/platform/Debug/libplatform.a(uart.o)
 .debug_ranges  0x0000000000000330      0x100 ../../../../../..//binary/armv7a/gcc/am335x/system_config/Debug/libsystem_config.a(interrupt.o)
 .debug_ranges  0x0000000000000430       0x18 ../../../../../..//binary/armv7a/gcc/am335x/system_config/Debug/libsystem_config.a(startup.o)
 .debug_ranges  0x0000000000000448       0x48 ../../../../../..//binary/armv7a/gcc/am335x/system_config/Debug/libsystem_config.a(cpu.o)
 .debug_ranges  0x0000000000000490      0x258 ../../../../../..//binary/armv7a/gcc/am335x/drivers/Debug/libdrivers.a(uart_irda_cir.o)

.debug_line     0x0000000000000000     0x2226
 .debug_line    0x0000000000000000      0x174 Debug/adcVoltMeasure.o
 .debug_line    0x0000000000000174      0x4f3 ../../../../../..//binary/armv7a/gcc/am335x/drivers/Debug/libdrivers.a(tsc_adc.o)
 .debug_line    0x0000000000000667      0x2e3 ../../../../../..//binary/armv7a/gcc/utils/Debug/libutils.a(consoleUtils.o)
 .debug_line    0x000000000000094a      0x61d ../../../../../..//binary/armv7a/gcc/utils/Debug/libutils.a(uartStdio.o)
 .debug_line    0x0000000000000f67      0x174 ../../../../../..//binary/armv7a/gcc/am335x/beaglebone/platform/Debug/libplatform.a(tscAdc.o)
 .debug_line    0x00000000000010db      0x139 ../../../../../..//binary/armv7a/gcc/am335x/beaglebone/platform/Debug/libplatform.a(uartConsole.o)
 .debug_line    0x0000000000001214      0x16a ../../../../../..//binary/armv7a/gcc/am335x/beaglebone/platform/Debug/libplatform.a(uart.o)
 .debug_line    0x000000000000137e       0x95 ../../../../../..//binary/armv7a/gcc/am335x/system_config/Debug/libsystem_config.a(init.o)
 .debug_line    0x0000000000001413      0x2ea ../../../../../..//binary/armv7a/gcc/am335x/system_config/Debug/libsystem_config.a(interrupt.o)
 .debug_line    0x00000000000016fd       0xbf ../../../../../..//binary/armv7a/gcc/am335x/system_config/Debug/libsystem_config.a(startup.o)
 .debug_line    0x00000000000017bc      0x18a ../../../../../..//binary/armv7a/gcc/am335x/system_config/Debug/libsystem_config.a(cp15.o)
 .debug_line    0x0000000000001946       0xde ../../../../../..//binary/armv7a/gcc/am335x/system_config/Debug/libsystem_config.a(cpu.o)
 .debug_line    0x0000000000001a24       0xb9 ../../../../../..//binary/armv7a/gcc/am335x/system_config/Debug/libsystem_config.a(exceptionhandler.o)
 .debug_line    0x0000000000001add      0x749 ../../../../../..//binary/armv7a/gcc/am335x/drivers/Debug/libdrivers.a(uart_irda_cir.o)

.debug_str      0x0000000000000000     0x20f7
 .debug_str     0x0000000000000000      0x471 Debug/adcVoltMeasure.o
                                        0x47e (size before relaxing)
 .debug_str     0x0000000000000471      0x63f ../../../../../..//binary/armv7a/gcc/am335x/drivers/Debug/libdrivers.a(tsc_adc.o)
                                        0x8c3 (size before relaxing)
 .debug_str     0x0000000000000ab0      0x56a ../../../../../..//binary/armv7a/gcc/utils/Debug/libutils.a(consoleUtils.o)
                                        0x724 (size before relaxing)
 .debug_str     0x000000000000101a      0x189 ../../../../../..//binary/armv7a/gcc/utils/Debug/libutils.a(uartStdio.o)
                                        0x34f (size before relaxing)
 .debug_str     0x00000000000011a3       0x88 ../../../../../..//binary/armv7a/gcc/am335x/beaglebone/platform/Debug/libplatform.a(tscAdc.o)
                                        0x188 (size before relaxing)
 .debug_str     0x000000000000122b      0x196 ../../../../../..//binary/armv7a/gcc/am335x/beaglebone/platform/Debug/libplatform.a(uartConsole.o)
                                        0x2fb (size before relaxing)
 .debug_str     0x00000000000013c1       0x3a ../../../../../..//binary/armv7a/gcc/am335x/beaglebone/platform/Debug/libplatform.a(uart.o)
                                        0x18f (size before relaxing)
 .debug_str     0x00000000000013fb       0x90 ../../../../../..//binary/armv7a/gcc/am335x/system_config/Debug/libsystem_config.a(init.o)
 .debug_str     0x000000000000148b      0x362 ../../../../../..//binary/armv7a/gcc/am335x/system_config/Debug/libsystem_config.a(interrupt.o)
                                        0x436 (size before relaxing)
 .debug_str     0x00000000000017ed       0x86 ../../../../../..//binary/armv7a/gcc/am335x/system_config/Debug/libsystem_config.a(startup.o)
                                        0x1d9 (size before relaxing)
 .debug_str     0x0000000000001873       0x30 ../../../../../..//binary/armv7a/gcc/am335x/system_config/Debug/libsystem_config.a(cp15.o)
                                         0x90 (size before relaxing)
 .debug_str     0x00000000000018a3       0x72 ../../../../../..//binary/armv7a/gcc/am335x/system_config/Debug/libsystem_config.a(cpu.o)
                                        0x1d9 (size before relaxing)
 .debug_str     0x0000000000001915       0x43 ../../../../../..//binary/armv7a/gcc/am335x/system_config/Debug/libsystem_config.a(exceptionhandler.o)
                                         0xa3 (size before relaxing)
 .debug_str     0x0000000000001958      0x79f ../../../../../..//binary/armv7a/gcc/am335x/drivers/Debug/libdrivers.a(uart_irda_cir.o)
                                        0x9de (size before relaxing)

.comment        0x0000000000000000       0x7f
 .comment       0x0000000000000000       0x7f Debug/adcVoltMeasure.o
                                         0x80 (size before relaxing)
 .comment       0x000000000000007f       0x80 ../../../../../..//binary/armv7a/gcc/am335x/drivers/Debug/libdrivers.a(tsc_adc.o)
 .comment       0x000000000000007f       0x80 ../../../../../..//binary/armv7a/gcc/utils/Debug/libutils.a(consoleUtils.o)
 .comment       0x000000000000007f       0x80 ../../../../../..//binary/armv7a/gcc/utils/Debug/libutils.a(uartStdio.o)
 .comment       0x000000000000007f       0x80 ../../../../../..//binary/armv7a/gcc/am335x/beaglebone/platform/Debug/libplatform.a(tscAdc.o)
 .comment       0x000000000000007f       0x80 ../../../../../..//binary/armv7a/gcc/am335x/beaglebone/platform/Debug/libplatform.a(uartConsole.o)
 .comment       0x000000000000007f       0x80 ../../../../../..//binary/armv7a/gcc/am335x/beaglebone/platform/Debug/libplatform.a(uart.o)
 .comment       0x000000000000007f       0x80 ../../../../../..//binary/armv7a/gcc/am335x/system_config/Debug/libsystem_config.a(interrupt.o)
 .comment       0x000000000000007f       0x80 ../../../../../..//binary/armv7a/gcc/am335x/system_config/Debug/libsystem_config.a(startup.o)
 .comment       0x000000000000007f       0x80 ../../../../../..//binary/armv7a/gcc/am335x/system_config/Debug/libsystem_config.a(cpu.o)
 .comment       0x000000000000007f       0x80 ../../../../../..//binary/armv7a/gcc/am335x/drivers/Debug/libdrivers.a(uart_irda_cir.o)

.ARM.attributes
                0x0000000000000000       0x39
 .ARM.attributes
                0x0000000000000000       0x37 Debug/adcVoltMeasure.o
 .ARM.attributes
                0x0000000000000037       0x37 ../../../../../..//binary/armv7a/gcc/am335x/drivers/Debug/libdrivers.a(tsc_adc.o)
 .ARM.attributes
                0x000000000000006e       0x37 ../../../../../..//binary/armv7a/gcc/utils/Debug/libutils.a(consoleUtils.o)
 .ARM.attributes
                0x00000000000000a5       0x37 ../../../../../..//binary/armv7a/gcc/utils/Debug/libutils.a(uartStdio.o)
 .ARM.attributes
                0x00000000000000dc       0x37 ../../../../../..//binary/armv7a/gcc/am335x/beaglebone/platform/Debug/libplatform.a(tscAdc.o)
 .ARM.attributes
                0x0000000000000113       0x37 ../../../../../..//binary/armv7a/gcc/am335x/beaglebone/platform/Debug/libplatform.a(uartConsole.o)
 .ARM.attributes
                0x000000000000014a       0x37 ../../../../../..//binary/armv7a/gcc/am335x/beaglebone/platform/Debug/libplatform.a(uart.o)
 .ARM.attributes
                0x0000000000000181       0x29 ../../../../../..//binary/armv7a/gcc/am335x/system_config/Debug/libsystem_config.a(init.o)
 .ARM.attributes
                0x00000000000001aa       0x3b ../../../../../..//binary/armv7a/gcc/am335x/system_config/Debug/libsystem_config.a(interrupt.o)
 .ARM.attributes
                0x00000000000001e5       0x3b ../../../../../..//binary/armv7a/gcc/am335x/system_config/Debug/libsystem_config.a(startup.o)
 .ARM.attributes
                0x0000000000000220       0x29 ../../../../../..//binary/armv7a/gcc/am335x/system_config/Debug/libsystem_config.a(cp15.o)
 .ARM.attributes
                0x0000000000000249       0x3b ../../../../../..//binary/armv7a/gcc/am335x/system_config/Debug/libsystem_config.a(cpu.o)
 .ARM.attributes
                0x0000000000000284       0x29 ../../../../../..//binary/armv7a/gcc/am335x/system_config/Debug/libsystem_config.a(exceptionhandler.o)
 .ARM.attributes
                0x00000000000002ad       0x18 /home/emanuel/Embarcados/Labs/compilador/gcc-arm-none-eabi-7-2018-q2-update/lib/gcc/arm-none-eabi/7.3.1/libgcc.a(_udivsi3.o)
 .ARM.attributes
                0x00000000000002c5       0x18 /home/emanuel/Embarcados/Labs/compilador/gcc-arm-none-eabi-7-2018-q2-update/lib/gcc/arm-none-eabi/7.3.1/libgcc.a(_divsi3.o)
 .ARM.attributes
                0x00000000000002dd       0x18 /home/emanuel/Embarcados/Labs/compilador/gcc-arm-none-eabi-7-2018-q2-update/lib/gcc/arm-none-eabi/7.3.1/libgcc.a(_dvmd_tls.o)
 .ARM.attributes
                0x00000000000002f5       0x37 ../../../../../..//binary/armv7a/gcc/am335x/drivers/Debug/libdrivers.a(uart_irda_cir.o)

.debug_frame    0x0000000000000000     0x1b64
 .debug_frame   0x0000000000000000       0xc4 Debug/adcVoltMeasure.o
 .debug_frame   0x00000000000000c4      0x730 ../../../../../..//binary/armv7a/gcc/am335x/drivers/Debug/libdrivers.a(tsc_adc.o)
 .debug_frame   0x00000000000007f4      0x13c ../../../../../..//binary/armv7a/gcc/utils/Debug/libutils.a(consoleUtils.o)
 .debug_frame   0x0000000000000930      0x1f0 ../../../../../..//binary/armv7a/gcc/utils/Debug/libutils.a(uartStdio.o)
 .debug_frame   0x0000000000000b20       0x54 ../../../../../..//binary/armv7a/gcc/am335x/beaglebone/platform/Debug/libplatform.a(tscAdc.o)
 .debug_frame   0x0000000000000b74       0xcc ../../../../../..//binary/armv7a/gcc/am335x/beaglebone/platform/Debug/libplatform.a(uartConsole.o)
 .debug_frame   0x0000000000000c40       0x54 ../../../../../..//binary/armv7a/gcc/am335x/beaglebone/platform/Debug/libplatform.a(uart.o)
 .debug_frame   0x0000000000000c94      0x3dc ../../../../../..//binary/armv7a/gcc/am335x/system_config/Debug/libsystem_config.a(interrupt.o)
 .debug_frame   0x0000000000001070       0x4c ../../../../../..//binary/armv7a/gcc/am335x/system_config/Debug/libsystem_config.a(startup.o)
 .debug_frame   0x00000000000010bc      0x110 ../../../../../..//binary/armv7a/gcc/am335x/system_config/Debug/libsystem_config.a(cpu.o)
 .debug_frame   0x00000000000011cc       0x20 /home/emanuel/Embarcados/Labs/compilador/gcc-arm-none-eabi-7-2018-q2-update/lib/gcc/arm-none-eabi/7.3.1/libgcc.a(_udivsi3.o)
 .debug_frame   0x00000000000011ec       0x20 /home/emanuel/Embarcados/Labs/compilador/gcc-arm-none-eabi-7-2018-q2-update/lib/gcc/arm-none-eabi/7.3.1/libgcc.a(_divsi3.o)
 .debug_frame   0x000000000000120c      0x958 ../../../../../..//binary/armv7a/gcc/am335x/drivers/Debug/libdrivers.a(uart_irda_cir.o)
